[    3917ms] [INFO] %cDownload the React DevTools for a better development experience: https://react.dev/link/react-devtools font-weight:bold @ http://localhost:3000/_next/static/chunks/b4b53_next_dist_compiled_react-dom_118a5282._.js:14537
[    4056ms] [WARNING] [chat-realtime] noop transport: auth/profile user is not ready @ http://localhost:3000/_next/static/chunks/apps_web_features_chat_realtime_547d524b._.js:592
[    4056ms] [WARNING] [chat-realtime] noop transport: auth/profile user is not ready @ http://localhost:3000/_next/static/chunks/apps_web_features_chat_realtime_547d524b._.js:592
[    4149ms] [WARNING] [chat-realtime] noop transport: auth/profile user is not ready @ http://localhost:3000/_next/static/chunks/apps_web_features_chat_realtime_547d524b._.js:592
[    4149ms] [WARNING] [chat-realtime] noop transport: auth/profile user is not ready @ http://localhost:3000/_next/static/chunks/apps_web_features_chat_realtime_547d524b._.js:592
[    4152ms] [WARNING] [chat-realtime] noop transport: auth/profile user is not ready @ http://localhost:3000/_next/static/chunks/apps_web_features_chat_realtime_547d524b._.js:592
[    4152ms] [WARNING] [chat-realtime] noop transport: auth/profile user is not ready @ http://localhost:3000/_next/static/chunks/apps_web_features_chat_realtime_547d524b._.js:592
[    4155ms] [WARNING] [chat-realtime] noop transport: auth/profile user is not ready @ http://localhost:3000/_next/static/chunks/apps_web_features_chat_realtime_547d524b._.js:592
[    4155ms] [WARNING] [chat-realtime] noop transport: auth/profile user is not ready @ http://localhost:3000/_next/static/chunks/apps_web_features_chat_realtime_547d524b._.js:592
[    4159ms] [WARNING] [chat-realtime] noop transport: auth/profile user is not ready @ http://localhost:3000/_next/static/chunks/apps_web_features_chat_realtime_547d524b._.js:592
[    4159ms] [WARNING] [chat-realtime] noop transport: auth/profile user is not ready @ http://localhost:3000/_next/static/chunks/apps_web_features_chat_realtime_547d524b._.js:592
[    4162ms] [WARNING] [chat-realtime] noop transport: auth/profile user is not ready @ http://localhost:3000/_next/static/chunks/apps_web_features_chat_realtime_547d524b._.js:592
[    4163ms] [WARNING] [chat-realtime] noop transport: auth/profile user is not ready @ http://localhost:3000/_next/static/chunks/apps_web_features_chat_realtime_547d524b._.js:592
[    4167ms] [WARNING] [chat-realtime] noop transport: auth/profile user is not ready @ http://localhost:3000/_next/static/chunks/apps_web_features_chat_realtime_547d524b._.js:592
[    4167ms] [WARNING] [chat-realtime] noop transport: auth/profile user is not ready @ http://localhost:3000/_next/static/chunks/apps_web_features_chat_realtime_547d524b._.js:592
[    4176ms] [WARNING] [chat-realtime] noop transport: auth/profile user is not ready @ http://localhost:3000/_next/static/chunks/apps_web_features_chat_realtime_547d524b._.js:592
[    4176ms] [WARNING] [chat-realtime] noop transport: auth/profile user is not ready @ http://localhost:3000/_next/static/chunks/apps_web_features_chat_realtime_547d524b._.js:592
[    4181ms] [WARNING] [chat-realtime] noop transport: auth/profile user is not ready @ http://localhost:3000/_next/static/chunks/apps_web_features_chat_realtime_547d524b._.js:592
[    4181ms] [WARNING] [chat-realtime] noop transport: auth/profile user is not ready @ http://localhost:3000/_next/static/chunks/apps_web_features_chat_realtime_547d524b._.js:592
[    4184ms] [WARNING] [chat-realtime] noop transport: auth/profile user is not ready @ http://localhost:3000/_next/static/chunks/apps_web_features_chat_realtime_547d524b._.js:592
[    4184ms] [WARNING] [chat-realtime] noop transport: auth/profile user is not ready @ http://localhost:3000/_next/static/chunks/apps_web_features_chat_realtime_547d524b._.js:592
[    4187ms] [WARNING] [chat-realtime] noop transport: auth/profile user is not ready @ http://localhost:3000/_next/static/chunks/apps_web_features_chat_realtime_547d524b._.js:592
[    4187ms] [WARNING] [chat-realtime] noop transport: auth/profile user is not ready @ http://localhost:3000/_next/static/chunks/apps_web_features_chat_realtime_547d524b._.js:592
[    4190ms] [WARNING] [chat-realtime] noop transport: auth/profile user is not ready @ http://localhost:3000/_next/static/chunks/apps_web_features_chat_realtime_547d524b._.js:592
[    4190ms] [WARNING] [chat-realtime] noop transport: auth/profile user is not ready @ http://localhost:3000/_next/static/chunks/apps_web_features_chat_realtime_547d524b._.js:592
[    4192ms] [WARNING] [chat-realtime] noop transport: auth/profile user is not ready @ http://localhost:3000/_next/static/chunks/apps_web_features_chat_realtime_547d524b._.js:592
[    4192ms] [WARNING] [chat-realtime] noop transport: auth/profile user is not ready @ http://localhost:3000/_next/static/chunks/apps_web_features_chat_realtime_547d524b._.js:592
[    4195ms] [WARNING] [chat-realtime] noop transport: auth/profile user is not ready @ http://localhost:3000/_next/static/chunks/apps_web_features_chat_realtime_547d524b._.js:592
[    4195ms] [WARNING] [chat-realtime] noop transport: auth/profile user is not ready @ http://localhost:3000/_next/static/chunks/apps_web_features_chat_realtime_547d524b._.js:592
[    4198ms] [WARNING] [chat-realtime] noop transport: auth/profile user is not ready @ http://localhost:3000/_next/static/chunks/apps_web_features_chat_realtime_547d524b._.js:592
[    4198ms] [WARNING] [chat-realtime] noop transport: auth/profile user is not ready @ http://localhost:3000/_next/static/chunks/apps_web_features_chat_realtime_547d524b._.js:592
[    4200ms] [WARNING] [chat-realtime] noop transport: auth/profile user is not ready @ http://localhost:3000/_next/static/chunks/apps_web_features_chat_realtime_547d524b._.js:592
[    4200ms] [WARNING] [chat-realtime] noop transport: auth/profile user is not ready @ http://localhost:3000/_next/static/chunks/apps_web_features_chat_realtime_547d524b._.js:592
[    4203ms] [WARNING] [chat-realtime] noop transport: auth/profile user is not ready @ http://localhost:3000/_next/static/chunks/apps_web_features_chat_realtime_547d524b._.js:592
[    4203ms] [WARNING] [chat-realtime] noop transport: auth/profile user is not ready @ http://localhost:3000/_next/static/chunks/apps_web_features_chat_realtime_547d524b._.js:592
[    4206ms] [WARNING] [chat-realtime] noop transport: auth/profile user is not ready @ http://localhost:3000/_next/static/chunks/apps_web_features_chat_realtime_547d524b._.js:592
[    4206ms] [WARNING] [chat-realtime] noop transport: auth/profile user is not ready @ http://localhost:3000/_next/static/chunks/apps_web_features_chat_realtime_547d524b._.js:592
[    4210ms] [WARNING] [chat-realtime] noop transport: auth/profile user is not ready @ http://localhost:3000/_next/static/chunks/apps_web_features_chat_realtime_547d524b._.js:592
[    4210ms] [WARNING] [chat-realtime] noop transport: auth/profile user is not ready @ http://localhost:3000/_next/static/chunks/apps_web_features_chat_realtime_547d524b._.js:592
[    4216ms] [WARNING] [chat-realtime] noop transport: auth/profile user is not ready @ http://localhost:3000/_next/static/chunks/apps_web_features_chat_realtime_547d524b._.js:592
[    4216ms] [WARNING] [chat-realtime] noop transport: auth/profile user is not ready @ http://localhost:3000/_next/static/chunks/apps_web_features_chat_realtime_547d524b._.js:592
[    4219ms] [WARNING] [chat-realtime] noop transport: auth/profile user is not ready @ http://localhost:3000/_next/static/chunks/apps_web_features_chat_realtime_547d524b._.js:592
[    4219ms] [WARNING] [chat-realtime] noop transport: auth/profile user is not ready @ http://localhost:3000/_next/static/chunks/apps_web_features_chat_realtime_547d524b._.js:592
[    4221ms] [WARNING] [chat-realtime] noop transport: auth/profile user is not ready @ http://localhost:3000/_next/static/chunks/apps_web_features_chat_realtime_547d524b._.js:592
[    4221ms] [WARNING] [chat-realtime] noop transport: auth/profile user is not ready @ http://localhost:3000/_next/static/chunks/apps_web_features_chat_realtime_547d524b._.js:592
[    4224ms] [WARNING] [chat-realtime] noop transport: auth/profile user is not ready @ http://localhost:3000/_next/static/chunks/apps_web_features_chat_realtime_547d524b._.js:592
[    4224ms] [WARNING] [chat-realtime] noop transport: auth/profile user is not ready @ http://localhost:3000/_next/static/chunks/apps_web_features_chat_realtime_547d524b._.js:592
[    4226ms] [WARNING] [chat-realtime] noop transport: auth/profile user is not ready @ http://localhost:3000/_next/static/chunks/apps_web_features_chat_realtime_547d524b._.js:592
[    4226ms] [WARNING] [chat-realtime] noop transport: auth/profile user is not ready @ http://localhost:3000/_next/static/chunks/apps_web_features_chat_realtime_547d524b._.js:592
[    4228ms] [WARNING] [chat-realtime] noop transport: auth/profile user is not ready @ http://localhost:3000/_next/static/chunks/apps_web_features_chat_realtime_547d524b._.js:592
[    4228ms] [WARNING] [chat-realtime] noop transport: auth/profile user is not ready @ http://localhost:3000/_next/static/chunks/apps_web_features_chat_realtime_547d524b._.js:592
[    4231ms] [WARNING] [chat-realtime] noop transport: auth/profile user is not ready @ http://localhost:3000/_next/static/chunks/apps_web_features_chat_realtime_547d524b._.js:592
[    4231ms] [WARNING] [chat-realtime] noop transport: auth/profile user is not ready @ http://localhost:3000/_next/static/chunks/apps_web_features_chat_realtime_547d524b._.js:592
[    4233ms] [WARNING] [chat-realtime] noop transport: auth/profile user is not ready @ http://localhost:3000/_next/static/chunks/apps_web_features_chat_realtime_547d524b._.js:592
[    4233ms] [WARNING] [chat-realtime] noop transport: auth/profile user is not ready @ http://localhost:3000/_next/static/chunks/apps_web_features_chat_realtime_547d524b._.js:592
[    4235ms] [WARNING] [chat-realtime] noop transport: auth/profile user is not ready @ http://localhost:3000/_next/static/chunks/apps_web_features_chat_realtime_547d524b._.js:592
[    4235ms] [WARNING] [chat-realtime] noop transport: auth/profile user is not ready @ http://localhost:3000/_next/static/chunks/apps_web_features_chat_realtime_547d524b._.js:592
[    4238ms] [WARNING] [chat-realtime] noop transport: auth/profile user is not ready @ http://localhost:3000/_next/static/chunks/apps_web_features_chat_realtime_547d524b._.js:592
[    4238ms] [WARNING] [chat-realtime] noop transport: auth/profile user is not ready @ http://localhost:3000/_next/static/chunks/apps_web_features_chat_realtime_547d524b._.js:592
[    4240ms] [WARNING] [chat-realtime] noop transport: auth/profile user is not ready @ http://localhost:3000/_next/static/chunks/apps_web_features_chat_realtime_547d524b._.js:592
[    4240ms] [WARNING] [chat-realtime] noop transport: auth/profile user is not ready @ http://localhost:3000/_next/static/chunks/apps_web_features_chat_realtime_547d524b._.js:592
[    4243ms] [WARNING] [chat-realtime] noop transport: auth/profile user is not ready @ http://localhost:3000/_next/static/chunks/apps_web_features_chat_realtime_547d524b._.js:592
[    4243ms] [WARNING] [chat-realtime] noop transport: auth/profile user is not ready @ http://localhost:3000/_next/static/chunks/apps_web_features_chat_realtime_547d524b._.js:592
[    4247ms] [WARNING] [chat-realtime] noop transport: auth/profile user is not ready @ http://localhost:3000/_next/static/chunks/apps_web_features_chat_realtime_547d524b._.js:592
[    4247ms] [WARNING] [chat-realtime] noop transport: auth/profile user is not ready @ http://localhost:3000/_next/static/chunks/apps_web_features_chat_realtime_547d524b._.js:592
[    4249ms] [WARNING] [chat-realtime] noop transport: auth/profile user is not ready @ http://localhost:3000/_next/static/chunks/apps_web_features_chat_realtime_547d524b._.js:592
[    4249ms] [WARNING] [chat-realtime] noop transport: auth/profile user is not ready @ http://localhost:3000/_next/static/chunks/apps_web_features_chat_realtime_547d524b._.js:592
[    4252ms] [WARNING] [chat-realtime] noop transport: auth/profile user is not ready @ http://localhost:3000/_next/static/chunks/apps_web_features_chat_realtime_547d524b._.js:592
[    4252ms] [WARNING] [chat-realtime] noop transport: auth/profile user is not ready @ http://localhost:3000/_next/static/chunks/apps_web_features_chat_realtime_547d524b._.js:592
[    4254ms] [WARNING] [chat-realtime] noop transport: auth/profile user is not ready @ http://localhost:3000/_next/static/chunks/apps_web_features_chat_realtime_547d524b._.js:592
[    4254ms] [WARNING] [chat-realtime] noop transport: auth/profile user is not ready @ http://localhost:3000/_next/static/chunks/apps_web_features_chat_realtime_547d524b._.js:592
[    4257ms] [WARNING] [chat-realtime] noop transport: auth/profile user is not ready @ http://localhost:3000/_next/static/chunks/apps_web_features_chat_realtime_547d524b._.js:592
[    4257ms] [WARNING] [chat-realtime] noop transport: auth/profile user is not ready @ http://localhost:3000/_next/static/chunks/apps_web_features_chat_realtime_547d524b._.js:592
[    4259ms] [WARNING] [chat-realtime] noop transport: auth/profile user is not ready @ http://localhost:3000/_next/static/chunks/apps_web_features_chat_realtime_547d524b._.js:592
[    4259ms] [WARNING] [chat-realtime] noop transport: auth/profile user is not ready @ http://localhost:3000/_next/static/chunks/apps_web_features_chat_realtime_547d524b._.js:592
[    4262ms] [LOG] [Fast Refresh] rebuilding @ http://localhost:3000/_next/static/chunks/b4b53_next_dist_client_03dc7489._.js:5956
[    4262ms] [WARNING] [chat-realtime] noop transport: auth/profile user is not ready @ http://localhost:3000/_next/static/chunks/apps_web_features_chat_realtime_547d524b._.js:592
[    4262ms] [WARNING] [chat-realtime] noop transport: auth/profile user is not ready @ http://localhost:3000/_next/static/chunks/apps_web_features_chat_realtime_547d524b._.js:592
[    4264ms] [LOG] [Fast Refresh] done in 107ms @ http://localhost:3000/_next/static/chunks/b4b53_next_dist_client_03dc7489._.js:5816
[    4264ms] [WARNING] [chat-realtime] noop transport: auth/profile user is not ready @ http://localhost:3000/_next/static/chunks/apps_web_features_chat_realtime_547d524b._.js:592
[    4264ms] [WARNING] [chat-realtime] noop transport: auth/profile user is not ready @ http://localhost:3000/_next/static/chunks/apps_web_features_chat_realtime_547d524b._.js:592
[    4268ms] [WARNING] [chat-realtime] noop transport: auth/profile user is not ready @ http://localhost:3000/_next/static/chunks/apps_web_features_chat_realtime_547d524b._.js:592
[    4269ms] [WARNING] [chat-realtime] noop transport: auth/profile user is not ready @ http://localhost:3000/_next/static/chunks/apps_web_features_chat_realtime_547d524b._.js:592
[    4271ms] [WARNING] [chat-realtime] noop transport: auth/profile user is not ready @ http://localhost:3000/_next/static/chunks/apps_web_features_chat_realtime_547d524b._.js:592
[    4271ms] [WARNING] [chat-realtime] noop transport: auth/profile user is not ready @ http://localhost:3000/_next/static/chunks/apps_web_features_chat_realtime_547d524b._.js:592
[    4274ms] [WARNING] [chat-realtime] noop transport: auth/profile user is not ready @ http://localhost:3000/_next/static/chunks/apps_web_features_chat_realtime_547d524b._.js:592
[    4274ms] [WARNING] [chat-realtime] noop transport: auth/profile user is not ready @ http://localhost:3000/_next/static/chunks/apps_web_features_chat_realtime_547d524b._.js:592
[    4276ms] [WARNING] [chat-realtime] noop transport: auth/profile user is not ready @ http://localhost:3000/_next/static/chunks/apps_web_features_chat_realtime_547d524b._.js:592
[    4276ms] [WARNING] [chat-realtime] noop transport: auth/profile user is not ready @ http://localhost:3000/_next/static/chunks/apps_web_features_chat_realtime_547d524b._.js:592
[    4278ms] [WARNING] [chat-realtime] noop transport: auth/profile user is not ready @ http://localhost:3000/_next/static/chunks/apps_web_features_chat_realtime_547d524b._.js:592
[    4278ms] [WARNING] [chat-realtime] noop transport: auth/profile user is not ready @ http://localhost:3000/_next/static/chunks/apps_web_features_chat_realtime_547d524b._.js:592
[    4281ms] [WARNING] [chat-realtime] noop transport: auth/profile user is not ready @ http://localhost:3000/_next/static/chunks/apps_web_features_chat_realtime_547d524b._.js:592
[    4281ms] [WARNING] [chat-realtime] noop transport: auth/profile user is not ready @ http://localhost:3000/_next/static/chunks/apps_web_features_chat_realtime_547d524b._.js:592
[    4283ms] [WARNING] [chat-realtime] noop transport: auth/profile user is not ready @ http://localhost:3000/_next/static/chunks/apps_web_features_chat_realtime_547d524b._.js:592
[    4283ms] [WARNING] [chat-realtime] noop transport: auth/profile user is not ready @ http://localhost:3000/_next/static/chunks/apps_web_features_chat_realtime_547d524b._.js:592
[    4285ms] [WARNING] [chat-realtime] noop transport: auth/profile user is not ready @ http://localhost:3000/_next/static/chunks/apps_web_features_chat_realtime_547d524b._.js:592
[    4285ms] [WARNING] [chat-realtime] noop transport: auth/profile user is not ready @ http://localhost:3000/_next/static/chunks/apps_web_features_chat_realtime_547d524b._.js:592
[    4287ms] [WARNING] [chat-realtime] noop transport: auth/profile user is not ready @ http://localhost:3000/_next/static/chunks/apps_web_features_chat_realtime_547d524b._.js:592
[    4288ms] [WARNING] [chat-realtime] noop transport: auth/profile user is not ready @ http://localhost:3000/_next/static/chunks/apps_web_features_chat_realtime_547d524b._.js:592
[    4290ms] [WARNING] [chat-realtime] noop transport: auth/profile user is not ready @ http://localhost:3000/_next/static/chunks/apps_web_features_chat_realtime_547d524b._.js:592
[    4290ms] [WARNING] [chat-realtime] noop transport: auth/profile user is not ready @ http://localhost:3000/_next/static/chunks/apps_web_features_chat_realtime_547d524b._.js:592
[    4292ms] [WARNING] [chat-realtime] noop transport: auth/profile user is not ready @ http://localhost:3000/_next/static/chunks/apps_web_features_chat_realtime_547d524b._.js:592
[    4292ms] [WARNING] [chat-realtime] noop transport: auth/profile user is not ready @ http://localhost:3000/_next/static/chunks/apps_web_features_chat_realtime_547d524b._.js:592
[    4295ms] [WARNING] [chat-realtime] noop transport: auth/profile user is not ready @ http://localhost:3000/_next/static/chunks/apps_web_features_chat_realtime_547d524b._.js:592
[    4295ms] [WARNING] [chat-realtime] noop transport: auth/profile user is not ready @ http://localhost:3000/_next/static/chunks/apps_web_features_chat_realtime_547d524b._.js:592
[    4297ms] [WARNING] [chat-realtime] noop transport: auth/profile user is not ready @ http://localhost:3000/_next/static/chunks/apps_web_features_chat_realtime_547d524b._.js:592
[    4297ms] [WARNING] [chat-realtime] noop transport: auth/profile user is not ready @ http://localhost:3000/_next/static/chunks/apps_web_features_chat_realtime_547d524b._.js:592
[    4299ms] [WARNING] [chat-realtime] noop transport: auth/profile user is not ready @ http://localhost:3000/_next/static/chunks/apps_web_features_chat_realtime_547d524b._.js:592
[    4299ms] [WARNING] [chat-realtime] noop transport: auth/profile user is not ready @ http://localhost:3000/_next/static/chunks/apps_web_features_chat_realtime_547d524b._.js:592
[    4300ms] [WARNING] [chat-realtime] noop transport: auth/profile user is not ready @ http://localhost:3000/_next/static/chunks/apps_web_features_chat_realtime_547d524b._.js:592
[    4300ms] [WARNING] [chat-realtime] noop transport: auth/profile user is not ready @ http://localhost:3000/_next/static/chunks/apps_web_features_chat_realtime_547d524b._.js:592
[    4301ms] [WARNING] [chat-realtime] noop transport: auth/profile user is not ready @ http://localhost:3000/_next/static/chunks/apps_web_features_chat_realtime_547d524b._.js:592
[    4301ms] [WARNING] [chat-realtime] noop transport: auth/profile user is not ready @ http://localhost:3000/_next/static/chunks/apps_web_features_chat_realtime_547d524b._.js:592
[    4303ms] [WARNING] [chat-realtime] noop transport: auth/profile user is not ready @ http://localhost:3000/_next/static/chunks/apps_web_features_chat_realtime_547d524b._.js:592
[    4303ms] [WARNING] [chat-realtime] noop transport: auth/profile user is not ready @ http://localhost:3000/_next/static/chunks/apps_web_features_chat_realtime_547d524b._.js:592
[    4304ms] [WARNING] [chat-realtime] noop transport: auth/profile user is not ready @ http://localhost:3000/_next/static/chunks/apps_web_features_chat_realtime_547d524b._.js:592
[    4304ms] [WARNING] [chat-realtime] noop transport: auth/profile user is not ready @ http://localhost:3000/_next/static/chunks/apps_web_features_chat_realtime_547d524b._.js:592
[    4304ms] [WARNING] [chat-realtime] noop transport: auth/profile user is not ready @ http://localhost:3000/_next/static/chunks/apps_web_features_chat_realtime_547d524b._.js:592
[    4304ms] [WARNING] [chat-realtime] noop transport: auth/profile user is not ready @ http://localhost:3000/_next/static/chunks/apps_web_features_chat_realtime_547d524b._.js:592
[    4306ms] [WARNING] [chat-realtime] noop transport: auth/profile user is not ready @ http://localhost:3000/_next/static/chunks/apps_web_features_chat_realtime_547d524b._.js:592
[    4306ms] [WARNING] [chat-realtime] noop transport: auth/profile user is not ready @ http://localhost:3000/_next/static/chunks/apps_web_features_chat_realtime_547d524b._.js:592
[    4308ms] [WARNING] [chat-realtime] noop transport: auth/profile user is not ready @ http://localhost:3000/_next/static/chunks/apps_web_features_chat_realtime_547d524b._.js:592
[    4308ms] [WARNING] [chat-realtime] noop transport: auth/profile user is not ready @ http://localhost:3000/_next/static/chunks/apps_web_features_chat_realtime_547d524b._.js:592
[    4308ms] [WARNING] [chat-realtime] noop transport: auth/profile user is not ready @ http://localhost:3000/_next/static/chunks/apps_web_features_chat_realtime_547d524b._.js:592
[    4309ms] [WARNING] [chat-realtime] noop transport: auth/profile user is not ready @ http://localhost:3000/_next/static/chunks/apps_web_features_chat_realtime_547d524b._.js:592
[    4310ms] [WARNING] [chat-realtime] noop transport: auth/profile user is not ready @ http://localhost:3000/_next/static/chunks/apps_web_features_chat_realtime_547d524b._.js:592
[    4310ms] [WARNING] [chat-realtime] noop transport: auth/profile user is not ready @ http://localhost:3000/_next/static/chunks/apps_web_features_chat_realtime_547d524b._.js:592
[    4311ms] [WARNING] [chat-realtime] noop transport: auth/profile user is not ready @ http://localhost:3000/_next/static/chunks/apps_web_features_chat_realtime_547d524b._.js:592
[    4311ms] [WARNING] [chat-realtime] noop transport: auth/profile user is not ready @ http://localhost:3000/_next/static/chunks/apps_web_features_chat_realtime_547d524b._.js:592
[    4312ms] [WARNING] [chat-realtime] noop transport: auth/profile user is not ready @ http://localhost:3000/_next/static/chunks/apps_web_features_chat_realtime_547d524b._.js:592
[    4312ms] [WARNING] [chat-realtime] noop transport: auth/profile user is not ready @ http://localhost:3000/_next/static/chunks/apps_web_features_chat_realtime_547d524b._.js:592
[    4313ms] [WARNING] [chat-realtime] noop transport: auth/profile user is not ready @ http://localhost:3000/_next/static/chunks/apps_web_features_chat_realtime_547d524b._.js:592
[    4313ms] [WARNING] [chat-realtime] noop transport: auth/profile user is not ready @ http://localhost:3000/_next/static/chunks/apps_web_features_chat_realtime_547d524b._.js:592
[    4314ms] [WARNING] [chat-realtime] noop transport: auth/profile user is not ready @ http://localhost:3000/_next/static/chunks/apps_web_features_chat_realtime_547d524b._.js:592
[    4314ms] [WARNING] [chat-realtime] noop transport: auth/profile user is not ready @ http://localhost:3000/_next/static/chunks/apps_web_features_chat_realtime_547d524b._.js:592
[    4315ms] [WARNING] [chat-realtime] noop transport: auth/profile user is not ready @ http://localhost:3000/_next/static/chunks/apps_web_features_chat_realtime_547d524b._.js:592
[    4315ms] [WARNING] [chat-realtime] noop transport: auth/profile user is not ready @ http://localhost:3000/_next/static/chunks/apps_web_features_chat_realtime_547d524b._.js:592
[    4320ms] [WARNING] [chat-realtime] noop transport: auth/profile user is not ready @ http://localhost:3000/_next/static/chunks/apps_web_features_chat_realtime_547d524b._.js:592
[    4320ms] [WARNING] [chat-realtime] noop transport: auth/profile user is not ready @ http://localhost:3000/_next/static/chunks/apps_web_features_chat_realtime_547d524b._.js:592
[    4322ms] [WARNING] [chat-realtime] noop transport: auth/profile user is not ready @ http://localhost:3000/_next/static/chunks/apps_web_features_chat_realtime_547d524b._.js:592
[    4322ms] [WARNING] [chat-realtime] noop transport: auth/profile user is not ready @ http://localhost:3000/_next/static/chunks/apps_web_features_chat_realtime_547d524b._.js:592
[    4323ms] [WARNING] [chat-realtime] noop transport: auth/profile user is not ready @ http://localhost:3000/_next/static/chunks/apps_web_features_chat_realtime_547d524b._.js:592
[    4323ms] [WARNING] [chat-realtime] noop transport: auth/profile user is not ready @ http://localhost:3000/_next/static/chunks/apps_web_features_chat_realtime_547d524b._.js:592
[    4324ms] [WARNING] [chat-realtime] noop transport: auth/profile user is not ready @ http://localhost:3000/_next/static/chunks/apps_web_features_chat_realtime_547d524b._.js:592
[    4324ms] [WARNING] [chat-realtime] noop transport: auth/profile user is not ready @ http://localhost:3000/_next/static/chunks/apps_web_features_chat_realtime_547d524b._.js:592
[    4325ms] [WARNING] [chat-realtime] noop transport: auth/profile user is not ready @ http://localhost:3000/_next/static/chunks/apps_web_features_chat_realtime_547d524b._.js:592
[    4325ms] [WARNING] [chat-realtime] noop transport: auth/profile user is not ready @ http://localhost:3000/_next/static/chunks/apps_web_features_chat_realtime_547d524b._.js:592
[    4326ms] [WARNING] [chat-realtime] noop transport: auth/profile user is not ready @ http://localhost:3000/_next/static/chunks/apps_web_features_chat_realtime_547d524b._.js:592
[    4326ms] [WARNING] [chat-realtime] noop transport: auth/profile user is not ready @ http://localhost:3000/_next/static/chunks/apps_web_features_chat_realtime_547d524b._.js:592
[    4327ms] [WARNING] [chat-realtime] noop transport: auth/profile user is not ready @ http://localhost:3000/_next/static/chunks/apps_web_features_chat_realtime_547d524b._.js:592
[    4327ms] [WARNING] [chat-realtime] noop transport: auth/profile user is not ready @ http://localhost:3000/_next/static/chunks/apps_web_features_chat_realtime_547d524b._.js:592
[    4328ms] [WARNING] [chat-realtime] noop transport: auth/profile user is not ready @ http://localhost:3000/_next/static/chunks/apps_web_features_chat_realtime_547d524b._.js:592
[    4328ms] [WARNING] [chat-realtime] noop transport: auth/profile user is not ready @ http://localhost:3000/_next/static/chunks/apps_web_features_chat_realtime_547d524b._.js:592
[    4329ms] [WARNING] [chat-realtime] noop transport: auth/profile user is not ready @ http://localhost:3000/_next/static/chunks/apps_web_features_chat_realtime_547d524b._.js:592
[    4329ms] [WARNING] [chat-realtime] noop transport: auth/profile user is not ready @ http://localhost:3000/_next/static/chunks/apps_web_features_chat_realtime_547d524b._.js:592
[    4330ms] [WARNING] [chat-realtime] noop transport: auth/profile user is not ready @ http://localhost:3000/_next/static/chunks/apps_web_features_chat_realtime_547d524b._.js:592
[    4330ms] [WARNING] [chat-realtime] noop transport: auth/profile user is not ready @ http://localhost:3000/_next/static/chunks/apps_web_features_chat_realtime_547d524b._.js:592
[    4331ms] [WARNING] [chat-realtime] noop transport: auth/profile user is not ready @ http://localhost:3000/_next/static/chunks/apps_web_features_chat_realtime_547d524b._.js:592
[    4331ms] [WARNING] [chat-realtime] noop transport: auth/profile user is not ready @ http://localhost:3000/_next/static/chunks/apps_web_features_chat_realtime_547d524b._.js:592
[    4332ms] [WARNING] [chat-realtime] noop transport: auth/profile user is not ready @ http://localhost:3000/_next/static/chunks/apps_web_features_chat_realtime_547d524b._.js:592
[    4332ms] [WARNING] [chat-realtime] noop transport: auth/profile user is not ready @ http://localhost:3000/_next/static/chunks/apps_web_features_chat_realtime_547d524b._.js:592
[    4333ms] [WARNING] [chat-realtime] noop transport: auth/profile user is not ready @ http://localhost:3000/_next/static/chunks/apps_web_features_chat_realtime_547d524b._.js:592
[    4333ms] [WARNING] [chat-realtime] noop transport: auth/profile user is not ready @ http://localhost:3000/_next/static/chunks/apps_web_features_chat_realtime_547d524b._.js:592
[    4334ms] [WARNING] [chat-realtime] noop transport: auth/profile user is not ready @ http://localhost:3000/_next/static/chunks/apps_web_features_chat_realtime_547d524b._.js:592
[    4334ms] [WARNING] [chat-realtime] noop transport: auth/profile user is not ready @ http://localhost:3000/_next/static/chunks/apps_web_features_chat_realtime_547d524b._.js:592
[    4334ms] [WARNING] [chat-realtime] noop transport: auth/profile user is not ready @ http://localhost:3000/_next/static/chunks/apps_web_features_chat_realtime_547d524b._.js:592
[    4334ms] [WARNING] [chat-realtime] noop transport: auth/profile user is not ready @ http://localhost:3000/_next/static/chunks/apps_web_features_chat_realtime_547d524b._.js:592
[    4336ms] [WARNING] [chat-realtime] noop transport: auth/profile user is not ready @ http://localhost:3000/_next/static/chunks/apps_web_features_chat_realtime_547d524b._.js:592
[    4336ms] [WARNING] [chat-realtime] noop transport: auth/profile user is not ready @ http://localhost:3000/_next/static/chunks/apps_web_features_chat_realtime_547d524b._.js:592
[    4337ms] [WARNING] [chat-realtime] noop transport: auth/profile user is not ready @ http://localhost:3000/_next/static/chunks/apps_web_features_chat_realtime_547d524b._.js:592
[    4337ms] [WARNING] [chat-realtime] noop transport: auth/profile user is not ready @ http://localhost:3000/_next/static/chunks/apps_web_features_chat_realtime_547d524b._.js:592
[    4338ms] [WARNING] [chat-realtime] noop transport: auth/profile user is not ready @ http://localhost:3000/_next/static/chunks/apps_web_features_chat_realtime_547d524b._.js:592
[    4338ms] [WARNING] [chat-realtime] noop transport: auth/profile user is not ready @ http://localhost:3000/_next/static/chunks/apps_web_features_chat_realtime_547d524b._.js:592
[    5544ms] [WARNING] Clerk: Clerk has been loaded with development keys. Development instances have strict usage limits and should not be used when deploying your application to production. Learn more: https://clerk.com/docs/deployments/overview @ https://polite-werewolf-55.clerk.accounts.dev/npm/@clerk/clerk-js@6/dist/clerk.browser.js:11
[    5563ms] [LOG] %c[Vercel Web Analytics]%c Debug mode is enabled by default in development. No requests will be sent to the server. color: rgb(120, 120, 120) color: inherit @ https://va.vercel-scripts.com/v1/script.debug.js:0
[    5563ms] [LOG] %c[Vercel Web Analytics]%c Running queued event color: rgb(120, 120, 120) color: inherit pageview {route: /waitlist, path: /waitlist} @ https://va.vercel-scripts.com/v1/script.debug.js:0
[    5564ms] [LOG] %c[Vercel Web Analytics]%c Running queued event color: rgb(120, 120, 120) color: inherit pageview {route: /waitlist, path: /waitlist} @ https://va.vercel-scripts.com/v1/script.debug.js:0
[    5564ms] [LOG] %c[Vercel Web Analytics]%c [view] http://localhost:3000/waitlist color: rgb(120, 120, 120) color: inherit {o: http://localhost:3000/waitlist, sv: 0.1.3, sdkn: @vercel/analytics/next, sdkv: 1.6.1, ts: 1785116608060} /_vercel/insights/view @ https://va.vercel-scripts.com/v1/script.debug.js:0
[    5564ms] [LOG] %c[Vercel Web Analytics]%c [view] http://localhost:3000/waitlist color: rgb(120, 120, 120) color: inherit {o: http://localhost:3000/waitlist, sv: 0.1.3, sdkn: @vercel/analytics/next, sdkv: 1.6.1, ts: 1785116608060} /_vercel/insights/view @ https://va.vercel-scripts.com/v1/script.debug.js:0
[    5576ms] [LOG] %c[Vercel Speed Insights]%c Debug mode is enabled by default in development. No requests will be sent to the server. color: rgb(120, 120, 120) color: inherit @ https://va.vercel-scripts.com/v1/speed-insights/script.debug.js:0
[   36699ms] [LOG] [Fast Refresh] rebuilding @ http://localhost:3000/_next/static/chunks/b4b53_next_dist_client_03dc7489._.js:5956
[   36728ms] [LOG] [Fast Refresh] done in 13ms @ http://localhost:3000/_next/static/chunks/b4b53_next_dist_client_03dc7489._.js:5816
