[    1392ms] [INFO] %cDownload the React DevTools for a better development experience: https://react.dev/link/react-devtools font-weight:bold @ webpack-internal:///(app-pages-browser)/../../node_modules/.pnpm/next@15.5.18_babel-plugin-react-compiler@1.0.0_react-dom@18.3.1_react@18.3.1__react@18.3.1/node_modules/next/dist/compiled/react-dom/cjs/react-dom-client.development.js:25630
[    1695ms] [WARNING] Clerk: Clerk has been loaded with development keys. Development instances have strict usage limits and should not be used when deploying your application to production. Learn more: https://clerk.com/docs/deployments/overview @ https://polite-werewolf-55.clerk.accounts.dev/npm/@clerk/clerk-js@6/dist/clerk.browser.js:11
[    1890ms] [WARNING] [chat-realtime] noop transport: auth/profile user is not ready @ webpack-internal:///(app-pages-browser)/./features/chat/realtime/ChatRealtimeProvider.tsx:47
[    1890ms] [WARNING] [chat-realtime] noop transport: auth/profile user is not ready @ webpack-internal:///(app-pages-browser)/./features/chat/realtime/ChatRealtimeProvider.tsx:47
[    1895ms] [WARNING] [chat-realtime] noop transport: auth/profile user is not ready @ webpack-internal:///(app-pages-browser)/./features/chat/realtime/ChatRealtimeProvider.tsx:47
[    1895ms] [WARNING] [chat-realtime] noop transport: auth/profile user is not ready @ webpack-internal:///(app-pages-browser)/./features/chat/realtime/ChatRealtimeProvider.tsx:47
[    1976ms] [WARNING] [chat-realtime] noop transport: auth/profile user is not ready @ webpack-internal:///(app-pages-browser)/./features/chat/realtime/ChatRealtimeProvider.tsx:47
[    1977ms] [WARNING] [chat-realtime] noop transport: auth/profile user is not ready @ webpack-internal:///(app-pages-browser)/./features/chat/realtime/ChatRealtimeProvider.tsx:47
[    2086ms] [WARNING] [chat-realtime] noop transport: auth/profile user is not ready @ webpack-internal:///(app-pages-browser)/./features/chat/realtime/ChatRealtimeProvider.tsx:47
[    2086ms] [WARNING] [chat-realtime] noop transport: auth/profile user is not ready @ webpack-internal:///(app-pages-browser)/./features/chat/realtime/ChatRealtimeProvider.tsx:47
[    2110ms] [WARNING] [chat-realtime] noop transport: auth/profile user is not ready @ webpack-internal:///(app-pages-browser)/./features/chat/realtime/ChatRealtimeProvider.tsx:47
[    2110ms] [WARNING] [chat-realtime] noop transport: auth/profile user is not ready @ webpack-internal:///(app-pages-browser)/./features/chat/realtime/ChatRealtimeProvider.tsx:47
[    2114ms] [WARNING] [chat-realtime] noop transport: auth/profile user is not ready @ webpack-internal:///(app-pages-browser)/./features/chat/realtime/ChatRealtimeProvider.tsx:47
[    2114ms] [WARNING] [chat-realtime] noop transport: auth/profile user is not ready @ webpack-internal:///(app-pages-browser)/./features/chat/realtime/ChatRealtimeProvider.tsx:47
[    2124ms] [WARNING] [chat-realtime] noop transport: auth/profile user is not ready @ webpack-internal:///(app-pages-browser)/./features/chat/realtime/ChatRealtimeProvider.tsx:47
[    2124ms] [WARNING] [chat-realtime] noop transport: auth/profile user is not ready @ webpack-internal:///(app-pages-browser)/./features/chat/realtime/ChatRealtimeProvider.tsx:47
[    2489ms] [LOG] %c[Vercel Web Analytics]%c Debug mode is enabled by default in development. No requests will be sent to the server. color: rgb(120, 120, 120) color: inherit @ https://va.vercel-scripts.com/v1/script.debug.js:0
[    2489ms] [LOG] %c[Vercel Web Analytics]%c Running queued event color: rgb(120, 120, 120) color: inherit pageview {route: /films, path: /films} @ https://va.vercel-scripts.com/v1/script.debug.js:0
[    2489ms] [LOG] %c[Vercel Web Analytics]%c Running queued event color: rgb(120, 120, 120) color: inherit pageview {route: /films, path: /films} @ https://va.vercel-scripts.com/v1/script.debug.js:0
[    2490ms] [LOG] %c[Vercel Web Analytics]%c [view] http://localhost:3000/films?view=list color: rgb(120, 120, 120) color: inherit {o: http://localhost:3000/films?view=list, sv: 0.1.3, sdkn: @vercel/analytics/next, sdkv: 1.6.1, ts: 1789410742026} /_vercel/insights/view @ https://va.vercel-scripts.com/v1/script.debug.js:0
[    2490ms] [LOG] %c[Vercel Web Analytics]%c [view] http://localhost:3000/films?view=list color: rgb(120, 120, 120) color: inherit {o: http://localhost:3000/films?view=list, sv: 0.1.3, sdkn: @vercel/analytics/next, sdkv: 1.6.1, ts: 1789410742026} /_vercel/insights/view @ https://va.vercel-scripts.com/v1/script.debug.js:0
[    2490ms] [LOG] %c[Vercel Speed Insights]%c Debug mode is enabled by default in development. No requests will be sent to the server. color: rgb(120, 120, 120) color: inherit @ https://va.vercel-scripts.com/v1/speed-insights/script.debug.js:0
[    3152ms] [WARNING] Image with src "https://image.tmdb.org/t/p/w342/ycSBcACecVR0zSnP2ZF83k5f7he.jpg" was detected as the Largest Contentful Paint (LCP). Please add the "priority" property if this image is above the fold.
Read more: https://nextjs.org/docs/api-reference/next/image#priority @ webpack-internal:///(app-pages-browser)/../../node_modules/.pnpm/next@15.5.18_babel-plugin-react-compiler@1.0.0_react-dom@18.3.1_react@18.3.1__react@18.3.1/node_modules/next/dist/shared/lib/utils/warn-once.js:15
[   68322ms] [LOG] [Fast Refresh] rebuilding @ webpack-internal:///(app-pages-browser)/../../node_modules/.pnpm/next@15.5.18_babel-plugin-react-compiler@1.0.0_react-dom@18.3.1_react@18.3.1__react@18.3.1/node_modules/next/dist/client/dev/hot-reloader/app/hot-reloader-app.js:196
[   69856ms] [LOG] [Fast Refresh] done in 1533ms @ webpack-internal:///(app-pages-browser)/../../node_modules/.pnpm/next@15.5.18_babel-plugin-react-compiler@1.0.0_react-dom@18.3.1_react@18.3.1__react@18.3.1/node_modules/next/dist/client/dev/report-hmr-latency.js:13
[   73980ms] [LOG] [Fast Refresh] rebuilding @ webpack-internal:///(app-pages-browser)/../../node_modules/.pnpm/next@15.5.18_babel-plugin-react-compiler@1.0.0_react-dom@18.3.1_react@18.3.1__react@18.3.1/node_modules/next/dist/client/dev/hot-reloader/app/hot-reloader-app.js:196
[   74682ms] [LOG] [Fast Refresh] done in 701ms @ webpack-internal:///(app-pages-browser)/../../node_modules/.pnpm/next@15.5.18_babel-plugin-react-compiler@1.0.0_react-dom@18.3.1_react@18.3.1__react@18.3.1/node_modules/next/dist/client/dev/report-hmr-latency.js:13
