[    1255ms] [INFO] %cDownload the React DevTools for a better development experience: https://react.dev/link/react-devtools font-weight:bold @ webpack-internal:///(app-pages-browser)/../../node_modules/.pnpm/next@15.5.18_babel-plugin-react-compiler@1.0.0_react-dom@18.3.1_react@18.3.1__react@18.3.1/node_modules/next/dist/compiled/react-dom/cjs/react-dom-client.development.js:25630
[    1616ms] [WARNING] [chat-realtime] noop transport: auth/profile user is not ready @ webpack-internal:///(app-pages-browser)/./features/chat/realtime/ChatRealtimeProvider.tsx:47
[    1616ms] [WARNING] [chat-realtime] noop transport: auth/profile user is not ready @ webpack-internal:///(app-pages-browser)/./features/chat/realtime/ChatRealtimeProvider.tsx:47
[    1641ms] [WARNING] [chat-realtime] noop transport: auth/profile user is not ready @ webpack-internal:///(app-pages-browser)/./features/chat/realtime/ChatRealtimeProvider.tsx:47
[    1641ms] [WARNING] [chat-realtime] noop transport: auth/profile user is not ready @ webpack-internal:///(app-pages-browser)/./features/chat/realtime/ChatRealtimeProvider.tsx:47
[    1686ms] [WARNING] [chat-realtime] noop transport: auth/profile user is not ready @ webpack-internal:///(app-pages-browser)/./features/chat/realtime/ChatRealtimeProvider.tsx:47
[    1686ms] [WARNING] [chat-realtime] noop transport: auth/profile user is not ready @ webpack-internal:///(app-pages-browser)/./features/chat/realtime/ChatRealtimeProvider.tsx:47
[    1713ms] [WARNING] Clerk: Clerk has been loaded with development keys. Development instances have strict usage limits and should not be used when deploying your application to production. Learn more: https://clerk.com/docs/deployments/overview @ https://polite-werewolf-55.clerk.accounts.dev/npm/@clerk/clerk-js@6/dist/clerk.browser.js:11
[    1716ms] [WARNING] [chat-realtime] noop transport: auth/profile user is not ready @ webpack-internal:///(app-pages-browser)/./features/chat/realtime/ChatRealtimeProvider.tsx:47
[    1716ms] [WARNING] [chat-realtime] noop transport: auth/profile user is not ready @ webpack-internal:///(app-pages-browser)/./features/chat/realtime/ChatRealtimeProvider.tsx:47
[    1746ms] [WARNING] [chat-realtime] noop transport: auth/profile user is not ready @ webpack-internal:///(app-pages-browser)/./features/chat/realtime/ChatRealtimeProvider.tsx:47
[    1746ms] [WARNING] [chat-realtime] noop transport: auth/profile user is not ready @ webpack-internal:///(app-pages-browser)/./features/chat/realtime/ChatRealtimeProvider.tsx:47
[    1770ms] [WARNING] [chat-realtime] noop transport: auth/profile user is not ready @ webpack-internal:///(app-pages-browser)/./features/chat/realtime/ChatRealtimeProvider.tsx:47
[    1770ms] [WARNING] [chat-realtime] noop transport: auth/profile user is not ready @ webpack-internal:///(app-pages-browser)/./features/chat/realtime/ChatRealtimeProvider.tsx:47
[    1777ms] [WARNING] [chat-realtime] noop transport: auth/profile user is not ready @ webpack-internal:///(app-pages-browser)/./features/chat/realtime/ChatRealtimeProvider.tsx:47
[    1777ms] [WARNING] [chat-realtime] noop transport: auth/profile user is not ready @ webpack-internal:///(app-pages-browser)/./features/chat/realtime/ChatRealtimeProvider.tsx:47
[    1782ms] [WARNING] [chat-realtime] noop transport: auth/profile user is not ready @ webpack-internal:///(app-pages-browser)/./features/chat/realtime/ChatRealtimeProvider.tsx:47
[    1782ms] [WARNING] [chat-realtime] noop transport: auth/profile user is not ready @ webpack-internal:///(app-pages-browser)/./features/chat/realtime/ChatRealtimeProvider.tsx:47
[    1787ms] [WARNING] [chat-realtime] noop transport: auth/profile user is not ready @ webpack-internal:///(app-pages-browser)/./features/chat/realtime/ChatRealtimeProvider.tsx:47
[    1787ms] [WARNING] [chat-realtime] noop transport: auth/profile user is not ready @ webpack-internal:///(app-pages-browser)/./features/chat/realtime/ChatRealtimeProvider.tsx:47
[    1792ms] [WARNING] [chat-realtime] noop transport: auth/profile user is not ready @ webpack-internal:///(app-pages-browser)/./features/chat/realtime/ChatRealtimeProvider.tsx:47
[    1792ms] [WARNING] [chat-realtime] noop transport: auth/profile user is not ready @ webpack-internal:///(app-pages-browser)/./features/chat/realtime/ChatRealtimeProvider.tsx:47
[    1800ms] [WARNING] [chat-realtime] noop transport: auth/profile user is not ready @ webpack-internal:///(app-pages-browser)/./features/chat/realtime/ChatRealtimeProvider.tsx:47
[    1800ms] [WARNING] [chat-realtime] noop transport: auth/profile user is not ready @ webpack-internal:///(app-pages-browser)/./features/chat/realtime/ChatRealtimeProvider.tsx:47
[    1806ms] [WARNING] [chat-realtime] noop transport: auth/profile user is not ready @ webpack-internal:///(app-pages-browser)/./features/chat/realtime/ChatRealtimeProvider.tsx:47
[    1806ms] [WARNING] [chat-realtime] noop transport: auth/profile user is not ready @ webpack-internal:///(app-pages-browser)/./features/chat/realtime/ChatRealtimeProvider.tsx:47
[    1812ms] [WARNING] [chat-realtime] noop transport: auth/profile user is not ready @ webpack-internal:///(app-pages-browser)/./features/chat/realtime/ChatRealtimeProvider.tsx:47
[    1812ms] [WARNING] [chat-realtime] noop transport: auth/profile user is not ready @ webpack-internal:///(app-pages-browser)/./features/chat/realtime/ChatRealtimeProvider.tsx:47
[    2113ms] [LOG] %c[Vercel Web Analytics]%c Debug mode is enabled by default in development. No requests will be sent to the server. color: rgb(120, 120, 120) color: inherit @ https://va.vercel-scripts.com/v1/script.debug.js:0
[    2113ms] [LOG] %c[Vercel Web Analytics]%c Running queued event color: rgb(120, 120, 120) color: inherit pageview {route: /films, path: /films} @ https://va.vercel-scripts.com/v1/script.debug.js:0
[    2114ms] [LOG] %c[Vercel Web Analytics]%c Running queued event color: rgb(120, 120, 120) color: inherit pageview {route: /films, path: /films} @ https://va.vercel-scripts.com/v1/script.debug.js:0
[    2114ms] [LOG] %c[Vercel Web Analytics]%c [view] http://localhost:3000/films color: rgb(120, 120, 120) color: inherit {o: http://localhost:3000/films, sv: 0.1.3, sdkn: @vercel/analytics/next, sdkv: 1.6.1, ts: 1789404048607} /_vercel/insights/view @ https://va.vercel-scripts.com/v1/script.debug.js:0
[    2114ms] [LOG] %c[Vercel Web Analytics]%c [view] http://localhost:3000/films color: rgb(120, 120, 120) color: inherit {o: http://localhost:3000/films, sv: 0.1.3, sdkn: @vercel/analytics/next, sdkv: 1.6.1, ts: 1789404048607} /_vercel/insights/view @ https://va.vercel-scripts.com/v1/script.debug.js:0
[    2114ms] [LOG] %c[Vercel Speed Insights]%c Debug mode is enabled by default in development. No requests will be sent to the server. color: rgb(120, 120, 120) color: inherit @ https://va.vercel-scripts.com/v1/speed-insights/script.debug.js:0
[    2306ms] [WARNING] Image with src "https://image.tmdb.org/t/p/w342/ycSBcACecVR0zSnP2ZF83k5f7he.jpg" was detected as the Largest Contentful Paint (LCP). Please add the "priority" property if this image is above the fold.
Read more: https://nextjs.org/docs/api-reference/next/image#priority @ webpack-internal:///(app-pages-browser)/../../node_modules/.pnpm/next@15.5.18_babel-plugin-react-compiler@1.0.0_react-dom@18.3.1_react@18.3.1__react@18.3.1/node_modules/next/dist/shared/lib/utils/warn-once.js:15
[   31952ms] [LOG] [Fast Refresh] rebuilding @ webpack-internal:///(app-pages-browser)/../../node_modules/.pnpm/next@15.5.18_babel-plugin-react-compiler@1.0.0_react-dom@18.3.1_react@18.3.1__react@18.3.1/node_modules/next/dist/client/dev/hot-reloader/app/hot-reloader-app.js:196
[   32503ms] [LOG] [Fast Refresh] rebuilding @ webpack-internal:///(app-pages-browser)/../../node_modules/.pnpm/next@15.5.18_babel-plugin-react-compiler@1.0.0_react-dom@18.3.1_react@18.3.1__react@18.3.1/node_modules/next/dist/client/dev/hot-reloader/app/hot-reloader-app.js:196
[   32557ms] [LOG] [Fast Refresh] done in 54ms @ webpack-internal:///(app-pages-browser)/../../node_modules/.pnpm/next@15.5.18_babel-plugin-react-compiler@1.0.0_react-dom@18.3.1_react@18.3.1__react@18.3.1/node_modules/next/dist/client/dev/report-hmr-latency.js:13
[   51632ms] [WARNING] [Fast Refresh] performing full reload

Fast Refresh will perform a full reload when you edit a file that's imported by modules outside of the React rendering tree.
You might have a file which exports a React component but also exports a value that is imported by a non-React component file.
Consider migrating the non-React component export to a separate file and importing it into both files.

It is also possible the parent component of the component you edited is a class component, which disables Fast Refresh.
Fast Refresh requires at least one parent function component in your React tree. @ webpack-internal:///(app-pages-browser)/../../node_modules/.pnpm/next@15.5.18_babel-plugin-react-compiler@1.0.0_react-dom@18.3.1_react@18.3.1__react@18.3.1/node_modules/next/dist/client/dev/hot-reloader/app/hot-reloader-app.js:111
[   52075ms] [INFO] %cDownload the React DevTools for a better development experience: https://react.dev/link/react-devtools font-weight:bold @ webpack-internal:///(app-pages-browser)/../../node_modules/.pnpm/next@15.5.18_babel-plugin-react-compiler@1.0.0_react-dom@18.3.1_react@18.3.1__react@18.3.1/node_modules/next/dist/compiled/react-dom/cjs/react-dom-client.development.js:25630
[   52339ms] [WARNING] Clerk: Clerk has been loaded with development keys. Development instances have strict usage limits and should not be used when deploying your application to production. Learn more: https://clerk.com/docs/deployments/overview @ https://polite-werewolf-55.clerk.accounts.dev/npm/@clerk/clerk-js@6/dist/clerk.browser.js:11
[   52343ms] [WARNING] [chat-realtime] noop transport: auth/profile user is not ready @ webpack-internal:///(app-pages-browser)/./features/chat/realtime/ChatRealtimeProvider.tsx:47
[   52343ms] [WARNING] [chat-realtime] noop transport: auth/profile user is not ready @ webpack-internal:///(app-pages-browser)/./features/chat/realtime/ChatRealtimeProvider.tsx:47
[   52350ms] [WARNING] [chat-realtime] noop transport: auth/profile user is not ready @ webpack-internal:///(app-pages-browser)/./features/chat/realtime/ChatRealtimeProvider.tsx:47
[   52350ms] [WARNING] [chat-realtime] noop transport: auth/profile user is not ready @ webpack-internal:///(app-pages-browser)/./features/chat/realtime/ChatRealtimeProvider.tsx:47
[   52394ms] [WARNING] [chat-realtime] noop transport: auth/profile user is not ready @ webpack-internal:///(app-pages-browser)/./features/chat/realtime/ChatRealtimeProvider.tsx:47
[   52394ms] [WARNING] [chat-realtime] noop transport: auth/profile user is not ready @ webpack-internal:///(app-pages-browser)/./features/chat/realtime/ChatRealtimeProvider.tsx:47
[   52421ms] [WARNING] [chat-realtime] noop transport: auth/profile user is not ready @ webpack-internal:///(app-pages-browser)/./features/chat/realtime/ChatRealtimeProvider.tsx:47
[   52421ms] [WARNING] [chat-realtime] noop transport: auth/profile user is not ready @ webpack-internal:///(app-pages-browser)/./features/chat/realtime/ChatRealtimeProvider.tsx:47
[   52449ms] [LOG] [Fast Refresh] rebuilding @ webpack-internal:///(app-pages-browser)/../../node_modules/.pnpm/next@15.5.18_babel-plugin-react-compiler@1.0.0_react-dom@18.3.1_react@18.3.1__react@18.3.1/node_modules/next/dist/client/dev/hot-reloader/app/hot-reloader-app.js:196
[   52450ms] [WARNING] [chat-realtime] noop transport: auth/profile user is not ready @ webpack-internal:///(app-pages-browser)/./features/chat/realtime/ChatRealtimeProvider.tsx:47
[   52450ms] [WARNING] [chat-realtime] noop transport: auth/profile user is not ready @ webpack-internal:///(app-pages-browser)/./features/chat/realtime/ChatRealtimeProvider.tsx:47
[   52477ms] [WARNING] [chat-realtime] noop transport: auth/profile user is not ready @ webpack-internal:///(app-pages-browser)/./features/chat/realtime/ChatRealtimeProvider.tsx:47
[   52477ms] [WARNING] [chat-realtime] noop transport: auth/profile user is not ready @ webpack-internal:///(app-pages-browser)/./features/chat/realtime/ChatRealtimeProvider.tsx:47
[   52482ms] [WARNING] [chat-realtime] noop transport: auth/profile user is not ready @ webpack-internal:///(app-pages-browser)/./features/chat/realtime/ChatRealtimeProvider.tsx:47
[   52482ms] [WARNING] [chat-realtime] noop transport: auth/profile user is not ready @ webpack-internal:///(app-pages-browser)/./features/chat/realtime/ChatRealtimeProvider.tsx:47
[   52529ms] [WARNING] [chat-realtime] noop transport: auth/profile user is not ready @ webpack-internal:///(app-pages-browser)/./features/chat/realtime/ChatRealtimeProvider.tsx:47
[   52529ms] [WARNING] [chat-realtime] noop transport: auth/profile user is not ready @ webpack-internal:///(app-pages-browser)/./features/chat/realtime/ChatRealtimeProvider.tsx:47
[   52568ms] [LOG] %c[Vercel Web Analytics]%c Debug mode is enabled by default in development. No requests will be sent to the server. color: rgb(120, 120, 120) color: inherit @ https://va.vercel-scripts.com/v1/script.debug.js:0
[   52568ms] [LOG] %c[Vercel Web Analytics]%c Running queued event color: rgb(120, 120, 120) color: inherit pageview {route: /films, path: /films} @ https://va.vercel-scripts.com/v1/script.debug.js:0
[   52568ms] [LOG] %c[Vercel Web Analytics]%c Running queued event color: rgb(120, 120, 120) color: inherit pageview {route: /films, path: /films} @ https://va.vercel-scripts.com/v1/script.debug.js:0
[   52568ms] [LOG] %c[Vercel Web Analytics]%c [view] http://localhost:3000/films color: rgb(120, 120, 120) color: inherit {o: http://localhost:3000/films, sv: 0.1.3, sdkn: @vercel/analytics/next, sdkv: 1.6.1, ts: 1789404099061} /_vercel/insights/view @ https://va.vercel-scripts.com/v1/script.debug.js:0
[   52568ms] [LOG] %c[Vercel Web Analytics]%c [view] http://localhost:3000/films color: rgb(120, 120, 120) color: inherit {o: http://localhost:3000/films, sv: 0.1.3, sdkn: @vercel/analytics/next, sdkv: 1.6.1, ts: 1789404099061} /_vercel/insights/view @ https://va.vercel-scripts.com/v1/script.debug.js:0
[   52568ms] [LOG] %c[Vercel Speed Insights]%c Debug mode is enabled by default in development. No requests will be sent to the server. color: rgb(120, 120, 120) color: inherit @ https://va.vercel-scripts.com/v1/speed-insights/script.debug.js:0
[   53219ms] [WARNING] Image with src "https://image.tmdb.org/t/p/w342/bjiS5ipwxb9JFy3XRRN4OAilSeX.jpg" was detected as the Largest Contentful Paint (LCP). Please add the "priority" property if this image is above the fold.
Read more: https://nextjs.org/docs/api-reference/next/image#priority @ webpack-internal:///(app-pages-browser)/../../node_modules/.pnpm/next@15.5.18_babel-plugin-react-compiler@1.0.0_react-dom@18.3.1_react@18.3.1__react@18.3.1/node_modules/next/dist/shared/lib/utils/warn-once.js:15
[   53442ms] [LOG] [Fast Refresh] done in 993ms @ webpack-internal:///(app-pages-browser)/../../node_modules/.pnpm/next@15.5.18_babel-plugin-react-compiler@1.0.0_react-dom@18.3.1_react@18.3.1__react@18.3.1/node_modules/next/dist/client/dev/report-hmr-latency.js:13
