[    1364ms] [INFO] %cDownload the React DevTools for a better development experience: https://react.dev/link/react-devtools font-weight:bold @ webpack-internal:///(app-pages-browser)/../../node_modules/.pnpm/next@15.5.18_babel-plugin-react-compiler@1.0.0_react-dom@18.3.1_react@18.3.1__react@18.3.1/node_modules/next/dist/compiled/react-dom/cjs/react-dom-client.development.js:25630
[    1731ms] [WARNING] [chat-realtime] noop transport: auth/profile user is not ready @ webpack-internal:///(app-pages-browser)/./features/chat/realtime/ChatRealtimeProvider.tsx:47
[    1731ms] [WARNING] [chat-realtime] noop transport: auth/profile user is not ready @ webpack-internal:///(app-pages-browser)/./features/chat/realtime/ChatRealtimeProvider.tsx:47
[    1754ms] [WARNING] [chat-realtime] noop transport: auth/profile user is not ready @ webpack-internal:///(app-pages-browser)/./features/chat/realtime/ChatRealtimeProvider.tsx:47
[    1755ms] [WARNING] [chat-realtime] noop transport: auth/profile user is not ready @ webpack-internal:///(app-pages-browser)/./features/chat/realtime/ChatRealtimeProvider.tsx:47
[    1800ms] [WARNING] [chat-realtime] noop transport: auth/profile user is not ready @ webpack-internal:///(app-pages-browser)/./features/chat/realtime/ChatRealtimeProvider.tsx:47
[    1800ms] [WARNING] [chat-realtime] noop transport: auth/profile user is not ready @ webpack-internal:///(app-pages-browser)/./features/chat/realtime/ChatRealtimeProvider.tsx:47
[    1825ms] [WARNING] Clerk: Clerk has been loaded with development keys. Development instances have strict usage limits and should not be used when deploying your application to production. Learn more: https://clerk.com/docs/deployments/overview @ https://polite-werewolf-55.clerk.accounts.dev/npm/@clerk/clerk-js@6/dist/clerk.browser.js:11
[    1828ms] [WARNING] [chat-realtime] noop transport: auth/profile user is not ready @ webpack-internal:///(app-pages-browser)/./features/chat/realtime/ChatRealtimeProvider.tsx:47
[    1828ms] [WARNING] [chat-realtime] noop transport: auth/profile user is not ready @ webpack-internal:///(app-pages-browser)/./features/chat/realtime/ChatRealtimeProvider.tsx:47
[    1858ms] [WARNING] [chat-realtime] noop transport: auth/profile user is not ready @ webpack-internal:///(app-pages-browser)/./features/chat/realtime/ChatRealtimeProvider.tsx:47
[    1858ms] [WARNING] [chat-realtime] noop transport: auth/profile user is not ready @ webpack-internal:///(app-pages-browser)/./features/chat/realtime/ChatRealtimeProvider.tsx:47
[    1882ms] [WARNING] [chat-realtime] noop transport: auth/profile user is not ready @ webpack-internal:///(app-pages-browser)/./features/chat/realtime/ChatRealtimeProvider.tsx:47
[    1882ms] [WARNING] [chat-realtime] noop transport: auth/profile user is not ready @ webpack-internal:///(app-pages-browser)/./features/chat/realtime/ChatRealtimeProvider.tsx:47
[    1890ms] [WARNING] [chat-realtime] noop transport: auth/profile user is not ready @ webpack-internal:///(app-pages-browser)/./features/chat/realtime/ChatRealtimeProvider.tsx:47
[    1890ms] [WARNING] [chat-realtime] noop transport: auth/profile user is not ready @ webpack-internal:///(app-pages-browser)/./features/chat/realtime/ChatRealtimeProvider.tsx:47
[    1894ms] [WARNING] [chat-realtime] noop transport: auth/profile user is not ready @ webpack-internal:///(app-pages-browser)/./features/chat/realtime/ChatRealtimeProvider.tsx:47
[    1894ms] [WARNING] [chat-realtime] noop transport: auth/profile user is not ready @ webpack-internal:///(app-pages-browser)/./features/chat/realtime/ChatRealtimeProvider.tsx:47
[    1899ms] [WARNING] [chat-realtime] noop transport: auth/profile user is not ready @ webpack-internal:///(app-pages-browser)/./features/chat/realtime/ChatRealtimeProvider.tsx:47
[    1899ms] [WARNING] [chat-realtime] noop transport: auth/profile user is not ready @ webpack-internal:///(app-pages-browser)/./features/chat/realtime/ChatRealtimeProvider.tsx:47
[    1904ms] [WARNING] [chat-realtime] noop transport: auth/profile user is not ready @ webpack-internal:///(app-pages-browser)/./features/chat/realtime/ChatRealtimeProvider.tsx:47
[    1904ms] [WARNING] [chat-realtime] noop transport: auth/profile user is not ready @ webpack-internal:///(app-pages-browser)/./features/chat/realtime/ChatRealtimeProvider.tsx:47
[    1910ms] [WARNING] [chat-realtime] noop transport: auth/profile user is not ready @ webpack-internal:///(app-pages-browser)/./features/chat/realtime/ChatRealtimeProvider.tsx:47
[    1910ms] [WARNING] [chat-realtime] noop transport: auth/profile user is not ready @ webpack-internal:///(app-pages-browser)/./features/chat/realtime/ChatRealtimeProvider.tsx:47
[    1916ms] [WARNING] [chat-realtime] noop transport: auth/profile user is not ready @ webpack-internal:///(app-pages-browser)/./features/chat/realtime/ChatRealtimeProvider.tsx:47
[    1916ms] [WARNING] [chat-realtime] noop transport: auth/profile user is not ready @ webpack-internal:///(app-pages-browser)/./features/chat/realtime/ChatRealtimeProvider.tsx:47
[    1920ms] [WARNING] [chat-realtime] noop transport: auth/profile user is not ready @ webpack-internal:///(app-pages-browser)/./features/chat/realtime/ChatRealtimeProvider.tsx:47
[    1920ms] [WARNING] [chat-realtime] noop transport: auth/profile user is not ready @ webpack-internal:///(app-pages-browser)/./features/chat/realtime/ChatRealtimeProvider.tsx:47
[    1925ms] [WARNING] [chat-realtime] noop transport: auth/profile user is not ready @ webpack-internal:///(app-pages-browser)/./features/chat/realtime/ChatRealtimeProvider.tsx:47
[    1925ms] [WARNING] [chat-realtime] noop transport: auth/profile user is not ready @ webpack-internal:///(app-pages-browser)/./features/chat/realtime/ChatRealtimeProvider.tsx:47
[    2144ms] [LOG] %c[Vercel Web Analytics]%c Debug mode is enabled by default in development. No requests will be sent to the server. color: rgb(120, 120, 120) color: inherit @ https://va.vercel-scripts.com/v1/script.debug.js:0
[    2145ms] [LOG] %c[Vercel Web Analytics]%c Running queued event color: rgb(120, 120, 120) color: inherit pageview {route: /films, path: /films} @ https://va.vercel-scripts.com/v1/script.debug.js:0
[    2145ms] [LOG] %c[Vercel Web Analytics]%c Running queued event color: rgb(120, 120, 120) color: inherit pageview {route: /films, path: /films} @ https://va.vercel-scripts.com/v1/script.debug.js:0
[    2145ms] [LOG] %c[Vercel Web Analytics]%c [view] http://localhost:3000/films color: rgb(120, 120, 120) color: inherit {o: http://localhost:3000/films, sv: 0.1.3, sdkn: @vercel/analytics/next, sdkv: 1.6.1, ts: 1789404007239} /_vercel/insights/view @ https://va.vercel-scripts.com/v1/script.debug.js:0
[    2145ms] [LOG] %c[Vercel Web Analytics]%c [view] http://localhost:3000/films color: rgb(120, 120, 120) color: inherit {o: http://localhost:3000/films, sv: 0.1.3, sdkn: @vercel/analytics/next, sdkv: 1.6.1, ts: 1789404007239} /_vercel/insights/view @ https://va.vercel-scripts.com/v1/script.debug.js:0
[    2150ms] [LOG] %c[Vercel Speed Insights]%c Debug mode is enabled by default in development. No requests will be sent to the server. color: rgb(120, 120, 120) color: inherit @ https://va.vercel-scripts.com/v1/speed-insights/script.debug.js:0
[   34896ms] [LOG] [Fast Refresh] rebuilding @ webpack-internal:///(app-pages-browser)/../../node_modules/.pnpm/next@15.5.18_babel-plugin-react-compiler@1.0.0_react-dom@18.3.1_react@18.3.1__react@18.3.1/node_modules/next/dist/client/dev/hot-reloader/app/hot-reloader-app.js:196
[   35525ms] [LOG] [Fast Refresh] done in 630ms @ webpack-internal:///(app-pages-browser)/../../node_modules/.pnpm/next@15.5.18_babel-plugin-react-compiler@1.0.0_react-dom@18.3.1_react@18.3.1__react@18.3.1/node_modules/next/dist/client/dev/report-hmr-latency.js:13
