[    2355ms] [INFO] %cDownload the React DevTools for a better development experience: https://react.dev/link/react-devtools font-weight:bold @ webpack-internal:///(app-pages-browser)/../../node_modules/.pnpm/next@15.5.18_babel-plugin-react-compiler@1.0.0_react-dom@18.3.1_react@18.3.1__react@18.3.1/node_modules/next/dist/compiled/react-dom/cjs/react-dom-client.development.js:25630
[    2698ms] [WARNING] [chat-realtime] noop transport: auth/profile user is not ready @ webpack-internal:///(app-pages-browser)/./features/chat/realtime/ChatRealtimeProvider.tsx:47
[    2698ms] [WARNING] [chat-realtime] noop transport: auth/profile user is not ready @ webpack-internal:///(app-pages-browser)/./features/chat/realtime/ChatRealtimeProvider.tsx:47
[    2721ms] [WARNING] [chat-realtime] noop transport: auth/profile user is not ready @ webpack-internal:///(app-pages-browser)/./features/chat/realtime/ChatRealtimeProvider.tsx:47
[    2722ms] [WARNING] [chat-realtime] noop transport: auth/profile user is not ready @ webpack-internal:///(app-pages-browser)/./features/chat/realtime/ChatRealtimeProvider.tsx:47
[    2755ms] [WARNING] [chat-realtime] noop transport: auth/profile user is not ready @ webpack-internal:///(app-pages-browser)/./features/chat/realtime/ChatRealtimeProvider.tsx:47
[    2755ms] [WARNING] [chat-realtime] noop transport: auth/profile user is not ready @ webpack-internal:///(app-pages-browser)/./features/chat/realtime/ChatRealtimeProvider.tsx:47
[    2772ms] [WARNING] [chat-realtime] noop transport: auth/profile user is not ready @ webpack-internal:///(app-pages-browser)/./features/chat/realtime/ChatRealtimeProvider.tsx:47
[    2772ms] [WARNING] [chat-realtime] noop transport: auth/profile user is not ready @ webpack-internal:///(app-pages-browser)/./features/chat/realtime/ChatRealtimeProvider.tsx:47
[    2796ms] [WARNING] Clerk: Clerk has been loaded with development keys. Development instances have strict usage limits and should not be used when deploying your application to production. Learn more: https://clerk.com/docs/deployments/overview @ https://polite-werewolf-55.clerk.accounts.dev/npm/@clerk/clerk-js@6/dist/clerk.browser.js:11
[    2798ms] [WARNING] [chat-realtime] noop transport: auth/profile user is not ready @ webpack-internal:///(app-pages-browser)/./features/chat/realtime/ChatRealtimeProvider.tsx:47
[    2798ms] [WARNING] [chat-realtime] noop transport: auth/profile user is not ready @ webpack-internal:///(app-pages-browser)/./features/chat/realtime/ChatRealtimeProvider.tsx:47
[    2815ms] [WARNING] [chat-realtime] noop transport: auth/profile user is not ready @ webpack-internal:///(app-pages-browser)/./features/chat/realtime/ChatRealtimeProvider.tsx:47
[    2815ms] [WARNING] [chat-realtime] noop transport: auth/profile user is not ready @ webpack-internal:///(app-pages-browser)/./features/chat/realtime/ChatRealtimeProvider.tsx:47
[    2830ms] [WARNING] [chat-realtime] noop transport: auth/profile user is not ready @ webpack-internal:///(app-pages-browser)/./features/chat/realtime/ChatRealtimeProvider.tsx:47
[    2830ms] [WARNING] [chat-realtime] noop transport: auth/profile user is not ready @ webpack-internal:///(app-pages-browser)/./features/chat/realtime/ChatRealtimeProvider.tsx:47
[    2846ms] [WARNING] [chat-realtime] noop transport: auth/profile user is not ready @ webpack-internal:///(app-pages-browser)/./features/chat/realtime/ChatRealtimeProvider.tsx:47
[    2846ms] [WARNING] [chat-realtime] noop transport: auth/profile user is not ready @ webpack-internal:///(app-pages-browser)/./features/chat/realtime/ChatRealtimeProvider.tsx:47
[    2856ms] [WARNING] [chat-realtime] noop transport: auth/profile user is not ready @ webpack-internal:///(app-pages-browser)/./features/chat/realtime/ChatRealtimeProvider.tsx:47
[    2856ms] [WARNING] [chat-realtime] noop transport: auth/profile user is not ready @ webpack-internal:///(app-pages-browser)/./features/chat/realtime/ChatRealtimeProvider.tsx:47
[    2859ms] [WARNING] [chat-realtime] noop transport: auth/profile user is not ready @ webpack-internal:///(app-pages-browser)/./features/chat/realtime/ChatRealtimeProvider.tsx:47
[    2859ms] [WARNING] [chat-realtime] noop transport: auth/profile user is not ready @ webpack-internal:///(app-pages-browser)/./features/chat/realtime/ChatRealtimeProvider.tsx:47
[    2863ms] [WARNING] [chat-realtime] noop transport: auth/profile user is not ready @ webpack-internal:///(app-pages-browser)/./features/chat/realtime/ChatRealtimeProvider.tsx:47
[    2863ms] [WARNING] [chat-realtime] noop transport: auth/profile user is not ready @ webpack-internal:///(app-pages-browser)/./features/chat/realtime/ChatRealtimeProvider.tsx:47
[    2867ms] [WARNING] [chat-realtime] noop transport: auth/profile user is not ready @ webpack-internal:///(app-pages-browser)/./features/chat/realtime/ChatRealtimeProvider.tsx:47
[    2867ms] [WARNING] [chat-realtime] noop transport: auth/profile user is not ready @ webpack-internal:///(app-pages-browser)/./features/chat/realtime/ChatRealtimeProvider.tsx:47
[    2870ms] [WARNING] [chat-realtime] noop transport: auth/profile user is not ready @ webpack-internal:///(app-pages-browser)/./features/chat/realtime/ChatRealtimeProvider.tsx:47
[    2870ms] [WARNING] [chat-realtime] noop transport: auth/profile user is not ready @ webpack-internal:///(app-pages-browser)/./features/chat/realtime/ChatRealtimeProvider.tsx:47
[    2875ms] [WARNING] [chat-realtime] noop transport: auth/profile user is not ready @ webpack-internal:///(app-pages-browser)/./features/chat/realtime/ChatRealtimeProvider.tsx:47
[    2875ms] [WARNING] [chat-realtime] noop transport: auth/profile user is not ready @ webpack-internal:///(app-pages-browser)/./features/chat/realtime/ChatRealtimeProvider.tsx:47
[    2879ms] [WARNING] [chat-realtime] noop transport: auth/profile user is not ready @ webpack-internal:///(app-pages-browser)/./features/chat/realtime/ChatRealtimeProvider.tsx:47
[    2879ms] [WARNING] [chat-realtime] noop transport: auth/profile user is not ready @ webpack-internal:///(app-pages-browser)/./features/chat/realtime/ChatRealtimeProvider.tsx:47
[    2882ms] [WARNING] [chat-realtime] noop transport: auth/profile user is not ready @ webpack-internal:///(app-pages-browser)/./features/chat/realtime/ChatRealtimeProvider.tsx:47
[    2882ms] [WARNING] [chat-realtime] noop transport: auth/profile user is not ready @ webpack-internal:///(app-pages-browser)/./features/chat/realtime/ChatRealtimeProvider.tsx:47
[    2886ms] [WARNING] [chat-realtime] noop transport: auth/profile user is not ready @ webpack-internal:///(app-pages-browser)/./features/chat/realtime/ChatRealtimeProvider.tsx:47
[    2886ms] [WARNING] [chat-realtime] noop transport: auth/profile user is not ready @ webpack-internal:///(app-pages-browser)/./features/chat/realtime/ChatRealtimeProvider.tsx:47
[    2889ms] [WARNING] [chat-realtime] noop transport: auth/profile user is not ready @ webpack-internal:///(app-pages-browser)/./features/chat/realtime/ChatRealtimeProvider.tsx:47
[    2889ms] [WARNING] [chat-realtime] noop transport: auth/profile user is not ready @ webpack-internal:///(app-pages-browser)/./features/chat/realtime/ChatRealtimeProvider.tsx:47
[    2892ms] [WARNING] [chat-realtime] noop transport: auth/profile user is not ready @ webpack-internal:///(app-pages-browser)/./features/chat/realtime/ChatRealtimeProvider.tsx:47
[    2892ms] [WARNING] [chat-realtime] noop transport: auth/profile user is not ready @ webpack-internal:///(app-pages-browser)/./features/chat/realtime/ChatRealtimeProvider.tsx:47
[    2895ms] [WARNING] [chat-realtime] noop transport: auth/profile user is not ready @ webpack-internal:///(app-pages-browser)/./features/chat/realtime/ChatRealtimeProvider.tsx:47
[    2895ms] [WARNING] [chat-realtime] noop transport: auth/profile user is not ready @ webpack-internal:///(app-pages-browser)/./features/chat/realtime/ChatRealtimeProvider.tsx:47
[    2898ms] [WARNING] [chat-realtime] noop transport: auth/profile user is not ready @ webpack-internal:///(app-pages-browser)/./features/chat/realtime/ChatRealtimeProvider.tsx:47
[    2898ms] [WARNING] [chat-realtime] noop transport: auth/profile user is not ready @ webpack-internal:///(app-pages-browser)/./features/chat/realtime/ChatRealtimeProvider.tsx:47
[    2902ms] [WARNING] [chat-realtime] noop transport: auth/profile user is not ready @ webpack-internal:///(app-pages-browser)/./features/chat/realtime/ChatRealtimeProvider.tsx:47
[    2902ms] [WARNING] [chat-realtime] noop transport: auth/profile user is not ready @ webpack-internal:///(app-pages-browser)/./features/chat/realtime/ChatRealtimeProvider.tsx:47
[    3115ms] [LOG] [Fast Refresh] rebuilding @ webpack-internal:///(app-pages-browser)/../../node_modules/.pnpm/next@15.5.18_babel-plugin-react-compiler@1.0.0_react-dom@18.3.1_react@18.3.1__react@18.3.1/node_modules/next/dist/client/dev/hot-reloader/app/hot-reloader-app.js:196
[    3227ms] [LOG] %c[Vercel Web Analytics]%c Debug mode is enabled by default in development. No requests will be sent to the server. color: rgb(120, 120, 120) color: inherit @ https://va.vercel-scripts.com/v1/script.debug.js:0
[    3227ms] [LOG] %c[Vercel Web Analytics]%c Running queued event color: rgb(120, 120, 120) color: inherit pageview {route: /lists, path: /lists} @ https://va.vercel-scripts.com/v1/script.debug.js:0
[    3228ms] [LOG] %c[Vercel Web Analytics]%c Running queued event color: rgb(120, 120, 120) color: inherit pageview {route: /lists, path: /lists} @ https://va.vercel-scripts.com/v1/script.debug.js:0
[    3228ms] [LOG] %c[Vercel Web Analytics]%c [view] http://localhost:3000/lists color: rgb(120, 120, 120) color: inherit {o: http://localhost:3000/lists, sv: 0.1.3, sdkn: @vercel/analytics/next, sdkv: 1.6.1, ts: 1789404140339} /_vercel/insights/view @ https://va.vercel-scripts.com/v1/script.debug.js:0
[    3228ms] [LOG] %c[Vercel Web Analytics]%c [view] http://localhost:3000/lists color: rgb(120, 120, 120) color: inherit {o: http://localhost:3000/lists, sv: 0.1.3, sdkn: @vercel/analytics/next, sdkv: 1.6.1, ts: 1789404140339} /_vercel/insights/view @ https://va.vercel-scripts.com/v1/script.debug.js:0
[    3229ms] [LOG] %c[Vercel Speed Insights]%c Debug mode is enabled by default in development. No requests will be sent to the server. color: rgb(120, 120, 120) color: inherit @ https://va.vercel-scripts.com/v1/speed-insights/script.debug.js:0
[    4700ms] [LOG] [Fast Refresh] done in 1585ms @ webpack-internal:///(app-pages-browser)/../../node_modules/.pnpm/next@15.5.18_babel-plugin-react-compiler@1.0.0_react-dom@18.3.1_react@18.3.1__react@18.3.1/node_modules/next/dist/client/dev/report-hmr-latency.js:13
[   60468ms] [LOG] [Fast Refresh] rebuilding @ webpack-internal:///(app-pages-browser)/../../node_modules/.pnpm/next@15.5.18_babel-plugin-react-compiler@1.0.0_react-dom@18.3.1_react@18.3.1__react@18.3.1/node_modules/next/dist/client/dev/hot-reloader/app/hot-reloader-app.js:196
[   60706ms] [LOG] [Fast Refresh] done in 239ms @ webpack-internal:///(app-pages-browser)/../../node_modules/.pnpm/next@15.5.18_babel-plugin-react-compiler@1.0.0_react-dom@18.3.1_react@18.3.1__react@18.3.1/node_modules/next/dist/client/dev/report-hmr-latency.js:13
[   70641ms] [LOG] [Fast Refresh] rebuilding @ webpack-internal:///(app-pages-browser)/../../node_modules/.pnpm/next@15.5.18_babel-plugin-react-compiler@1.0.0_react-dom@18.3.1_react@18.3.1__react@18.3.1/node_modules/next/dist/client/dev/hot-reloader/app/hot-reloader-app.js:196
[   70976ms] [LOG] [Fast Refresh] done in 335ms @ webpack-internal:///(app-pages-browser)/../../node_modules/.pnpm/next@15.5.18_babel-plugin-react-compiler@1.0.0_react-dom@18.3.1_react@18.3.1__react@18.3.1/node_modules/next/dist/client/dev/report-hmr-latency.js:13
[   76358ms] [LOG] [Fast Refresh] rebuilding @ webpack-internal:///(app-pages-browser)/../../node_modules/.pnpm/next@15.5.18_babel-plugin-react-compiler@1.0.0_react-dom@18.3.1_react@18.3.1__react@18.3.1/node_modules/next/dist/client/dev/hot-reloader/app/hot-reloader-app.js:196
[   76692ms] [LOG] [Fast Refresh] done in 335ms @ webpack-internal:///(app-pages-browser)/../../node_modules/.pnpm/next@15.5.18_babel-plugin-react-compiler@1.0.0_react-dom@18.3.1_react@18.3.1__react@18.3.1/node_modules/next/dist/client/dev/report-hmr-latency.js:13
[   88577ms] [LOG] [Fast Refresh] rebuilding @ webpack-internal:///(app-pages-browser)/../../node_modules/.pnpm/next@15.5.18_babel-plugin-react-compiler@1.0.0_react-dom@18.3.1_react@18.3.1__react@18.3.1/node_modules/next/dist/client/dev/hot-reloader/app/hot-reloader-app.js:196
[   88872ms] [LOG] [Fast Refresh] done in 296ms @ webpack-internal:///(app-pages-browser)/../../node_modules/.pnpm/next@15.5.18_babel-plugin-react-compiler@1.0.0_react-dom@18.3.1_react@18.3.1__react@18.3.1/node_modules/next/dist/client/dev/report-hmr-latency.js:13
[  113935ms] [LOG] [Fast Refresh] rebuilding @ webpack-internal:///(app-pages-browser)/../../node_modules/.pnpm/next@15.5.18_babel-plugin-react-compiler@1.0.0_react-dom@18.3.1_react@18.3.1__react@18.3.1/node_modules/next/dist/client/dev/hot-reloader/app/hot-reloader-app.js:196
[  115580ms] [LOG] [Fast Refresh] done in 1646ms @ webpack-internal:///(app-pages-browser)/../../node_modules/.pnpm/next@15.5.18_babel-plugin-react-compiler@1.0.0_react-dom@18.3.1_react@18.3.1__react@18.3.1/node_modules/next/dist/client/dev/report-hmr-latency.js:13
[  115781ms] [LOG] [Fast Refresh] rebuilding @ webpack-internal:///(app-pages-browser)/../../node_modules/.pnpm/next@15.5.18_babel-plugin-react-compiler@1.0.0_react-dom@18.3.1_react@18.3.1__react@18.3.1/node_modules/next/dist/client/dev/hot-reloader/app/hot-reloader-app.js:196
[  116467ms] [LOG] [Fast Refresh] done in 686ms @ webpack-internal:///(app-pages-browser)/../../node_modules/.pnpm/next@15.5.18_babel-plugin-react-compiler@1.0.0_react-dom@18.3.1_react@18.3.1__react@18.3.1/node_modules/next/dist/client/dev/report-hmr-latency.js:13
[  124994ms] [LOG] [Fast Refresh] rebuilding @ webpack-internal:///(app-pages-browser)/../../node_modules/.pnpm/next@15.5.18_babel-plugin-react-compiler@1.0.0_react-dom@18.3.1_react@18.3.1__react@18.3.1/node_modules/next/dist/client/dev/hot-reloader/app/hot-reloader-app.js:196
[  126706ms] [LOG] [Fast Refresh] done in 1713ms @ webpack-internal:///(app-pages-browser)/../../node_modules/.pnpm/next@15.5.18_babel-plugin-react-compiler@1.0.0_react-dom@18.3.1_react@18.3.1__react@18.3.1/node_modules/next/dist/client/dev/report-hmr-latency.js:13
[  138583ms] [LOG] [Fast Refresh] rebuilding @ webpack-internal:///(app-pages-browser)/../../node_modules/.pnpm/next@15.5.18_babel-plugin-react-compiler@1.0.0_react-dom@18.3.1_react@18.3.1__react@18.3.1/node_modules/next/dist/client/dev/hot-reloader/app/hot-reloader-app.js:196
[  139422ms] [LOG] [Fast Refresh] done in 839ms @ webpack-internal:///(app-pages-browser)/../../node_modules/.pnpm/next@15.5.18_babel-plugin-react-compiler@1.0.0_react-dom@18.3.1_react@18.3.1__react@18.3.1/node_modules/next/dist/client/dev/report-hmr-latency.js:13
[  176565ms] [LOG] [Fast Refresh] rebuilding @ webpack-internal:///(app-pages-browser)/../../node_modules/.pnpm/next@15.5.18_babel-plugin-react-compiler@1.0.0_react-dom@18.3.1_react@18.3.1__react@18.3.1/node_modules/next/dist/client/dev/hot-reloader/app/hot-reloader-app.js:196
[  177205ms] [LOG] [Fast Refresh] done in 639ms @ webpack-internal:///(app-pages-browser)/../../node_modules/.pnpm/next@15.5.18_babel-plugin-react-compiler@1.0.0_react-dom@18.3.1_react@18.3.1__react@18.3.1/node_modules/next/dist/client/dev/report-hmr-latency.js:13
[  182564ms] [LOG] [Fast Refresh] rebuilding @ webpack-internal:///(app-pages-browser)/../../node_modules/.pnpm/next@15.5.18_babel-plugin-react-compiler@1.0.0_react-dom@18.3.1_react@18.3.1__react@18.3.1/node_modules/next/dist/client/dev/hot-reloader/app/hot-reloader-app.js:196
[  183126ms] [LOG] [Fast Refresh] done in 562ms @ webpack-internal:///(app-pages-browser)/../../node_modules/.pnpm/next@15.5.18_babel-plugin-react-compiler@1.0.0_react-dom@18.3.1_react@18.3.1__react@18.3.1/node_modules/next/dist/client/dev/report-hmr-latency.js:13
[  185789ms] [LOG] [Fast Refresh] rebuilding @ webpack-internal:///(app-pages-browser)/../../node_modules/.pnpm/next@15.5.18_babel-plugin-react-compiler@1.0.0_react-dom@18.3.1_react@18.3.1__react@18.3.1/node_modules/next/dist/client/dev/hot-reloader/app/hot-reloader-app.js:196
[  186687ms] [LOG] [Fast Refresh] done in 898ms @ webpack-internal:///(app-pages-browser)/../../node_modules/.pnpm/next@15.5.18_babel-plugin-react-compiler@1.0.0_react-dom@18.3.1_react@18.3.1__react@18.3.1/node_modules/next/dist/client/dev/report-hmr-latency.js:13
[  190084ms] [LOG] [Fast Refresh] rebuilding @ webpack-internal:///(app-pages-browser)/../../node_modules/.pnpm/next@15.5.18_babel-plugin-react-compiler@1.0.0_react-dom@18.3.1_react@18.3.1__react@18.3.1/node_modules/next/dist/client/dev/hot-reloader/app/hot-reloader-app.js:196
[  190549ms] [LOG] [Fast Refresh] done in 465ms @ webpack-internal:///(app-pages-browser)/../../node_modules/.pnpm/next@15.5.18_babel-plugin-react-compiler@1.0.0_react-dom@18.3.1_react@18.3.1__react@18.3.1/node_modules/next/dist/client/dev/report-hmr-latency.js:13
[  193532ms] [LOG] [Fast Refresh] rebuilding @ webpack-internal:///(app-pages-browser)/../../node_modules/.pnpm/next@15.5.18_babel-plugin-react-compiler@1.0.0_react-dom@18.3.1_react@18.3.1__react@18.3.1/node_modules/next/dist/client/dev/hot-reloader/app/hot-reloader-app.js:196
[  194053ms] [LOG] [Fast Refresh] done in 521ms @ webpack-internal:///(app-pages-browser)/../../node_modules/.pnpm/next@15.5.18_babel-plugin-react-compiler@1.0.0_react-dom@18.3.1_react@18.3.1__react@18.3.1/node_modules/next/dist/client/dev/report-hmr-latency.js:13
[  260894ms] [LOG] [Fast Refresh] rebuilding @ webpack-internal:///(app-pages-browser)/../../node_modules/.pnpm/next@15.5.18_babel-plugin-react-compiler@1.0.0_react-dom@18.3.1_react@18.3.1__react@18.3.1/node_modules/next/dist/client/dev/hot-reloader/app/hot-reloader-app.js:196
[  262498ms] [LOG] [Fast Refresh] done in 1605ms @ webpack-internal:///(app-pages-browser)/../../node_modules/.pnpm/next@15.5.18_babel-plugin-react-compiler@1.0.0_react-dom@18.3.1_react@18.3.1__react@18.3.1/node_modules/next/dist/client/dev/report-hmr-latency.js:13
[  270722ms] [LOG] [Fast Refresh] rebuilding @ webpack-internal:///(app-pages-browser)/../../node_modules/.pnpm/next@15.5.18_babel-plugin-react-compiler@1.0.0_react-dom@18.3.1_react@18.3.1__react@18.3.1/node_modules/next/dist/client/dev/hot-reloader/app/hot-reloader-app.js:196
[  272884ms] [LOG] [Fast Refresh] done in 2162ms @ webpack-internal:///(app-pages-browser)/../../node_modules/.pnpm/next@15.5.18_babel-plugin-react-compiler@1.0.0_react-dom@18.3.1_react@18.3.1__react@18.3.1/node_modules/next/dist/client/dev/report-hmr-latency.js:13
[  330693ms] [LOG] [Fast Refresh] rebuilding @ webpack-internal:///(app-pages-browser)/../../node_modules/.pnpm/next@15.5.18_babel-plugin-react-compiler@1.0.0_react-dom@18.3.1_react@18.3.1__react@18.3.1/node_modules/next/dist/client/dev/hot-reloader/app/hot-reloader-app.js:196
[  331545ms] [LOG] [Fast Refresh] done in 853ms @ webpack-internal:///(app-pages-browser)/../../node_modules/.pnpm/next@15.5.18_babel-plugin-react-compiler@1.0.0_react-dom@18.3.1_react@18.3.1__react@18.3.1/node_modules/next/dist/client/dev/report-hmr-latency.js:13
[  339082ms] [LOG] [Fast Refresh] rebuilding @ webpack-internal:///(app-pages-browser)/../../node_modules/.pnpm/next@15.5.18_babel-plugin-react-compiler@1.0.0_react-dom@18.3.1_react@18.3.1__react@18.3.1/node_modules/next/dist/client/dev/hot-reloader/app/hot-reloader-app.js:196
[  341276ms] [LOG] [Fast Refresh] done in 2194ms @ webpack-internal:///(app-pages-browser)/../../node_modules/.pnpm/next@15.5.18_babel-plugin-react-compiler@1.0.0_react-dom@18.3.1_react@18.3.1__react@18.3.1/node_modules/next/dist/client/dev/report-hmr-latency.js:13
[  348170ms] [LOG] [Fast Refresh] rebuilding @ webpack-internal:///(app-pages-browser)/../../node_modules/.pnpm/next@15.5.18_babel-plugin-react-compiler@1.0.0_react-dom@18.3.1_react@18.3.1__react@18.3.1/node_modules/next/dist/client/dev/hot-reloader/app/hot-reloader-app.js:196
[  352093ms] [LOG] [Fast Refresh] done in 3922ms @ webpack-internal:///(app-pages-browser)/../../node_modules/.pnpm/next@15.5.18_babel-plugin-react-compiler@1.0.0_react-dom@18.3.1_react@18.3.1__react@18.3.1/node_modules/next/dist/client/dev/report-hmr-latency.js:13
[  360772ms] [LOG] [Fast Refresh] rebuilding @ webpack-internal:///(app-pages-browser)/../../node_modules/.pnpm/next@15.5.18_babel-plugin-react-compiler@1.0.0_react-dom@18.3.1_react@18.3.1__react@18.3.1/node_modules/next/dist/client/dev/hot-reloader/app/hot-reloader-app.js:196
[  361776ms] [LOG] [Fast Refresh] done in 1004ms @ webpack-internal:///(app-pages-browser)/../../node_modules/.pnpm/next@15.5.18_babel-plugin-react-compiler@1.0.0_react-dom@18.3.1_react@18.3.1__react@18.3.1/node_modules/next/dist/client/dev/report-hmr-latency.js:13
[  377529ms] [LOG] [Fast Refresh] rebuilding @ webpack-internal:///(app-pages-browser)/../../node_modules/.pnpm/next@15.5.18_babel-plugin-react-compiler@1.0.0_react-dom@18.3.1_react@18.3.1__react@18.3.1/node_modules/next/dist/client/dev/hot-reloader/app/hot-reloader-app.js:196
[  378026ms] [LOG] [Fast Refresh] done in 497ms @ webpack-internal:///(app-pages-browser)/../../node_modules/.pnpm/next@15.5.18_babel-plugin-react-compiler@1.0.0_react-dom@18.3.1_react@18.3.1__react@18.3.1/node_modules/next/dist/client/dev/report-hmr-latency.js:13
[  393346ms] [LOG] [Fast Refresh] rebuilding @ webpack-internal:///(app-pages-browser)/../../node_modules/.pnpm/next@15.5.18_babel-plugin-react-compiler@1.0.0_react-dom@18.3.1_react@18.3.1__react@18.3.1/node_modules/next/dist/client/dev/hot-reloader/app/hot-reloader-app.js:196
[  394327ms] [LOG] [Fast Refresh] done in 980ms @ webpack-internal:///(app-pages-browser)/../../node_modules/.pnpm/next@15.5.18_babel-plugin-react-compiler@1.0.0_react-dom@18.3.1_react@18.3.1__react@18.3.1/node_modules/next/dist/client/dev/report-hmr-latency.js:13
[  415427ms] [LOG] [Fast Refresh] rebuilding @ webpack-internal:///(app-pages-browser)/../../node_modules/.pnpm/next@15.5.18_babel-plugin-react-compiler@1.0.0_react-dom@18.3.1_react@18.3.1__react@18.3.1/node_modules/next/dist/client/dev/hot-reloader/app/hot-reloader-app.js:196
[  416478ms] [LOG] [Fast Refresh] done in 1051ms @ webpack-internal:///(app-pages-browser)/../../node_modules/.pnpm/next@15.5.18_babel-plugin-react-compiler@1.0.0_react-dom@18.3.1_react@18.3.1__react@18.3.1/node_modules/next/dist/client/dev/report-hmr-latency.js:13
