[     114ms] [LOG] [Fast Refresh] rebuilding @ http://localhost:3001/_next/static/chunks/b4b53_next_dist_client_03dc7489._.js:5956
[     261ms] [LOG] [Fast Refresh] done in 248ms @ http://localhost:3001/_next/static/chunks/b4b53_next_dist_client_03dc7489._.js:5816
[     309ms] [INFO] %cDownload the React DevTools for a better development experience: https://react.dev/link/react-devtools font-weight:bold @ http://localhost:3001/_next/static/chunks/b4b53_next_dist_compiled_react-dom_118a5282._.js:14537
[     394ms] [WARNING] [chat-realtime] noop transport: auth/profile user is not ready @ http://localhost:3001/_next/static/chunks/apps_web_features_chat_realtime_547d524b._.js:592
[     394ms] [WARNING] [chat-realtime] noop transport: auth/profile user is not ready @ http://localhost:3001/_next/static/chunks/apps_web_features_chat_realtime_547d524b._.js:592
[     407ms] [WARNING] [chat-realtime] noop transport: auth/profile user is not ready @ http://localhost:3001/_next/static/chunks/apps_web_features_chat_realtime_547d524b._.js:592
[     407ms] [WARNING] [chat-realtime] noop transport: auth/profile user is not ready @ http://localhost:3001/_next/static/chunks/apps_web_features_chat_realtime_547d524b._.js:592
[     411ms] [WARNING] [chat-realtime] noop transport: auth/profile user is not ready @ http://localhost:3001/_next/static/chunks/apps_web_features_chat_realtime_547d524b._.js:592
[     411ms] [WARNING] [chat-realtime] noop transport: auth/profile user is not ready @ http://localhost:3001/_next/static/chunks/apps_web_features_chat_realtime_547d524b._.js:592
[     414ms] [WARNING] [chat-realtime] noop transport: auth/profile user is not ready @ http://localhost:3001/_next/static/chunks/apps_web_features_chat_realtime_547d524b._.js:592
[     414ms] [WARNING] [chat-realtime] noop transport: auth/profile user is not ready @ http://localhost:3001/_next/static/chunks/apps_web_features_chat_realtime_547d524b._.js:592
[     417ms] [WARNING] [chat-realtime] noop transport: auth/profile user is not ready @ http://localhost:3001/_next/static/chunks/apps_web_features_chat_realtime_547d524b._.js:592
[     417ms] [WARNING] [chat-realtime] noop transport: auth/profile user is not ready @ http://localhost:3001/_next/static/chunks/apps_web_features_chat_realtime_547d524b._.js:592
[     421ms] [WARNING] [chat-realtime] noop transport: auth/profile user is not ready @ http://localhost:3001/_next/static/chunks/apps_web_features_chat_realtime_547d524b._.js:592
[     421ms] [WARNING] [chat-realtime] noop transport: auth/profile user is not ready @ http://localhost:3001/_next/static/chunks/apps_web_features_chat_realtime_547d524b._.js:592
[     425ms] [WARNING] [chat-realtime] noop transport: auth/profile user is not ready @ http://localhost:3001/_next/static/chunks/apps_web_features_chat_realtime_547d524b._.js:592
[     425ms] [WARNING] [chat-realtime] noop transport: auth/profile user is not ready @ http://localhost:3001/_next/static/chunks/apps_web_features_chat_realtime_547d524b._.js:592
[     428ms] [WARNING] [chat-realtime] noop transport: auth/profile user is not ready @ http://localhost:3001/_next/static/chunks/apps_web_features_chat_realtime_547d524b._.js:592
[     428ms] [WARNING] [chat-realtime] noop transport: auth/profile user is not ready @ http://localhost:3001/_next/static/chunks/apps_web_features_chat_realtime_547d524b._.js:592
[     431ms] [WARNING] [chat-realtime] noop transport: auth/profile user is not ready @ http://localhost:3001/_next/static/chunks/apps_web_features_chat_realtime_547d524b._.js:592
[     431ms] [WARNING] [chat-realtime] noop transport: auth/profile user is not ready @ http://localhost:3001/_next/static/chunks/apps_web_features_chat_realtime_547d524b._.js:592
[     435ms] [WARNING] [chat-realtime] noop transport: auth/profile user is not ready @ http://localhost:3001/_next/static/chunks/apps_web_features_chat_realtime_547d524b._.js:592
[     435ms] [WARNING] [chat-realtime] noop transport: auth/profile user is not ready @ http://localhost:3001/_next/static/chunks/apps_web_features_chat_realtime_547d524b._.js:592
[     438ms] [WARNING] [chat-realtime] noop transport: auth/profile user is not ready @ http://localhost:3001/_next/static/chunks/apps_web_features_chat_realtime_547d524b._.js:592
[     438ms] [WARNING] [chat-realtime] noop transport: auth/profile user is not ready @ http://localhost:3001/_next/static/chunks/apps_web_features_chat_realtime_547d524b._.js:592
[     440ms] [WARNING] [chat-realtime] noop transport: auth/profile user is not ready @ http://localhost:3001/_next/static/chunks/apps_web_features_chat_realtime_547d524b._.js:592
[     440ms] [WARNING] [chat-realtime] noop transport: auth/profile user is not ready @ http://localhost:3001/_next/static/chunks/apps_web_features_chat_realtime_547d524b._.js:592
[     446ms] [WARNING] [chat-realtime] noop transport: auth/profile user is not ready @ http://localhost:3001/_next/static/chunks/apps_web_features_chat_realtime_547d524b._.js:592
[     446ms] [WARNING] [chat-realtime] noop transport: auth/profile user is not ready @ http://localhost:3001/_next/static/chunks/apps_web_features_chat_realtime_547d524b._.js:592
[     449ms] [WARNING] [chat-realtime] noop transport: auth/profile user is not ready @ http://localhost:3001/_next/static/chunks/apps_web_features_chat_realtime_547d524b._.js:592
[     449ms] [WARNING] [chat-realtime] noop transport: auth/profile user is not ready @ http://localhost:3001/_next/static/chunks/apps_web_features_chat_realtime_547d524b._.js:592
[     455ms] [WARNING] [chat-realtime] noop transport: auth/profile user is not ready @ http://localhost:3001/_next/static/chunks/apps_web_features_chat_realtime_547d524b._.js:592
[     455ms] [WARNING] [chat-realtime] noop transport: auth/profile user is not ready @ http://localhost:3001/_next/static/chunks/apps_web_features_chat_realtime_547d524b._.js:592
[     457ms] [WARNING] [chat-realtime] noop transport: auth/profile user is not ready @ http://localhost:3001/_next/static/chunks/apps_web_features_chat_realtime_547d524b._.js:592
[     457ms] [WARNING] [chat-realtime] noop transport: auth/profile user is not ready @ http://localhost:3001/_next/static/chunks/apps_web_features_chat_realtime_547d524b._.js:592
[     459ms] [WARNING] [chat-realtime] noop transport: auth/profile user is not ready @ http://localhost:3001/_next/static/chunks/apps_web_features_chat_realtime_547d524b._.js:592
[     459ms] [WARNING] [chat-realtime] noop transport: auth/profile user is not ready @ http://localhost:3001/_next/static/chunks/apps_web_features_chat_realtime_547d524b._.js:592
[     460ms] [WARNING] [chat-realtime] noop transport: auth/profile user is not ready @ http://localhost:3001/_next/static/chunks/apps_web_features_chat_realtime_547d524b._.js:592
[     461ms] [WARNING] [chat-realtime] noop transport: auth/profile user is not ready @ http://localhost:3001/_next/static/chunks/apps_web_features_chat_realtime_547d524b._.js:592
[     462ms] [WARNING] [chat-realtime] noop transport: auth/profile user is not ready @ http://localhost:3001/_next/static/chunks/apps_web_features_chat_realtime_547d524b._.js:592
[     462ms] [WARNING] [chat-realtime] noop transport: auth/profile user is not ready @ http://localhost:3001/_next/static/chunks/apps_web_features_chat_realtime_547d524b._.js:592
[     464ms] [WARNING] [chat-realtime] noop transport: auth/profile user is not ready @ http://localhost:3001/_next/static/chunks/apps_web_features_chat_realtime_547d524b._.js:592
[     464ms] [WARNING] [chat-realtime] noop transport: auth/profile user is not ready @ http://localhost:3001/_next/static/chunks/apps_web_features_chat_realtime_547d524b._.js:592
[     466ms] [LOG] [Fast Refresh] rebuilding @ http://localhost:3001/_next/static/chunks/b4b53_next_dist_client_03dc7489._.js:5956
[     466ms] [WARNING] [chat-realtime] noop transport: auth/profile user is not ready @ http://localhost:3001/_next/static/chunks/apps_web_features_chat_realtime_547d524b._.js:592
[     466ms] [WARNING] [chat-realtime] noop transport: auth/profile user is not ready @ http://localhost:3001/_next/static/chunks/apps_web_features_chat_realtime_547d524b._.js:592
[     467ms] [WARNING] [chat-realtime] noop transport: auth/profile user is not ready @ http://localhost:3001/_next/static/chunks/apps_web_features_chat_realtime_547d524b._.js:592
[     467ms] [WARNING] [chat-realtime] noop transport: auth/profile user is not ready @ http://localhost:3001/_next/static/chunks/apps_web_features_chat_realtime_547d524b._.js:592
[     469ms] [WARNING] [chat-realtime] noop transport: auth/profile user is not ready @ http://localhost:3001/_next/static/chunks/apps_web_features_chat_realtime_547d524b._.js:592
[     470ms] [WARNING] [chat-realtime] noop transport: auth/profile user is not ready @ http://localhost:3001/_next/static/chunks/apps_web_features_chat_realtime_547d524b._.js:592
[     472ms] [WARNING] [chat-realtime] noop transport: auth/profile user is not ready @ http://localhost:3001/_next/static/chunks/apps_web_features_chat_realtime_547d524b._.js:592
[     472ms] [WARNING] [chat-realtime] noop transport: auth/profile user is not ready @ http://localhost:3001/_next/static/chunks/apps_web_features_chat_realtime_547d524b._.js:592
[     481ms] [WARNING] [chat-realtime] noop transport: auth/profile user is not ready @ http://localhost:3001/_next/static/chunks/apps_web_features_chat_realtime_547d524b._.js:592
[     481ms] [WARNING] [chat-realtime] noop transport: auth/profile user is not ready @ http://localhost:3001/_next/static/chunks/apps_web_features_chat_realtime_547d524b._.js:592
[     485ms] [WARNING] [chat-realtime] noop transport: auth/profile user is not ready @ http://localhost:3001/_next/static/chunks/apps_web_features_chat_realtime_547d524b._.js:592
[     485ms] [WARNING] [chat-realtime] noop transport: auth/profile user is not ready @ http://localhost:3001/_next/static/chunks/apps_web_features_chat_realtime_547d524b._.js:592
[     487ms] [WARNING] [chat-realtime] noop transport: auth/profile user is not ready @ http://localhost:3001/_next/static/chunks/apps_web_features_chat_realtime_547d524b._.js:592
[     487ms] [WARNING] [chat-realtime] noop transport: auth/profile user is not ready @ http://localhost:3001/_next/static/chunks/apps_web_features_chat_realtime_547d524b._.js:592
[     489ms] [WARNING] [chat-realtime] noop transport: auth/profile user is not ready @ http://localhost:3001/_next/static/chunks/apps_web_features_chat_realtime_547d524b._.js:592
[     489ms] [WARNING] [chat-realtime] noop transport: auth/profile user is not ready @ http://localhost:3001/_next/static/chunks/apps_web_features_chat_realtime_547d524b._.js:592
[     491ms] [WARNING] [chat-realtime] noop transport: auth/profile user is not ready @ http://localhost:3001/_next/static/chunks/apps_web_features_chat_realtime_547d524b._.js:592
[     491ms] [WARNING] [chat-realtime] noop transport: auth/profile user is not ready @ http://localhost:3001/_next/static/chunks/apps_web_features_chat_realtime_547d524b._.js:592
[     493ms] [WARNING] [chat-realtime] noop transport: auth/profile user is not ready @ http://localhost:3001/_next/static/chunks/apps_web_features_chat_realtime_547d524b._.js:592
[     493ms] [WARNING] [chat-realtime] noop transport: auth/profile user is not ready @ http://localhost:3001/_next/static/chunks/apps_web_features_chat_realtime_547d524b._.js:592
[     495ms] [WARNING] [chat-realtime] noop transport: auth/profile user is not ready @ http://localhost:3001/_next/static/chunks/apps_web_features_chat_realtime_547d524b._.js:592
[     495ms] [WARNING] [chat-realtime] noop transport: auth/profile user is not ready @ http://localhost:3001/_next/static/chunks/apps_web_features_chat_realtime_547d524b._.js:592
[     497ms] [WARNING] [chat-realtime] noop transport: auth/profile user is not ready @ http://localhost:3001/_next/static/chunks/apps_web_features_chat_realtime_547d524b._.js:592
[     497ms] [WARNING] [chat-realtime] noop transport: auth/profile user is not ready @ http://localhost:3001/_next/static/chunks/apps_web_features_chat_realtime_547d524b._.js:592
[     499ms] [WARNING] [chat-realtime] noop transport: auth/profile user is not ready @ http://localhost:3001/_next/static/chunks/apps_web_features_chat_realtime_547d524b._.js:592
[     499ms] [WARNING] [chat-realtime] noop transport: auth/profile user is not ready @ http://localhost:3001/_next/static/chunks/apps_web_features_chat_realtime_547d524b._.js:592
[     500ms] [WARNING] [chat-realtime] noop transport: auth/profile user is not ready @ http://localhost:3001/_next/static/chunks/apps_web_features_chat_realtime_547d524b._.js:592
[     500ms] [WARNING] [chat-realtime] noop transport: auth/profile user is not ready @ http://localhost:3001/_next/static/chunks/apps_web_features_chat_realtime_547d524b._.js:592
[     502ms] [WARNING] [chat-realtime] noop transport: auth/profile user is not ready @ http://localhost:3001/_next/static/chunks/apps_web_features_chat_realtime_547d524b._.js:592
[     502ms] [WARNING] [chat-realtime] noop transport: auth/profile user is not ready @ http://localhost:3001/_next/static/chunks/apps_web_features_chat_realtime_547d524b._.js:592
[     505ms] [LOG] [Fast Refresh] done in 142ms @ http://localhost:3001/_next/static/chunks/b4b53_next_dist_client_03dc7489._.js:5816
[     506ms] [WARNING] [chat-realtime] noop transport: auth/profile user is not ready @ http://localhost:3001/_next/static/chunks/apps_web_features_chat_realtime_547d524b._.js:592
[     506ms] [WARNING] [chat-realtime] noop transport: auth/profile user is not ready @ http://localhost:3001/_next/static/chunks/apps_web_features_chat_realtime_547d524b._.js:592
[     508ms] [WARNING] [chat-realtime] noop transport: auth/profile user is not ready @ http://localhost:3001/_next/static/chunks/apps_web_features_chat_realtime_547d524b._.js:592
[     508ms] [WARNING] [chat-realtime] noop transport: auth/profile user is not ready @ http://localhost:3001/_next/static/chunks/apps_web_features_chat_realtime_547d524b._.js:592
[     510ms] [WARNING] [chat-realtime] noop transport: auth/profile user is not ready @ http://localhost:3001/_next/static/chunks/apps_web_features_chat_realtime_547d524b._.js:592
[     510ms] [WARNING] [chat-realtime] noop transport: auth/profile user is not ready @ http://localhost:3001/_next/static/chunks/apps_web_features_chat_realtime_547d524b._.js:592
[     512ms] [WARNING] [chat-realtime] noop transport: auth/profile user is not ready @ http://localhost:3001/_next/static/chunks/apps_web_features_chat_realtime_547d524b._.js:592
[     512ms] [WARNING] [chat-realtime] noop transport: auth/profile user is not ready @ http://localhost:3001/_next/static/chunks/apps_web_features_chat_realtime_547d524b._.js:592
[     514ms] [WARNING] [chat-realtime] noop transport: auth/profile user is not ready @ http://localhost:3001/_next/static/chunks/apps_web_features_chat_realtime_547d524b._.js:592
[     514ms] [WARNING] [chat-realtime] noop transport: auth/profile user is not ready @ http://localhost:3001/_next/static/chunks/apps_web_features_chat_realtime_547d524b._.js:592
[     516ms] [WARNING] [chat-realtime] noop transport: auth/profile user is not ready @ http://localhost:3001/_next/static/chunks/apps_web_features_chat_realtime_547d524b._.js:592
[     516ms] [WARNING] [chat-realtime] noop transport: auth/profile user is not ready @ http://localhost:3001/_next/static/chunks/apps_web_features_chat_realtime_547d524b._.js:592
[     517ms] [WARNING] [chat-realtime] noop transport: auth/profile user is not ready @ http://localhost:3001/_next/static/chunks/apps_web_features_chat_realtime_547d524b._.js:592
[     517ms] [WARNING] [chat-realtime] noop transport: auth/profile user is not ready @ http://localhost:3001/_next/static/chunks/apps_web_features_chat_realtime_547d524b._.js:592
[     519ms] [WARNING] [chat-realtime] noop transport: auth/profile user is not ready @ http://localhost:3001/_next/static/chunks/apps_web_features_chat_realtime_547d524b._.js:592
[     519ms] [WARNING] [chat-realtime] noop transport: auth/profile user is not ready @ http://localhost:3001/_next/static/chunks/apps_web_features_chat_realtime_547d524b._.js:592
[     521ms] [WARNING] [chat-realtime] noop transport: auth/profile user is not ready @ http://localhost:3001/_next/static/chunks/apps_web_features_chat_realtime_547d524b._.js:592
[     521ms] [WARNING] [chat-realtime] noop transport: auth/profile user is not ready @ http://localhost:3001/_next/static/chunks/apps_web_features_chat_realtime_547d524b._.js:592
[     523ms] [WARNING] [chat-realtime] noop transport: auth/profile user is not ready @ http://localhost:3001/_next/static/chunks/apps_web_features_chat_realtime_547d524b._.js:592
[     523ms] [WARNING] [chat-realtime] noop transport: auth/profile user is not ready @ http://localhost:3001/_next/static/chunks/apps_web_features_chat_realtime_547d524b._.js:592
[     525ms] [WARNING] [chat-realtime] noop transport: auth/profile user is not ready @ http://localhost:3001/_next/static/chunks/apps_web_features_chat_realtime_547d524b._.js:592
[     525ms] [WARNING] [chat-realtime] noop transport: auth/profile user is not ready @ http://localhost:3001/_next/static/chunks/apps_web_features_chat_realtime_547d524b._.js:592
[     528ms] [WARNING] [chat-realtime] noop transport: auth/profile user is not ready @ http://localhost:3001/_next/static/chunks/apps_web_features_chat_realtime_547d524b._.js:592
[     528ms] [WARNING] [chat-realtime] noop transport: auth/profile user is not ready @ http://localhost:3001/_next/static/chunks/apps_web_features_chat_realtime_547d524b._.js:592
[     530ms] [WARNING] [chat-realtime] noop transport: auth/profile user is not ready @ http://localhost:3001/_next/static/chunks/apps_web_features_chat_realtime_547d524b._.js:592
[     530ms] [WARNING] [chat-realtime] noop transport: auth/profile user is not ready @ http://localhost:3001/_next/static/chunks/apps_web_features_chat_realtime_547d524b._.js:592
[     532ms] [WARNING] [chat-realtime] noop transport: auth/profile user is not ready @ http://localhost:3001/_next/static/chunks/apps_web_features_chat_realtime_547d524b._.js:592
[     532ms] [WARNING] [chat-realtime] noop transport: auth/profile user is not ready @ http://localhost:3001/_next/static/chunks/apps_web_features_chat_realtime_547d524b._.js:592
[     534ms] [WARNING] Clerk: Clerk has been loaded with development keys. Development instances have strict usage limits and should not be used when deploying your application to production. Learn more: https://clerk.com/docs/deployments/overview @ https://polite-werewolf-55.clerk.accounts.dev/npm/@clerk/clerk-js@6/dist/clerk.browser.js:11
[     536ms] [WARNING] [chat-realtime] noop transport: auth/profile user is not ready @ http://localhost:3001/_next/static/chunks/apps_web_features_chat_realtime_547d524b._.js:592
[     536ms] [WARNING] [chat-realtime] noop transport: auth/profile user is not ready @ http://localhost:3001/_next/static/chunks/apps_web_features_chat_realtime_547d524b._.js:592
[     539ms] [WARNING] [chat-realtime] noop transport: auth/profile user is not ready @ http://localhost:3001/_next/static/chunks/apps_web_features_chat_realtime_547d524b._.js:592
[     539ms] [WARNING] [chat-realtime] noop transport: auth/profile user is not ready @ http://localhost:3001/_next/static/chunks/apps_web_features_chat_realtime_547d524b._.js:592
[     541ms] [WARNING] [chat-realtime] noop transport: auth/profile user is not ready @ http://localhost:3001/_next/static/chunks/apps_web_features_chat_realtime_547d524b._.js:592
[     541ms] [WARNING] [chat-realtime] noop transport: auth/profile user is not ready @ http://localhost:3001/_next/static/chunks/apps_web_features_chat_realtime_547d524b._.js:592
[     543ms] [WARNING] [chat-realtime] noop transport: auth/profile user is not ready @ http://localhost:3001/_next/static/chunks/apps_web_features_chat_realtime_547d524b._.js:592
[     543ms] [WARNING] [chat-realtime] noop transport: auth/profile user is not ready @ http://localhost:3001/_next/static/chunks/apps_web_features_chat_realtime_547d524b._.js:592
[     544ms] [WARNING] [chat-realtime] noop transport: auth/profile user is not ready @ http://localhost:3001/_next/static/chunks/apps_web_features_chat_realtime_547d524b._.js:592
[     544ms] [WARNING] [chat-realtime] noop transport: auth/profile user is not ready @ http://localhost:3001/_next/static/chunks/apps_web_features_chat_realtime_547d524b._.js:592
[     546ms] [WARNING] [chat-realtime] noop transport: auth/profile user is not ready @ http://localhost:3001/_next/static/chunks/apps_web_features_chat_realtime_547d524b._.js:592
[     546ms] [WARNING] [chat-realtime] noop transport: auth/profile user is not ready @ http://localhost:3001/_next/static/chunks/apps_web_features_chat_realtime_547d524b._.js:592
[     549ms] [WARNING] [chat-realtime] noop transport: auth/profile user is not ready @ http://localhost:3001/_next/static/chunks/apps_web_features_chat_realtime_547d524b._.js:592
[     549ms] [WARNING] [chat-realtime] noop transport: auth/profile user is not ready @ http://localhost:3001/_next/static/chunks/apps_web_features_chat_realtime_547d524b._.js:592
[     550ms] [WARNING] [chat-realtime] noop transport: auth/profile user is not ready @ http://localhost:3001/_next/static/chunks/apps_web_features_chat_realtime_547d524b._.js:592
[     550ms] [WARNING] [chat-realtime] noop transport: auth/profile user is not ready @ http://localhost:3001/_next/static/chunks/apps_web_features_chat_realtime_547d524b._.js:592
[     550ms] [WARNING] [chat-realtime] noop transport: auth/profile user is not ready @ http://localhost:3001/_next/static/chunks/apps_web_features_chat_realtime_547d524b._.js:592
[     550ms] [WARNING] [chat-realtime] noop transport: auth/profile user is not ready @ http://localhost:3001/_next/static/chunks/apps_web_features_chat_realtime_547d524b._.js:592
[     551ms] [WARNING] [chat-realtime] noop transport: auth/profile user is not ready @ http://localhost:3001/_next/static/chunks/apps_web_features_chat_realtime_547d524b._.js:592
[     551ms] [WARNING] [chat-realtime] noop transport: auth/profile user is not ready @ http://localhost:3001/_next/static/chunks/apps_web_features_chat_realtime_547d524b._.js:592
[     551ms] [WARNING] [chat-realtime] noop transport: auth/profile user is not ready @ http://localhost:3001/_next/static/chunks/apps_web_features_chat_realtime_547d524b._.js:592
[     551ms] [WARNING] [chat-realtime] noop transport: auth/profile user is not ready @ http://localhost:3001/_next/static/chunks/apps_web_features_chat_realtime_547d524b._.js:592
[     552ms] [WARNING] [chat-realtime] noop transport: auth/profile user is not ready @ http://localhost:3001/_next/static/chunks/apps_web_features_chat_realtime_547d524b._.js:592
[     552ms] [WARNING] [chat-realtime] noop transport: auth/profile user is not ready @ http://localhost:3001/_next/static/chunks/apps_web_features_chat_realtime_547d524b._.js:592
[     553ms] [WARNING] [chat-realtime] noop transport: auth/profile user is not ready @ http://localhost:3001/_next/static/chunks/apps_web_features_chat_realtime_547d524b._.js:592
[     553ms] [WARNING] [chat-realtime] noop transport: auth/profile user is not ready @ http://localhost:3001/_next/static/chunks/apps_web_features_chat_realtime_547d524b._.js:592
[     554ms] [WARNING] [chat-realtime] noop transport: auth/profile user is not ready @ http://localhost:3001/_next/static/chunks/apps_web_features_chat_realtime_547d524b._.js:592
[     554ms] [WARNING] [chat-realtime] noop transport: auth/profile user is not ready @ http://localhost:3001/_next/static/chunks/apps_web_features_chat_realtime_547d524b._.js:592
[     555ms] [WARNING] [chat-realtime] noop transport: auth/profile user is not ready @ http://localhost:3001/_next/static/chunks/apps_web_features_chat_realtime_547d524b._.js:592
[     555ms] [WARNING] [chat-realtime] noop transport: auth/profile user is not ready @ http://localhost:3001/_next/static/chunks/apps_web_features_chat_realtime_547d524b._.js:592
[     556ms] [WARNING] [chat-realtime] noop transport: auth/profile user is not ready @ http://localhost:3001/_next/static/chunks/apps_web_features_chat_realtime_547d524b._.js:592
[     556ms] [WARNING] [chat-realtime] noop transport: auth/profile user is not ready @ http://localhost:3001/_next/static/chunks/apps_web_features_chat_realtime_547d524b._.js:592
[     556ms] [WARNING] [chat-realtime] noop transport: auth/profile user is not ready @ http://localhost:3001/_next/static/chunks/apps_web_features_chat_realtime_547d524b._.js:592
[     556ms] [WARNING] [chat-realtime] noop transport: auth/profile user is not ready @ http://localhost:3001/_next/static/chunks/apps_web_features_chat_realtime_547d524b._.js:592
[     557ms] [WARNING] [chat-realtime] noop transport: auth/profile user is not ready @ http://localhost:3001/_next/static/chunks/apps_web_features_chat_realtime_547d524b._.js:592
[     557ms] [WARNING] [chat-realtime] noop transport: auth/profile user is not ready @ http://localhost:3001/_next/static/chunks/apps_web_features_chat_realtime_547d524b._.js:592
[     558ms] [WARNING] [chat-realtime] noop transport: auth/profile user is not ready @ http://localhost:3001/_next/static/chunks/apps_web_features_chat_realtime_547d524b._.js:592
[     558ms] [WARNING] [chat-realtime] noop transport: auth/profile user is not ready @ http://localhost:3001/_next/static/chunks/apps_web_features_chat_realtime_547d524b._.js:592
[     558ms] [WARNING] [chat-realtime] noop transport: auth/profile user is not ready @ http://localhost:3001/_next/static/chunks/apps_web_features_chat_realtime_547d524b._.js:592
[     558ms] [WARNING] [chat-realtime] noop transport: auth/profile user is not ready @ http://localhost:3001/_next/static/chunks/apps_web_features_chat_realtime_547d524b._.js:592
[     559ms] [WARNING] [chat-realtime] noop transport: auth/profile user is not ready @ http://localhost:3001/_next/static/chunks/apps_web_features_chat_realtime_547d524b._.js:592
[     559ms] [WARNING] [chat-realtime] noop transport: auth/profile user is not ready @ http://localhost:3001/_next/static/chunks/apps_web_features_chat_realtime_547d524b._.js:592
[     559ms] [WARNING] [chat-realtime] noop transport: auth/profile user is not ready @ http://localhost:3001/_next/static/chunks/apps_web_features_chat_realtime_547d524b._.js:592
[     559ms] [WARNING] [chat-realtime] noop transport: auth/profile user is not ready @ http://localhost:3001/_next/static/chunks/apps_web_features_chat_realtime_547d524b._.js:592
[     560ms] [WARNING] [chat-realtime] noop transport: auth/profile user is not ready @ http://localhost:3001/_next/static/chunks/apps_web_features_chat_realtime_547d524b._.js:592
[     560ms] [WARNING] [chat-realtime] noop transport: auth/profile user is not ready @ http://localhost:3001/_next/static/chunks/apps_web_features_chat_realtime_547d524b._.js:592
[     560ms] [WARNING] [chat-realtime] noop transport: auth/profile user is not ready @ http://localhost:3001/_next/static/chunks/apps_web_features_chat_realtime_547d524b._.js:592
[     560ms] [WARNING] [chat-realtime] noop transport: auth/profile user is not ready @ http://localhost:3001/_next/static/chunks/apps_web_features_chat_realtime_547d524b._.js:592
[     561ms] [WARNING] [chat-realtime] noop transport: auth/profile user is not ready @ http://localhost:3001/_next/static/chunks/apps_web_features_chat_realtime_547d524b._.js:592
[     561ms] [WARNING] [chat-realtime] noop transport: auth/profile user is not ready @ http://localhost:3001/_next/static/chunks/apps_web_features_chat_realtime_547d524b._.js:592
[     562ms] [WARNING] [chat-realtime] noop transport: auth/profile user is not ready @ http://localhost:3001/_next/static/chunks/apps_web_features_chat_realtime_547d524b._.js:592
[     562ms] [WARNING] [chat-realtime] noop transport: auth/profile user is not ready @ http://localhost:3001/_next/static/chunks/apps_web_features_chat_realtime_547d524b._.js:592
[     562ms] [WARNING] [chat-realtime] noop transport: auth/profile user is not ready @ http://localhost:3001/_next/static/chunks/apps_web_features_chat_realtime_547d524b._.js:592
[     562ms] [WARNING] [chat-realtime] noop transport: auth/profile user is not ready @ http://localhost:3001/_next/static/chunks/apps_web_features_chat_realtime_547d524b._.js:592
[     563ms] [WARNING] [chat-realtime] noop transport: auth/profile user is not ready @ http://localhost:3001/_next/static/chunks/apps_web_features_chat_realtime_547d524b._.js:592
[     563ms] [WARNING] [chat-realtime] noop transport: auth/profile user is not ready @ http://localhost:3001/_next/static/chunks/apps_web_features_chat_realtime_547d524b._.js:592
[     563ms] [WARNING] [chat-realtime] noop transport: auth/profile user is not ready @ http://localhost:3001/_next/static/chunks/apps_web_features_chat_realtime_547d524b._.js:592
[     563ms] [WARNING] [chat-realtime] noop transport: auth/profile user is not ready @ http://localhost:3001/_next/static/chunks/apps_web_features_chat_realtime_547d524b._.js:592
[     564ms] [WARNING] [chat-realtime] noop transport: auth/profile user is not ready @ http://localhost:3001/_next/static/chunks/apps_web_features_chat_realtime_547d524b._.js:592
[     564ms] [WARNING] [chat-realtime] noop transport: auth/profile user is not ready @ http://localhost:3001/_next/static/chunks/apps_web_features_chat_realtime_547d524b._.js:592
[     564ms] [WARNING] [chat-realtime] noop transport: auth/profile user is not ready @ http://localhost:3001/_next/static/chunks/apps_web_features_chat_realtime_547d524b._.js:592
[     565ms] [WARNING] [chat-realtime] noop transport: auth/profile user is not ready @ http://localhost:3001/_next/static/chunks/apps_web_features_chat_realtime_547d524b._.js:592
[     565ms] [WARNING] [chat-realtime] noop transport: auth/profile user is not ready @ http://localhost:3001/_next/static/chunks/apps_web_features_chat_realtime_547d524b._.js:592
[     565ms] [WARNING] [chat-realtime] noop transport: auth/profile user is not ready @ http://localhost:3001/_next/static/chunks/apps_web_features_chat_realtime_547d524b._.js:592
[     566ms] [WARNING] [chat-realtime] noop transport: auth/profile user is not ready @ http://localhost:3001/_next/static/chunks/apps_web_features_chat_realtime_547d524b._.js:592
[     566ms] [WARNING] [chat-realtime] noop transport: auth/profile user is not ready @ http://localhost:3001/_next/static/chunks/apps_web_features_chat_realtime_547d524b._.js:592
[     566ms] [WARNING] [chat-realtime] noop transport: auth/profile user is not ready @ http://localhost:3001/_next/static/chunks/apps_web_features_chat_realtime_547d524b._.js:592
[     566ms] [WARNING] [chat-realtime] noop transport: auth/profile user is not ready @ http://localhost:3001/_next/static/chunks/apps_web_features_chat_realtime_547d524b._.js:592
[     567ms] [WARNING] [chat-realtime] noop transport: auth/profile user is not ready @ http://localhost:3001/_next/static/chunks/apps_web_features_chat_realtime_547d524b._.js:592
[     567ms] [WARNING] [chat-realtime] noop transport: auth/profile user is not ready @ http://localhost:3001/_next/static/chunks/apps_web_features_chat_realtime_547d524b._.js:592
[     567ms] [WARNING] [chat-realtime] noop transport: auth/profile user is not ready @ http://localhost:3001/_next/static/chunks/apps_web_features_chat_realtime_547d524b._.js:592
[     567ms] [WARNING] [chat-realtime] noop transport: auth/profile user is not ready @ http://localhost:3001/_next/static/chunks/apps_web_features_chat_realtime_547d524b._.js:592
[     568ms] [WARNING] [chat-realtime] noop transport: auth/profile user is not ready @ http://localhost:3001/_next/static/chunks/apps_web_features_chat_realtime_547d524b._.js:592
[     568ms] [WARNING] [chat-realtime] noop transport: auth/profile user is not ready @ http://localhost:3001/_next/static/chunks/apps_web_features_chat_realtime_547d524b._.js:592
[     568ms] [WARNING] [chat-realtime] noop transport: auth/profile user is not ready @ http://localhost:3001/_next/static/chunks/apps_web_features_chat_realtime_547d524b._.js:592
[     568ms] [WARNING] [chat-realtime] noop transport: auth/profile user is not ready @ http://localhost:3001/_next/static/chunks/apps_web_features_chat_realtime_547d524b._.js:592
[     569ms] [WARNING] [chat-realtime] noop transport: auth/profile user is not ready @ http://localhost:3001/_next/static/chunks/apps_web_features_chat_realtime_547d524b._.js:592
[     569ms] [WARNING] [chat-realtime] noop transport: auth/profile user is not ready @ http://localhost:3001/_next/static/chunks/apps_web_features_chat_realtime_547d524b._.js:592
[     570ms] [WARNING] [chat-realtime] noop transport: auth/profile user is not ready @ http://localhost:3001/_next/static/chunks/apps_web_features_chat_realtime_547d524b._.js:592
[     570ms] [WARNING] [chat-realtime] noop transport: auth/profile user is not ready @ http://localhost:3001/_next/static/chunks/apps_web_features_chat_realtime_547d524b._.js:592
[     570ms] [WARNING] [chat-realtime] noop transport: auth/profile user is not ready @ http://localhost:3001/_next/static/chunks/apps_web_features_chat_realtime_547d524b._.js:592
[     570ms] [WARNING] [chat-realtime] noop transport: auth/profile user is not ready @ http://localhost:3001/_next/static/chunks/apps_web_features_chat_realtime_547d524b._.js:592
[     571ms] [WARNING] [chat-realtime] noop transport: auth/profile user is not ready @ http://localhost:3001/_next/static/chunks/apps_web_features_chat_realtime_547d524b._.js:592
[     571ms] [WARNING] [chat-realtime] noop transport: auth/profile user is not ready @ http://localhost:3001/_next/static/chunks/apps_web_features_chat_realtime_547d524b._.js:592
[     571ms] [WARNING] [chat-realtime] noop transport: auth/profile user is not ready @ http://localhost:3001/_next/static/chunks/apps_web_features_chat_realtime_547d524b._.js:592
[     571ms] [WARNING] [chat-realtime] noop transport: auth/profile user is not ready @ http://localhost:3001/_next/static/chunks/apps_web_features_chat_realtime_547d524b._.js:592
[     572ms] [WARNING] [chat-realtime] noop transport: auth/profile user is not ready @ http://localhost:3001/_next/static/chunks/apps_web_features_chat_realtime_547d524b._.js:592
[     572ms] [WARNING] [chat-realtime] noop transport: auth/profile user is not ready @ http://localhost:3001/_next/static/chunks/apps_web_features_chat_realtime_547d524b._.js:592
[     572ms] [WARNING] [chat-realtime] noop transport: auth/profile user is not ready @ http://localhost:3001/_next/static/chunks/apps_web_features_chat_realtime_547d524b._.js:592
[     572ms] [WARNING] [chat-realtime] noop transport: auth/profile user is not ready @ http://localhost:3001/_next/static/chunks/apps_web_features_chat_realtime_547d524b._.js:592
[     573ms] [WARNING] [chat-realtime] noop transport: auth/profile user is not ready @ http://localhost:3001/_next/static/chunks/apps_web_features_chat_realtime_547d524b._.js:592
[     573ms] [WARNING] [chat-realtime] noop transport: auth/profile user is not ready @ http://localhost:3001/_next/static/chunks/apps_web_features_chat_realtime_547d524b._.js:592
[     573ms] [WARNING] [chat-realtime] noop transport: auth/profile user is not ready @ http://localhost:3001/_next/static/chunks/apps_web_features_chat_realtime_547d524b._.js:592
[     573ms] [WARNING] [chat-realtime] noop transport: auth/profile user is not ready @ http://localhost:3001/_next/static/chunks/apps_web_features_chat_realtime_547d524b._.js:592
[     574ms] [WARNING] [chat-realtime] noop transport: auth/profile user is not ready @ http://localhost:3001/_next/static/chunks/apps_web_features_chat_realtime_547d524b._.js:592
[     574ms] [WARNING] [chat-realtime] noop transport: auth/profile user is not ready @ http://localhost:3001/_next/static/chunks/apps_web_features_chat_realtime_547d524b._.js:592
[     575ms] [WARNING] [chat-realtime] noop transport: auth/profile user is not ready @ http://localhost:3001/_next/static/chunks/apps_web_features_chat_realtime_547d524b._.js:592
[     575ms] [WARNING] [chat-realtime] noop transport: auth/profile user is not ready @ http://localhost:3001/_next/static/chunks/apps_web_features_chat_realtime_547d524b._.js:592
[     575ms] [WARNING] [chat-realtime] noop transport: auth/profile user is not ready @ http://localhost:3001/_next/static/chunks/apps_web_features_chat_realtime_547d524b._.js:592
[     575ms] [WARNING] [chat-realtime] noop transport: auth/profile user is not ready @ http://localhost:3001/_next/static/chunks/apps_web_features_chat_realtime_547d524b._.js:592
[     576ms] [WARNING] [chat-realtime] noop transport: auth/profile user is not ready @ http://localhost:3001/_next/static/chunks/apps_web_features_chat_realtime_547d524b._.js:592
[     576ms] [WARNING] [chat-realtime] noop transport: auth/profile user is not ready @ http://localhost:3001/_next/static/chunks/apps_web_features_chat_realtime_547d524b._.js:592
[     576ms] [WARNING] [chat-realtime] noop transport: auth/profile user is not ready @ http://localhost:3001/_next/static/chunks/apps_web_features_chat_realtime_547d524b._.js:592
[     576ms] [WARNING] [chat-realtime] noop transport: auth/profile user is not ready @ http://localhost:3001/_next/static/chunks/apps_web_features_chat_realtime_547d524b._.js:592
[     577ms] [WARNING] [chat-realtime] noop transport: auth/profile user is not ready @ http://localhost:3001/_next/static/chunks/apps_web_features_chat_realtime_547d524b._.js:592
[     577ms] [WARNING] [chat-realtime] noop transport: auth/profile user is not ready @ http://localhost:3001/_next/static/chunks/apps_web_features_chat_realtime_547d524b._.js:592
[     578ms] [WARNING] [chat-realtime] noop transport: auth/profile user is not ready @ http://localhost:3001/_next/static/chunks/apps_web_features_chat_realtime_547d524b._.js:592
[     578ms] [WARNING] [chat-realtime] noop transport: auth/profile user is not ready @ http://localhost:3001/_next/static/chunks/apps_web_features_chat_realtime_547d524b._.js:592
[     579ms] [WARNING] [chat-realtime] noop transport: auth/profile user is not ready @ http://localhost:3001/_next/static/chunks/apps_web_features_chat_realtime_547d524b._.js:592
[     579ms] [WARNING] [chat-realtime] noop transport: auth/profile user is not ready @ http://localhost:3001/_next/static/chunks/apps_web_features_chat_realtime_547d524b._.js:592
[     579ms] [WARNING] [chat-realtime] noop transport: auth/profile user is not ready @ http://localhost:3001/_next/static/chunks/apps_web_features_chat_realtime_547d524b._.js:592
[     579ms] [WARNING] [chat-realtime] noop transport: auth/profile user is not ready @ http://localhost:3001/_next/static/chunks/apps_web_features_chat_realtime_547d524b._.js:592
[     580ms] [WARNING] [chat-realtime] noop transport: auth/profile user is not ready @ http://localhost:3001/_next/static/chunks/apps_web_features_chat_realtime_547d524b._.js:592
[     580ms] [WARNING] [chat-realtime] noop transport: auth/profile user is not ready @ http://localhost:3001/_next/static/chunks/apps_web_features_chat_realtime_547d524b._.js:592
[     580ms] [WARNING] [chat-realtime] noop transport: auth/profile user is not ready @ http://localhost:3001/_next/static/chunks/apps_web_features_chat_realtime_547d524b._.js:592
[     581ms] [WARNING] [chat-realtime] noop transport: auth/profile user is not ready @ http://localhost:3001/_next/static/chunks/apps_web_features_chat_realtime_547d524b._.js:592
[     581ms] [WARNING] [chat-realtime] noop transport: auth/profile user is not ready @ http://localhost:3001/_next/static/chunks/apps_web_features_chat_realtime_547d524b._.js:592
[     581ms] [WARNING] [chat-realtime] noop transport: auth/profile user is not ready @ http://localhost:3001/_next/static/chunks/apps_web_features_chat_realtime_547d524b._.js:592
[     582ms] [WARNING] [chat-realtime] noop transport: auth/profile user is not ready @ http://localhost:3001/_next/static/chunks/apps_web_features_chat_realtime_547d524b._.js:592
[     582ms] [WARNING] [chat-realtime] noop transport: auth/profile user is not ready @ http://localhost:3001/_next/static/chunks/apps_web_features_chat_realtime_547d524b._.js:592
[     582ms] [WARNING] [chat-realtime] noop transport: auth/profile user is not ready @ http://localhost:3001/_next/static/chunks/apps_web_features_chat_realtime_547d524b._.js:592
[     582ms] [WARNING] [chat-realtime] noop transport: auth/profile user is not ready @ http://localhost:3001/_next/static/chunks/apps_web_features_chat_realtime_547d524b._.js:592
[     583ms] [WARNING] [chat-realtime] noop transport: auth/profile user is not ready @ http://localhost:3001/_next/static/chunks/apps_web_features_chat_realtime_547d524b._.js:592
[     583ms] [WARNING] [chat-realtime] noop transport: auth/profile user is not ready @ http://localhost:3001/_next/static/chunks/apps_web_features_chat_realtime_547d524b._.js:592
[     584ms] [WARNING] [chat-realtime] noop transport: auth/profile user is not ready @ http://localhost:3001/_next/static/chunks/apps_web_features_chat_realtime_547d524b._.js:592
[     584ms] [WARNING] [chat-realtime] noop transport: auth/profile user is not ready @ http://localhost:3001/_next/static/chunks/apps_web_features_chat_realtime_547d524b._.js:592
[     584ms] [WARNING] [chat-realtime] noop transport: auth/profile user is not ready @ http://localhost:3001/_next/static/chunks/apps_web_features_chat_realtime_547d524b._.js:592
[     584ms] [WARNING] [chat-realtime] noop transport: auth/profile user is not ready @ http://localhost:3001/_next/static/chunks/apps_web_features_chat_realtime_547d524b._.js:592
[     585ms] [WARNING] [chat-realtime] noop transport: auth/profile user is not ready @ http://localhost:3001/_next/static/chunks/apps_web_features_chat_realtime_547d524b._.js:592
[     585ms] [WARNING] [chat-realtime] noop transport: auth/profile user is not ready @ http://localhost:3001/_next/static/chunks/apps_web_features_chat_realtime_547d524b._.js:592
[     586ms] [WARNING] [chat-realtime] noop transport: auth/profile user is not ready @ http://localhost:3001/_next/static/chunks/apps_web_features_chat_realtime_547d524b._.js:592
[     586ms] [WARNING] [chat-realtime] noop transport: auth/profile user is not ready @ http://localhost:3001/_next/static/chunks/apps_web_features_chat_realtime_547d524b._.js:592
[     586ms] [WARNING] [chat-realtime] noop transport: auth/profile user is not ready @ http://localhost:3001/_next/static/chunks/apps_web_features_chat_realtime_547d524b._.js:592
[     586ms] [WARNING] [chat-realtime] noop transport: auth/profile user is not ready @ http://localhost:3001/_next/static/chunks/apps_web_features_chat_realtime_547d524b._.js:592
[     587ms] [WARNING] [chat-realtime] noop transport: auth/profile user is not ready @ http://localhost:3001/_next/static/chunks/apps_web_features_chat_realtime_547d524b._.js:592
[     587ms] [WARNING] [chat-realtime] noop transport: auth/profile user is not ready @ http://localhost:3001/_next/static/chunks/apps_web_features_chat_realtime_547d524b._.js:592
[     588ms] [WARNING] [chat-realtime] noop transport: auth/profile user is not ready @ http://localhost:3001/_next/static/chunks/apps_web_features_chat_realtime_547d524b._.js:592
[     588ms] [WARNING] [chat-realtime] noop transport: auth/profile user is not ready @ http://localhost:3001/_next/static/chunks/apps_web_features_chat_realtime_547d524b._.js:592
[     589ms] [WARNING] [chat-realtime] noop transport: auth/profile user is not ready @ http://localhost:3001/_next/static/chunks/apps_web_features_chat_realtime_547d524b._.js:592
[     589ms] [WARNING] [chat-realtime] noop transport: auth/profile user is not ready @ http://localhost:3001/_next/static/chunks/apps_web_features_chat_realtime_547d524b._.js:592
[     590ms] [WARNING] [chat-realtime] noop transport: auth/profile user is not ready @ http://localhost:3001/_next/static/chunks/apps_web_features_chat_realtime_547d524b._.js:592
[     590ms] [WARNING] [chat-realtime] noop transport: auth/profile user is not ready @ http://localhost:3001/_next/static/chunks/apps_web_features_chat_realtime_547d524b._.js:592
[     590ms] [WARNING] [chat-realtime] noop transport: auth/profile user is not ready @ http://localhost:3001/_next/static/chunks/apps_web_features_chat_realtime_547d524b._.js:592
[     590ms] [WARNING] [chat-realtime] noop transport: auth/profile user is not ready @ http://localhost:3001/_next/static/chunks/apps_web_features_chat_realtime_547d524b._.js:592
[     591ms] [WARNING] [chat-realtime] noop transport: auth/profile user is not ready @ http://localhost:3001/_next/static/chunks/apps_web_features_chat_realtime_547d524b._.js:592
[     591ms] [WARNING] [chat-realtime] noop transport: auth/profile user is not ready @ http://localhost:3001/_next/static/chunks/apps_web_features_chat_realtime_547d524b._.js:592
[     591ms] [WARNING] [chat-realtime] noop transport: auth/profile user is not ready @ http://localhost:3001/_next/static/chunks/apps_web_features_chat_realtime_547d524b._.js:592
[     592ms] [WARNING] [chat-realtime] noop transport: auth/profile user is not ready @ http://localhost:3001/_next/static/chunks/apps_web_features_chat_realtime_547d524b._.js:592
[     592ms] [WARNING] [chat-realtime] noop transport: auth/profile user is not ready @ http://localhost:3001/_next/static/chunks/apps_web_features_chat_realtime_547d524b._.js:592
[     592ms] [WARNING] [chat-realtime] noop transport: auth/profile user is not ready @ http://localhost:3001/_next/static/chunks/apps_web_features_chat_realtime_547d524b._.js:592
[     593ms] [WARNING] [chat-realtime] noop transport: auth/profile user is not ready @ http://localhost:3001/_next/static/chunks/apps_web_features_chat_realtime_547d524b._.js:592
[     593ms] [WARNING] [chat-realtime] noop transport: auth/profile user is not ready @ http://localhost:3001/_next/static/chunks/apps_web_features_chat_realtime_547d524b._.js:592
[     593ms] [WARNING] [chat-realtime] noop transport: auth/profile user is not ready @ http://localhost:3001/_next/static/chunks/apps_web_features_chat_realtime_547d524b._.js:592
[     593ms] [WARNING] [chat-realtime] noop transport: auth/profile user is not ready @ http://localhost:3001/_next/static/chunks/apps_web_features_chat_realtime_547d524b._.js:592
[     594ms] [WARNING] [chat-realtime] noop transport: auth/profile user is not ready @ http://localhost:3001/_next/static/chunks/apps_web_features_chat_realtime_547d524b._.js:592
[     594ms] [WARNING] [chat-realtime] noop transport: auth/profile user is not ready @ http://localhost:3001/_next/static/chunks/apps_web_features_chat_realtime_547d524b._.js:592
[     595ms] [WARNING] [chat-realtime] noop transport: auth/profile user is not ready @ http://localhost:3001/_next/static/chunks/apps_web_features_chat_realtime_547d524b._.js:592
[     595ms] [WARNING] [chat-realtime] noop transport: auth/profile user is not ready @ http://localhost:3001/_next/static/chunks/apps_web_features_chat_realtime_547d524b._.js:592
[     597ms] [WARNING] [chat-realtime] noop transport: auth/profile user is not ready @ http://localhost:3001/_next/static/chunks/apps_web_features_chat_realtime_547d524b._.js:592
[     597ms] [WARNING] [chat-realtime] noop transport: auth/profile user is not ready @ http://localhost:3001/_next/static/chunks/apps_web_features_chat_realtime_547d524b._.js:592
[     598ms] [WARNING] [chat-realtime] noop transport: auth/profile user is not ready @ http://localhost:3001/_next/static/chunks/apps_web_features_chat_realtime_547d524b._.js:592
[     598ms] [WARNING] [chat-realtime] noop transport: auth/profile user is not ready @ http://localhost:3001/_next/static/chunks/apps_web_features_chat_realtime_547d524b._.js:592
[     599ms] [WARNING] [chat-realtime] noop transport: auth/profile user is not ready @ http://localhost:3001/_next/static/chunks/apps_web_features_chat_realtime_547d524b._.js:592
[     599ms] [WARNING] [chat-realtime] noop transport: auth/profile user is not ready @ http://localhost:3001/_next/static/chunks/apps_web_features_chat_realtime_547d524b._.js:592
[     599ms] [WARNING] [chat-realtime] noop transport: auth/profile user is not ready @ http://localhost:3001/_next/static/chunks/apps_web_features_chat_realtime_547d524b._.js:592
[     599ms] [WARNING] [chat-realtime] noop transport: auth/profile user is not ready @ http://localhost:3001/_next/static/chunks/apps_web_features_chat_realtime_547d524b._.js:592
[     600ms] [WARNING] [chat-realtime] noop transport: auth/profile user is not ready @ http://localhost:3001/_next/static/chunks/apps_web_features_chat_realtime_547d524b._.js:592
[     600ms] [WARNING] [chat-realtime] noop transport: auth/profile user is not ready @ http://localhost:3001/_next/static/chunks/apps_web_features_chat_realtime_547d524b._.js:592
[     600ms] [WARNING] [chat-realtime] noop transport: auth/profile user is not ready @ http://localhost:3001/_next/static/chunks/apps_web_features_chat_realtime_547d524b._.js:592
[     600ms] [WARNING] [chat-realtime] noop transport: auth/profile user is not ready @ http://localhost:3001/_next/static/chunks/apps_web_features_chat_realtime_547d524b._.js:592
[     601ms] [WARNING] [chat-realtime] noop transport: auth/profile user is not ready @ http://localhost:3001/_next/static/chunks/apps_web_features_chat_realtime_547d524b._.js:592
[     601ms] [WARNING] [chat-realtime] noop transport: auth/profile user is not ready @ http://localhost:3001/_next/static/chunks/apps_web_features_chat_realtime_547d524b._.js:592
[     601ms] [WARNING] [chat-realtime] noop transport: auth/profile user is not ready @ http://localhost:3001/_next/static/chunks/apps_web_features_chat_realtime_547d524b._.js:592
[     601ms] [WARNING] [chat-realtime] noop transport: auth/profile user is not ready @ http://localhost:3001/_next/static/chunks/apps_web_features_chat_realtime_547d524b._.js:592
[     602ms] [WARNING] [chat-realtime] noop transport: auth/profile user is not ready @ http://localhost:3001/_next/static/chunks/apps_web_features_chat_realtime_547d524b._.js:592
[     602ms] [WARNING] [chat-realtime] noop transport: auth/profile user is not ready @ http://localhost:3001/_next/static/chunks/apps_web_features_chat_realtime_547d524b._.js:592
[     603ms] [WARNING] [chat-realtime] noop transport: auth/profile user is not ready @ http://localhost:3001/_next/static/chunks/apps_web_features_chat_realtime_547d524b._.js:592
[     603ms] [WARNING] [chat-realtime] noop transport: auth/profile user is not ready @ http://localhost:3001/_next/static/chunks/apps_web_features_chat_realtime_547d524b._.js:592
[     603ms] [WARNING] [chat-realtime] noop transport: auth/profile user is not ready @ http://localhost:3001/_next/static/chunks/apps_web_features_chat_realtime_547d524b._.js:592
[     603ms] [WARNING] [chat-realtime] noop transport: auth/profile user is not ready @ http://localhost:3001/_next/static/chunks/apps_web_features_chat_realtime_547d524b._.js:592
[     604ms] [WARNING] [chat-realtime] noop transport: auth/profile user is not ready @ http://localhost:3001/_next/static/chunks/apps_web_features_chat_realtime_547d524b._.js:592
[     604ms] [WARNING] [chat-realtime] noop transport: auth/profile user is not ready @ http://localhost:3001/_next/static/chunks/apps_web_features_chat_realtime_547d524b._.js:592
[     605ms] [WARNING] [chat-realtime] noop transport: auth/profile user is not ready @ http://localhost:3001/_next/static/chunks/apps_web_features_chat_realtime_547d524b._.js:592
[     605ms] [WARNING] [chat-realtime] noop transport: auth/profile user is not ready @ http://localhost:3001/_next/static/chunks/apps_web_features_chat_realtime_547d524b._.js:592
[     605ms] [WARNING] [chat-realtime] noop transport: auth/profile user is not ready @ http://localhost:3001/_next/static/chunks/apps_web_features_chat_realtime_547d524b._.js:592
[     605ms] [WARNING] [chat-realtime] noop transport: auth/profile user is not ready @ http://localhost:3001/_next/static/chunks/apps_web_features_chat_realtime_547d524b._.js:592
[     606ms] [WARNING] [chat-realtime] noop transport: auth/profile user is not ready @ http://localhost:3001/_next/static/chunks/apps_web_features_chat_realtime_547d524b._.js:592
[     606ms] [WARNING] [chat-realtime] noop transport: auth/profile user is not ready @ http://localhost:3001/_next/static/chunks/apps_web_features_chat_realtime_547d524b._.js:592
[     607ms] [WARNING] [chat-realtime] noop transport: auth/profile user is not ready @ http://localhost:3001/_next/static/chunks/apps_web_features_chat_realtime_547d524b._.js:592
[     607ms] [WARNING] [chat-realtime] noop transport: auth/profile user is not ready @ http://localhost:3001/_next/static/chunks/apps_web_features_chat_realtime_547d524b._.js:592
[     607ms] [WARNING] [chat-realtime] noop transport: auth/profile user is not ready @ http://localhost:3001/_next/static/chunks/apps_web_features_chat_realtime_547d524b._.js:592
[     607ms] [WARNING] [chat-realtime] noop transport: auth/profile user is not ready @ http://localhost:3001/_next/static/chunks/apps_web_features_chat_realtime_547d524b._.js:592
[     608ms] [WARNING] [chat-realtime] noop transport: auth/profile user is not ready @ http://localhost:3001/_next/static/chunks/apps_web_features_chat_realtime_547d524b._.js:592
[     608ms] [WARNING] [chat-realtime] noop transport: auth/profile user is not ready @ http://localhost:3001/_next/static/chunks/apps_web_features_chat_realtime_547d524b._.js:592
[     608ms] [WARNING] [chat-realtime] noop transport: auth/profile user is not ready @ http://localhost:3001/_next/static/chunks/apps_web_features_chat_realtime_547d524b._.js:592
[     609ms] [WARNING] [chat-realtime] noop transport: auth/profile user is not ready @ http://localhost:3001/_next/static/chunks/apps_web_features_chat_realtime_547d524b._.js:592
[     609ms] [WARNING] [chat-realtime] noop transport: auth/profile user is not ready @ http://localhost:3001/_next/static/chunks/apps_web_features_chat_realtime_547d524b._.js:592
[     609ms] [WARNING] [chat-realtime] noop transport: auth/profile user is not ready @ http://localhost:3001/_next/static/chunks/apps_web_features_chat_realtime_547d524b._.js:592
[     610ms] [WARNING] [chat-realtime] noop transport: auth/profile user is not ready @ http://localhost:3001/_next/static/chunks/apps_web_features_chat_realtime_547d524b._.js:592
[     610ms] [WARNING] [chat-realtime] noop transport: auth/profile user is not ready @ http://localhost:3001/_next/static/chunks/apps_web_features_chat_realtime_547d524b._.js:592
[     610ms] [WARNING] [chat-realtime] noop transport: auth/profile user is not ready @ http://localhost:3001/_next/static/chunks/apps_web_features_chat_realtime_547d524b._.js:592
[     611ms] [WARNING] [chat-realtime] noop transport: auth/profile user is not ready @ http://localhost:3001/_next/static/chunks/apps_web_features_chat_realtime_547d524b._.js:592
[     611ms] [WARNING] [chat-realtime] noop transport: auth/profile user is not ready @ http://localhost:3001/_next/static/chunks/apps_web_features_chat_realtime_547d524b._.js:592
[     611ms] [WARNING] [chat-realtime] noop transport: auth/profile user is not ready @ http://localhost:3001/_next/static/chunks/apps_web_features_chat_realtime_547d524b._.js:592
[     612ms] [WARNING] [chat-realtime] noop transport: auth/profile user is not ready @ http://localhost:3001/_next/static/chunks/apps_web_features_chat_realtime_547d524b._.js:592
[     612ms] [WARNING] [chat-realtime] noop transport: auth/profile user is not ready @ http://localhost:3001/_next/static/chunks/apps_web_features_chat_realtime_547d524b._.js:592
[     612ms] [WARNING] [chat-realtime] noop transport: auth/profile user is not ready @ http://localhost:3001/_next/static/chunks/apps_web_features_chat_realtime_547d524b._.js:592
[     612ms] [WARNING] [chat-realtime] noop transport: auth/profile user is not ready @ http://localhost:3001/_next/static/chunks/apps_web_features_chat_realtime_547d524b._.js:592
[     613ms] [WARNING] [chat-realtime] noop transport: auth/profile user is not ready @ http://localhost:3001/_next/static/chunks/apps_web_features_chat_realtime_547d524b._.js:592
[     613ms] [WARNING] [chat-realtime] noop transport: auth/profile user is not ready @ http://localhost:3001/_next/static/chunks/apps_web_features_chat_realtime_547d524b._.js:592
[     613ms] [WARNING] [chat-realtime] noop transport: auth/profile user is not ready @ http://localhost:3001/_next/static/chunks/apps_web_features_chat_realtime_547d524b._.js:592
[     614ms] [WARNING] [chat-realtime] noop transport: auth/profile user is not ready @ http://localhost:3001/_next/static/chunks/apps_web_features_chat_realtime_547d524b._.js:592
[     614ms] [WARNING] [chat-realtime] noop transport: auth/profile user is not ready @ http://localhost:3001/_next/static/chunks/apps_web_features_chat_realtime_547d524b._.js:592
[     614ms] [WARNING] [chat-realtime] noop transport: auth/profile user is not ready @ http://localhost:3001/_next/static/chunks/apps_web_features_chat_realtime_547d524b._.js:592
[     615ms] [WARNING] [chat-realtime] noop transport: auth/profile user is not ready @ http://localhost:3001/_next/static/chunks/apps_web_features_chat_realtime_547d524b._.js:592
[     615ms] [WARNING] [chat-realtime] noop transport: auth/profile user is not ready @ http://localhost:3001/_next/static/chunks/apps_web_features_chat_realtime_547d524b._.js:592
[     615ms] [WARNING] [chat-realtime] noop transport: auth/profile user is not ready @ http://localhost:3001/_next/static/chunks/apps_web_features_chat_realtime_547d524b._.js:592
[     615ms] [WARNING] [chat-realtime] noop transport: auth/profile user is not ready @ http://localhost:3001/_next/static/chunks/apps_web_features_chat_realtime_547d524b._.js:592
[     616ms] [WARNING] [chat-realtime] noop transport: auth/profile user is not ready @ http://localhost:3001/_next/static/chunks/apps_web_features_chat_realtime_547d524b._.js:592
[     616ms] [WARNING] [chat-realtime] noop transport: auth/profile user is not ready @ http://localhost:3001/_next/static/chunks/apps_web_features_chat_realtime_547d524b._.js:592
[     616ms] [WARNING] [chat-realtime] noop transport: auth/profile user is not ready @ http://localhost:3001/_next/static/chunks/apps_web_features_chat_realtime_547d524b._.js:592
[     616ms] [WARNING] [chat-realtime] noop transport: auth/profile user is not ready @ http://localhost:3001/_next/static/chunks/apps_web_features_chat_realtime_547d524b._.js:592
[     617ms] [WARNING] [chat-realtime] noop transport: auth/profile user is not ready @ http://localhost:3001/_next/static/chunks/apps_web_features_chat_realtime_547d524b._.js:592
[     617ms] [WARNING] [chat-realtime] noop transport: auth/profile user is not ready @ http://localhost:3001/_next/static/chunks/apps_web_features_chat_realtime_547d524b._.js:592
[     618ms] [WARNING] [chat-realtime] noop transport: auth/profile user is not ready @ http://localhost:3001/_next/static/chunks/apps_web_features_chat_realtime_547d524b._.js:592
[     618ms] [WARNING] [chat-realtime] noop transport: auth/profile user is not ready @ http://localhost:3001/_next/static/chunks/apps_web_features_chat_realtime_547d524b._.js:592
[     619ms] [WARNING] [chat-realtime] noop transport: auth/profile user is not ready @ http://localhost:3001/_next/static/chunks/apps_web_features_chat_realtime_547d524b._.js:592
[     619ms] [WARNING] [chat-realtime] noop transport: auth/profile user is not ready @ http://localhost:3001/_next/static/chunks/apps_web_features_chat_realtime_547d524b._.js:592
[     619ms] [WARNING] [chat-realtime] noop transport: auth/profile user is not ready @ http://localhost:3001/_next/static/chunks/apps_web_features_chat_realtime_547d524b._.js:592
[     620ms] [WARNING] [chat-realtime] noop transport: auth/profile user is not ready @ http://localhost:3001/_next/static/chunks/apps_web_features_chat_realtime_547d524b._.js:592
[     620ms] [WARNING] [chat-realtime] noop transport: auth/profile user is not ready @ http://localhost:3001/_next/static/chunks/apps_web_features_chat_realtime_547d524b._.js:592
[     620ms] [WARNING] [chat-realtime] noop transport: auth/profile user is not ready @ http://localhost:3001/_next/static/chunks/apps_web_features_chat_realtime_547d524b._.js:592
[     621ms] [WARNING] [chat-realtime] noop transport: auth/profile user is not ready @ http://localhost:3001/_next/static/chunks/apps_web_features_chat_realtime_547d524b._.js:592
[     621ms] [WARNING] [chat-realtime] noop transport: auth/profile user is not ready @ http://localhost:3001/_next/static/chunks/apps_web_features_chat_realtime_547d524b._.js:592
[     621ms] [WARNING] [chat-realtime] noop transport: auth/profile user is not ready @ http://localhost:3001/_next/static/chunks/apps_web_features_chat_realtime_547d524b._.js:592
[     621ms] [WARNING] [chat-realtime] noop transport: auth/profile user is not ready @ http://localhost:3001/_next/static/chunks/apps_web_features_chat_realtime_547d524b._.js:592
[     622ms] [WARNING] [chat-realtime] noop transport: auth/profile user is not ready @ http://localhost:3001/_next/static/chunks/apps_web_features_chat_realtime_547d524b._.js:592
[     622ms] [WARNING] [chat-realtime] noop transport: auth/profile user is not ready @ http://localhost:3001/_next/static/chunks/apps_web_features_chat_realtime_547d524b._.js:592
[     622ms] [WARNING] [chat-realtime] noop transport: auth/profile user is not ready @ http://localhost:3001/_next/static/chunks/apps_web_features_chat_realtime_547d524b._.js:592
[     622ms] [WARNING] [chat-realtime] noop transport: auth/profile user is not ready @ http://localhost:3001/_next/static/chunks/apps_web_features_chat_realtime_547d524b._.js:592
[     623ms] [WARNING] [chat-realtime] noop transport: auth/profile user is not ready @ http://localhost:3001/_next/static/chunks/apps_web_features_chat_realtime_547d524b._.js:592
[     623ms] [WARNING] [chat-realtime] noop transport: auth/profile user is not ready @ http://localhost:3001/_next/static/chunks/apps_web_features_chat_realtime_547d524b._.js:592
[     624ms] [WARNING] [chat-realtime] noop transport: auth/profile user is not ready @ http://localhost:3001/_next/static/chunks/apps_web_features_chat_realtime_547d524b._.js:592
[     624ms] [WARNING] [chat-realtime] noop transport: auth/profile user is not ready @ http://localhost:3001/_next/static/chunks/apps_web_features_chat_realtime_547d524b._.js:592
[     624ms] [WARNING] [chat-realtime] noop transport: auth/profile user is not ready @ http://localhost:3001/_next/static/chunks/apps_web_features_chat_realtime_547d524b._.js:592
[     624ms] [WARNING] [chat-realtime] noop transport: auth/profile user is not ready @ http://localhost:3001/_next/static/chunks/apps_web_features_chat_realtime_547d524b._.js:592
[     625ms] [WARNING] [chat-realtime] noop transport: auth/profile user is not ready @ http://localhost:3001/_next/static/chunks/apps_web_features_chat_realtime_547d524b._.js:592
[     625ms] [WARNING] [chat-realtime] noop transport: auth/profile user is not ready @ http://localhost:3001/_next/static/chunks/apps_web_features_chat_realtime_547d524b._.js:592
[     625ms] [WARNING] [chat-realtime] noop transport: auth/profile user is not ready @ http://localhost:3001/_next/static/chunks/apps_web_features_chat_realtime_547d524b._.js:592
[     625ms] [WARNING] [chat-realtime] noop transport: auth/profile user is not ready @ http://localhost:3001/_next/static/chunks/apps_web_features_chat_realtime_547d524b._.js:592
[     626ms] [WARNING] [chat-realtime] noop transport: auth/profile user is not ready @ http://localhost:3001/_next/static/chunks/apps_web_features_chat_realtime_547d524b._.js:592
[     626ms] [WARNING] [chat-realtime] noop transport: auth/profile user is not ready @ http://localhost:3001/_next/static/chunks/apps_web_features_chat_realtime_547d524b._.js:592
[     626ms] [WARNING] [chat-realtime] noop transport: auth/profile user is not ready @ http://localhost:3001/_next/static/chunks/apps_web_features_chat_realtime_547d524b._.js:592
[     626ms] [WARNING] [chat-realtime] noop transport: auth/profile user is not ready @ http://localhost:3001/_next/static/chunks/apps_web_features_chat_realtime_547d524b._.js:592
[     627ms] [WARNING] [chat-realtime] noop transport: auth/profile user is not ready @ http://localhost:3001/_next/static/chunks/apps_web_features_chat_realtime_547d524b._.js:592
[     627ms] [WARNING] [chat-realtime] noop transport: auth/profile user is not ready @ http://localhost:3001/_next/static/chunks/apps_web_features_chat_realtime_547d524b._.js:592
[     628ms] [WARNING] [chat-realtime] noop transport: auth/profile user is not ready @ http://localhost:3001/_next/static/chunks/apps_web_features_chat_realtime_547d524b._.js:592
[     628ms] [WARNING] [chat-realtime] noop transport: auth/profile user is not ready @ http://localhost:3001/_next/static/chunks/apps_web_features_chat_realtime_547d524b._.js:592
[     629ms] [WARNING] [chat-realtime] noop transport: auth/profile user is not ready @ http://localhost:3001/_next/static/chunks/apps_web_features_chat_realtime_547d524b._.js:592
[     629ms] [WARNING] [chat-realtime] noop transport: auth/profile user is not ready @ http://localhost:3001/_next/static/chunks/apps_web_features_chat_realtime_547d524b._.js:592
[     630ms] [WARNING] [chat-realtime] noop transport: auth/profile user is not ready @ http://localhost:3001/_next/static/chunks/apps_web_features_chat_realtime_547d524b._.js:592
[     630ms] [WARNING] [chat-realtime] noop transport: auth/profile user is not ready @ http://localhost:3001/_next/static/chunks/apps_web_features_chat_realtime_547d524b._.js:592
[     632ms] [WARNING] [chat-realtime] noop transport: auth/profile user is not ready @ http://localhost:3001/_next/static/chunks/apps_web_features_chat_realtime_547d524b._.js:592
[     632ms] [WARNING] [chat-realtime] noop transport: auth/profile user is not ready @ http://localhost:3001/_next/static/chunks/apps_web_features_chat_realtime_547d524b._.js:592
[     633ms] [WARNING] [chat-realtime] noop transport: auth/profile user is not ready @ http://localhost:3001/_next/static/chunks/apps_web_features_chat_realtime_547d524b._.js:592
[     633ms] [WARNING] [chat-realtime] noop transport: auth/profile user is not ready @ http://localhost:3001/_next/static/chunks/apps_web_features_chat_realtime_547d524b._.js:592
[     634ms] [WARNING] [chat-realtime] noop transport: auth/profile user is not ready @ http://localhost:3001/_next/static/chunks/apps_web_features_chat_realtime_547d524b._.js:592
[     634ms] [WARNING] [chat-realtime] noop transport: auth/profile user is not ready @ http://localhost:3001/_next/static/chunks/apps_web_features_chat_realtime_547d524b._.js:592
[     634ms] [WARNING] [chat-realtime] noop transport: auth/profile user is not ready @ http://localhost:3001/_next/static/chunks/apps_web_features_chat_realtime_547d524b._.js:592
[     634ms] [WARNING] [chat-realtime] noop transport: auth/profile user is not ready @ http://localhost:3001/_next/static/chunks/apps_web_features_chat_realtime_547d524b._.js:592
[     635ms] [WARNING] [chat-realtime] noop transport: auth/profile user is not ready @ http://localhost:3001/_next/static/chunks/apps_web_features_chat_realtime_547d524b._.js:592
[     635ms] [WARNING] [chat-realtime] noop transport: auth/profile user is not ready @ http://localhost:3001/_next/static/chunks/apps_web_features_chat_realtime_547d524b._.js:592
[     636ms] [WARNING] [chat-realtime] noop transport: auth/profile user is not ready @ http://localhost:3001/_next/static/chunks/apps_web_features_chat_realtime_547d524b._.js:592
[     636ms] [WARNING] [chat-realtime] noop transport: auth/profile user is not ready @ http://localhost:3001/_next/static/chunks/apps_web_features_chat_realtime_547d524b._.js:592
[     637ms] [WARNING] [chat-realtime] noop transport: auth/profile user is not ready @ http://localhost:3001/_next/static/chunks/apps_web_features_chat_realtime_547d524b._.js:592
[     637ms] [WARNING] [chat-realtime] noop transport: auth/profile user is not ready @ http://localhost:3001/_next/static/chunks/apps_web_features_chat_realtime_547d524b._.js:592
[     637ms] [WARNING] [chat-realtime] noop transport: auth/profile user is not ready @ http://localhost:3001/_next/static/chunks/apps_web_features_chat_realtime_547d524b._.js:592
[     637ms] [WARNING] [chat-realtime] noop transport: auth/profile user is not ready @ http://localhost:3001/_next/static/chunks/apps_web_features_chat_realtime_547d524b._.js:592
[     638ms] [WARNING] [chat-realtime] noop transport: auth/profile user is not ready @ http://localhost:3001/_next/static/chunks/apps_web_features_chat_realtime_547d524b._.js:592
[     638ms] [WARNING] [chat-realtime] noop transport: auth/profile user is not ready @ http://localhost:3001/_next/static/chunks/apps_web_features_chat_realtime_547d524b._.js:592
[     639ms] [WARNING] [chat-realtime] noop transport: auth/profile user is not ready @ http://localhost:3001/_next/static/chunks/apps_web_features_chat_realtime_547d524b._.js:592
[     639ms] [WARNING] [chat-realtime] noop transport: auth/profile user is not ready @ http://localhost:3001/_next/static/chunks/apps_web_features_chat_realtime_547d524b._.js:592
[     639ms] [WARNING] [chat-realtime] noop transport: auth/profile user is not ready @ http://localhost:3001/_next/static/chunks/apps_web_features_chat_realtime_547d524b._.js:592
[     639ms] [WARNING] [chat-realtime] noop transport: auth/profile user is not ready @ http://localhost:3001/_next/static/chunks/apps_web_features_chat_realtime_547d524b._.js:592
[     640ms] [WARNING] [chat-realtime] noop transport: auth/profile user is not ready @ http://localhost:3001/_next/static/chunks/apps_web_features_chat_realtime_547d524b._.js:592
[     640ms] [WARNING] [chat-realtime] noop transport: auth/profile user is not ready @ http://localhost:3001/_next/static/chunks/apps_web_features_chat_realtime_547d524b._.js:592
[     641ms] [WARNING] [chat-realtime] noop transport: auth/profile user is not ready @ http://localhost:3001/_next/static/chunks/apps_web_features_chat_realtime_547d524b._.js:592
[     641ms] [WARNING] [chat-realtime] noop transport: auth/profile user is not ready @ http://localhost:3001/_next/static/chunks/apps_web_features_chat_realtime_547d524b._.js:592
[     641ms] [WARNING] [chat-realtime] noop transport: auth/profile user is not ready @ http://localhost:3001/_next/static/chunks/apps_web_features_chat_realtime_547d524b._.js:592
[     641ms] [WARNING] [chat-realtime] noop transport: auth/profile user is not ready @ http://localhost:3001/_next/static/chunks/apps_web_features_chat_realtime_547d524b._.js:592
[     642ms] [WARNING] [chat-realtime] noop transport: auth/profile user is not ready @ http://localhost:3001/_next/static/chunks/apps_web_features_chat_realtime_547d524b._.js:592
[     642ms] [WARNING] [chat-realtime] noop transport: auth/profile user is not ready @ http://localhost:3001/_next/static/chunks/apps_web_features_chat_realtime_547d524b._.js:592
[     642ms] [WARNING] [chat-realtime] noop transport: auth/profile user is not ready @ http://localhost:3001/_next/static/chunks/apps_web_features_chat_realtime_547d524b._.js:592
[     642ms] [WARNING] [chat-realtime] noop transport: auth/profile user is not ready @ http://localhost:3001/_next/static/chunks/apps_web_features_chat_realtime_547d524b._.js:592
[     643ms] [WARNING] [chat-realtime] noop transport: auth/profile user is not ready @ http://localhost:3001/_next/static/chunks/apps_web_features_chat_realtime_547d524b._.js:592
[     643ms] [WARNING] [chat-realtime] noop transport: auth/profile user is not ready @ http://localhost:3001/_next/static/chunks/apps_web_features_chat_realtime_547d524b._.js:592
[     644ms] [WARNING] [chat-realtime] noop transport: auth/profile user is not ready @ http://localhost:3001/_next/static/chunks/apps_web_features_chat_realtime_547d524b._.js:592
[     644ms] [WARNING] [chat-realtime] noop transport: auth/profile user is not ready @ http://localhost:3001/_next/static/chunks/apps_web_features_chat_realtime_547d524b._.js:592
[     645ms] [WARNING] [chat-realtime] noop transport: auth/profile user is not ready @ http://localhost:3001/_next/static/chunks/apps_web_features_chat_realtime_547d524b._.js:592
[     645ms] [WARNING] [chat-realtime] noop transport: auth/profile user is not ready @ http://localhost:3001/_next/static/chunks/apps_web_features_chat_realtime_547d524b._.js:592
[     645ms] [WARNING] [chat-realtime] noop transport: auth/profile user is not ready @ http://localhost:3001/_next/static/chunks/apps_web_features_chat_realtime_547d524b._.js:592
[     645ms] [WARNING] [chat-realtime] noop transport: auth/profile user is not ready @ http://localhost:3001/_next/static/chunks/apps_web_features_chat_realtime_547d524b._.js:592
[     646ms] [WARNING] [chat-realtime] noop transport: auth/profile user is not ready @ http://localhost:3001/_next/static/chunks/apps_web_features_chat_realtime_547d524b._.js:592
[     646ms] [WARNING] [chat-realtime] noop transport: auth/profile user is not ready @ http://localhost:3001/_next/static/chunks/apps_web_features_chat_realtime_547d524b._.js:592
[     647ms] [WARNING] [chat-realtime] noop transport: auth/profile user is not ready @ http://localhost:3001/_next/static/chunks/apps_web_features_chat_realtime_547d524b._.js:592
[     647ms] [WARNING] [chat-realtime] noop transport: auth/profile user is not ready @ http://localhost:3001/_next/static/chunks/apps_web_features_chat_realtime_547d524b._.js:592
[     648ms] [WARNING] [chat-realtime] noop transport: auth/profile user is not ready @ http://localhost:3001/_next/static/chunks/apps_web_features_chat_realtime_547d524b._.js:592
[     648ms] [WARNING] [chat-realtime] noop transport: auth/profile user is not ready @ http://localhost:3001/_next/static/chunks/apps_web_features_chat_realtime_547d524b._.js:592
[     649ms] [WARNING] [chat-realtime] noop transport: auth/profile user is not ready @ http://localhost:3001/_next/static/chunks/apps_web_features_chat_realtime_547d524b._.js:592
[     649ms] [WARNING] [chat-realtime] noop transport: auth/profile user is not ready @ http://localhost:3001/_next/static/chunks/apps_web_features_chat_realtime_547d524b._.js:592
[     649ms] [WARNING] [chat-realtime] noop transport: auth/profile user is not ready @ http://localhost:3001/_next/static/chunks/apps_web_features_chat_realtime_547d524b._.js:592
[     649ms] [WARNING] [chat-realtime] noop transport: auth/profile user is not ready @ http://localhost:3001/_next/static/chunks/apps_web_features_chat_realtime_547d524b._.js:592
[     650ms] [WARNING] [chat-realtime] noop transport: auth/profile user is not ready @ http://localhost:3001/_next/static/chunks/apps_web_features_chat_realtime_547d524b._.js:592
[     650ms] [WARNING] [chat-realtime] noop transport: auth/profile user is not ready @ http://localhost:3001/_next/static/chunks/apps_web_features_chat_realtime_547d524b._.js:592
[     650ms] [WARNING] [chat-realtime] noop transport: auth/profile user is not ready @ http://localhost:3001/_next/static/chunks/apps_web_features_chat_realtime_547d524b._.js:592
[     650ms] [WARNING] [chat-realtime] noop transport: auth/profile user is not ready @ http://localhost:3001/_next/static/chunks/apps_web_features_chat_realtime_547d524b._.js:592
[     651ms] [WARNING] [chat-realtime] noop transport: auth/profile user is not ready @ http://localhost:3001/_next/static/chunks/apps_web_features_chat_realtime_547d524b._.js:592
[     651ms] [WARNING] [chat-realtime] noop transport: auth/profile user is not ready @ http://localhost:3001/_next/static/chunks/apps_web_features_chat_realtime_547d524b._.js:592
[     652ms] [WARNING] [chat-realtime] noop transport: auth/profile user is not ready @ http://localhost:3001/_next/static/chunks/apps_web_features_chat_realtime_547d524b._.js:592
[     652ms] [WARNING] [chat-realtime] noop transport: auth/profile user is not ready @ http://localhost:3001/_next/static/chunks/apps_web_features_chat_realtime_547d524b._.js:592
[     652ms] [WARNING] [chat-realtime] noop transport: auth/profile user is not ready @ http://localhost:3001/_next/static/chunks/apps_web_features_chat_realtime_547d524b._.js:592
[     652ms] [WARNING] [chat-realtime] noop transport: auth/profile user is not ready @ http://localhost:3001/_next/static/chunks/apps_web_features_chat_realtime_547d524b._.js:592
[     653ms] [WARNING] [chat-realtime] noop transport: auth/profile user is not ready @ http://localhost:3001/_next/static/chunks/apps_web_features_chat_realtime_547d524b._.js:592
[     653ms] [WARNING] [chat-realtime] noop transport: auth/profile user is not ready @ http://localhost:3001/_next/static/chunks/apps_web_features_chat_realtime_547d524b._.js:592
[     653ms] [WARNING] [chat-realtime] noop transport: auth/profile user is not ready @ http://localhost:3001/_next/static/chunks/apps_web_features_chat_realtime_547d524b._.js:592
[     653ms] [WARNING] [chat-realtime] noop transport: auth/profile user is not ready @ http://localhost:3001/_next/static/chunks/apps_web_features_chat_realtime_547d524b._.js:592
[     654ms] [WARNING] [chat-realtime] noop transport: auth/profile user is not ready @ http://localhost:3001/_next/static/chunks/apps_web_features_chat_realtime_547d524b._.js:592
[     654ms] [WARNING] [chat-realtime] noop transport: auth/profile user is not ready @ http://localhost:3001/_next/static/chunks/apps_web_features_chat_realtime_547d524b._.js:592
[     655ms] [WARNING] [chat-realtime] noop transport: auth/profile user is not ready @ http://localhost:3001/_next/static/chunks/apps_web_features_chat_realtime_547d524b._.js:592
[     655ms] [WARNING] [chat-realtime] noop transport: auth/profile user is not ready @ http://localhost:3001/_next/static/chunks/apps_web_features_chat_realtime_547d524b._.js:592
[     655ms] [WARNING] [chat-realtime] noop transport: auth/profile user is not ready @ http://localhost:3001/_next/static/chunks/apps_web_features_chat_realtime_547d524b._.js:592
[     655ms] [WARNING] [chat-realtime] noop transport: auth/profile user is not ready @ http://localhost:3001/_next/static/chunks/apps_web_features_chat_realtime_547d524b._.js:592
[     656ms] [WARNING] [chat-realtime] noop transport: auth/profile user is not ready @ http://localhost:3001/_next/static/chunks/apps_web_features_chat_realtime_547d524b._.js:592
[     656ms] [WARNING] [chat-realtime] noop transport: auth/profile user is not ready @ http://localhost:3001/_next/static/chunks/apps_web_features_chat_realtime_547d524b._.js:592
[     656ms] [WARNING] [chat-realtime] noop transport: auth/profile user is not ready @ http://localhost:3001/_next/static/chunks/apps_web_features_chat_realtime_547d524b._.js:592
[     656ms] [WARNING] [chat-realtime] noop transport: auth/profile user is not ready @ http://localhost:3001/_next/static/chunks/apps_web_features_chat_realtime_547d524b._.js:592
[     657ms] [WARNING] [chat-realtime] noop transport: auth/profile user is not ready @ http://localhost:3001/_next/static/chunks/apps_web_features_chat_realtime_547d524b._.js:592
[     657ms] [WARNING] [chat-realtime] noop transport: auth/profile user is not ready @ http://localhost:3001/_next/static/chunks/apps_web_features_chat_realtime_547d524b._.js:592
[     657ms] [WARNING] [chat-realtime] noop transport: auth/profile user is not ready @ http://localhost:3001/_next/static/chunks/apps_web_features_chat_realtime_547d524b._.js:592
[     657ms] [WARNING] [chat-realtime] noop transport: auth/profile user is not ready @ http://localhost:3001/_next/static/chunks/apps_web_features_chat_realtime_547d524b._.js:592
[     658ms] [WARNING] [chat-realtime] noop transport: auth/profile user is not ready @ http://localhost:3001/_next/static/chunks/apps_web_features_chat_realtime_547d524b._.js:592
[     658ms] [WARNING] [chat-realtime] noop transport: auth/profile user is not ready @ http://localhost:3001/_next/static/chunks/apps_web_features_chat_realtime_547d524b._.js:592
[     762ms] [LOG] %c[Vercel Web Analytics]%c Debug mode is enabled by default in development. No requests will be sent to the server. color: rgb(120, 120, 120) color: inherit @ https://va.vercel-scripts.com/v1/script.debug.js:0
[     762ms] [LOG] %c[Vercel Web Analytics]%c Running queued event color: rgb(120, 120, 120) color: inherit pageview {route: /waitlist, path: /waitlist} @ https://va.vercel-scripts.com/v1/script.debug.js:0
[     762ms] [LOG] %c[Vercel Web Analytics]%c Running queued event color: rgb(120, 120, 120) color: inherit pageview {route: /waitlist, path: /waitlist} @ https://va.vercel-scripts.com/v1/script.debug.js:0
[     762ms] [LOG] %c[Vercel Web Analytics]%c [view] http://localhost:3001/waitlist color: rgb(120, 120, 120) color: inherit {o: http://localhost:3001/waitlist, sv: 0.1.3, sdkn: @vercel/analytics/next, sdkv: 1.6.1, ts: 1785118029325} /_vercel/insights/view @ https://va.vercel-scripts.com/v1/script.debug.js:0
[     762ms] [LOG] %c[Vercel Web Analytics]%c [view] http://localhost:3001/waitlist color: rgb(120, 120, 120) color: inherit {o: http://localhost:3001/waitlist, sv: 0.1.3, sdkn: @vercel/analytics/next, sdkv: 1.6.1, ts: 1785118029325} /_vercel/insights/view @ https://va.vercel-scripts.com/v1/script.debug.js:0
[     762ms] [LOG] %c[Vercel Speed Insights]%c Debug mode is enabled by default in development. No requests will be sent to the server. color: rgb(120, 120, 120) color: inherit @ https://va.vercel-scripts.com/v1/speed-insights/script.debug.js:0
