[     223ms] [INFO] %cDownload the React DevTools for a better development experience: https://react.dev/link/react-devtools font-weight:bold @ http://localhost:3001/_next/static/chunks/b4b53_next_dist_compiled_react-dom_118a5282._.js:14537
[     319ms] [WARNING] [chat-realtime] noop transport: auth/profile user is not ready @ http://localhost:3001/_next/static/chunks/apps_web_features_chat_realtime_547d524b._.js:592
[     319ms] [WARNING] [chat-realtime] noop transport: auth/profile user is not ready @ http://localhost:3001/_next/static/chunks/apps_web_features_chat_realtime_547d524b._.js:592
[     331ms] [WARNING] [chat-realtime] noop transport: auth/profile user is not ready @ http://localhost:3001/_next/static/chunks/apps_web_features_chat_realtime_547d524b._.js:592
[     331ms] [WARNING] [chat-realtime] noop transport: auth/profile user is not ready @ http://localhost:3001/_next/static/chunks/apps_web_features_chat_realtime_547d524b._.js:592
[     334ms] [WARNING] [chat-realtime] noop transport: auth/profile user is not ready @ http://localhost:3001/_next/static/chunks/apps_web_features_chat_realtime_547d524b._.js:592
[     334ms] [WARNING] [chat-realtime] noop transport: auth/profile user is not ready @ http://localhost:3001/_next/static/chunks/apps_web_features_chat_realtime_547d524b._.js:592
[     337ms] [WARNING] [chat-realtime] noop transport: auth/profile user is not ready @ http://localhost:3001/_next/static/chunks/apps_web_features_chat_realtime_547d524b._.js:592
[     337ms] [WARNING] [chat-realtime] noop transport: auth/profile user is not ready @ http://localhost:3001/_next/static/chunks/apps_web_features_chat_realtime_547d524b._.js:592
[     340ms] [WARNING] [chat-realtime] noop transport: auth/profile user is not ready @ http://localhost:3001/_next/static/chunks/apps_web_features_chat_realtime_547d524b._.js:592
[     340ms] [WARNING] [chat-realtime] noop transport: auth/profile user is not ready @ http://localhost:3001/_next/static/chunks/apps_web_features_chat_realtime_547d524b._.js:592
[     343ms] [WARNING] [chat-realtime] noop transport: auth/profile user is not ready @ http://localhost:3001/_next/static/chunks/apps_web_features_chat_realtime_547d524b._.js:592
[     343ms] [WARNING] [chat-realtime] noop transport: auth/profile user is not ready @ http://localhost:3001/_next/static/chunks/apps_web_features_chat_realtime_547d524b._.js:592
[     346ms] [WARNING] [chat-realtime] noop transport: auth/profile user is not ready @ http://localhost:3001/_next/static/chunks/apps_web_features_chat_realtime_547d524b._.js:592
[     346ms] [WARNING] [chat-realtime] noop transport: auth/profile user is not ready @ http://localhost:3001/_next/static/chunks/apps_web_features_chat_realtime_547d524b._.js:592
[     348ms] [WARNING] [chat-realtime] noop transport: auth/profile user is not ready @ http://localhost:3001/_next/static/chunks/apps_web_features_chat_realtime_547d524b._.js:592
[     348ms] [WARNING] [chat-realtime] noop transport: auth/profile user is not ready @ http://localhost:3001/_next/static/chunks/apps_web_features_chat_realtime_547d524b._.js:592
[     351ms] [WARNING] Clerk: Clerk has been loaded with development keys. Development instances have strict usage limits and should not be used when deploying your application to production. Learn more: https://clerk.com/docs/deployments/overview @ https://polite-werewolf-55.clerk.accounts.dev/npm/@clerk/clerk-js@6/dist/clerk.browser.js:11
[     378ms] [WARNING] [chat-realtime] noop transport: auth/profile user is not ready @ http://localhost:3001/_next/static/chunks/apps_web_features_chat_realtime_547d524b._.js:592
[     378ms] [WARNING] [chat-realtime] noop transport: auth/profile user is not ready @ http://localhost:3001/_next/static/chunks/apps_web_features_chat_realtime_547d524b._.js:592
[     386ms] [WARNING] [chat-realtime] noop transport: auth/profile user is not ready @ http://localhost:3001/_next/static/chunks/apps_web_features_chat_realtime_547d524b._.js:592
[     386ms] [WARNING] [chat-realtime] noop transport: auth/profile user is not ready @ http://localhost:3001/_next/static/chunks/apps_web_features_chat_realtime_547d524b._.js:592
[     391ms] [WARNING] [chat-realtime] noop transport: auth/profile user is not ready @ http://localhost:3001/_next/static/chunks/apps_web_features_chat_realtime_547d524b._.js:592
[     391ms] [WARNING] [chat-realtime] noop transport: auth/profile user is not ready @ http://localhost:3001/_next/static/chunks/apps_web_features_chat_realtime_547d524b._.js:592
[     394ms] [WARNING] [chat-realtime] noop transport: auth/profile user is not ready @ http://localhost:3001/_next/static/chunks/apps_web_features_chat_realtime_547d524b._.js:592
[     394ms] [WARNING] [chat-realtime] noop transport: auth/profile user is not ready @ http://localhost:3001/_next/static/chunks/apps_web_features_chat_realtime_547d524b._.js:592
[     397ms] [WARNING] [chat-realtime] noop transport: auth/profile user is not ready @ http://localhost:3001/_next/static/chunks/apps_web_features_chat_realtime_547d524b._.js:592
[     397ms] [WARNING] [chat-realtime] noop transport: auth/profile user is not ready @ http://localhost:3001/_next/static/chunks/apps_web_features_chat_realtime_547d524b._.js:592
[     399ms] [WARNING] [chat-realtime] noop transport: auth/profile user is not ready @ http://localhost:3001/_next/static/chunks/apps_web_features_chat_realtime_547d524b._.js:592
[     399ms] [WARNING] [chat-realtime] noop transport: auth/profile user is not ready @ http://localhost:3001/_next/static/chunks/apps_web_features_chat_realtime_547d524b._.js:592
[     401ms] [WARNING] [chat-realtime] noop transport: auth/profile user is not ready @ http://localhost:3001/_next/static/chunks/apps_web_features_chat_realtime_547d524b._.js:592
[     401ms] [WARNING] [chat-realtime] noop transport: auth/profile user is not ready @ http://localhost:3001/_next/static/chunks/apps_web_features_chat_realtime_547d524b._.js:592
[     403ms] [WARNING] [chat-realtime] noop transport: auth/profile user is not ready @ http://localhost:3001/_next/static/chunks/apps_web_features_chat_realtime_547d524b._.js:592
[     403ms] [WARNING] [chat-realtime] noop transport: auth/profile user is not ready @ http://localhost:3001/_next/static/chunks/apps_web_features_chat_realtime_547d524b._.js:592
[     405ms] [WARNING] [chat-realtime] noop transport: auth/profile user is not ready @ http://localhost:3001/_next/static/chunks/apps_web_features_chat_realtime_547d524b._.js:592
[     405ms] [WARNING] [chat-realtime] noop transport: auth/profile user is not ready @ http://localhost:3001/_next/static/chunks/apps_web_features_chat_realtime_547d524b._.js:592
[     407ms] [WARNING] [chat-realtime] noop transport: auth/profile user is not ready @ http://localhost:3001/_next/static/chunks/apps_web_features_chat_realtime_547d524b._.js:592
[     407ms] [WARNING] [chat-realtime] noop transport: auth/profile user is not ready @ http://localhost:3001/_next/static/chunks/apps_web_features_chat_realtime_547d524b._.js:592
[     408ms] [WARNING] [chat-realtime] noop transport: auth/profile user is not ready @ http://localhost:3001/_next/static/chunks/apps_web_features_chat_realtime_547d524b._.js:592
[     408ms] [WARNING] [chat-realtime] noop transport: auth/profile user is not ready @ http://localhost:3001/_next/static/chunks/apps_web_features_chat_realtime_547d524b._.js:592
[     410ms] [WARNING] [chat-realtime] noop transport: auth/profile user is not ready @ http://localhost:3001/_next/static/chunks/apps_web_features_chat_realtime_547d524b._.js:592
[     410ms] [WARNING] [chat-realtime] noop transport: auth/profile user is not ready @ http://localhost:3001/_next/static/chunks/apps_web_features_chat_realtime_547d524b._.js:592
[     412ms] [WARNING] [chat-realtime] noop transport: auth/profile user is not ready @ http://localhost:3001/_next/static/chunks/apps_web_features_chat_realtime_547d524b._.js:592
[     412ms] [WARNING] [chat-realtime] noop transport: auth/profile user is not ready @ http://localhost:3001/_next/static/chunks/apps_web_features_chat_realtime_547d524b._.js:592
[     414ms] [WARNING] [chat-realtime] noop transport: auth/profile user is not ready @ http://localhost:3001/_next/static/chunks/apps_web_features_chat_realtime_547d524b._.js:592
[     414ms] [WARNING] [chat-realtime] noop transport: auth/profile user is not ready @ http://localhost:3001/_next/static/chunks/apps_web_features_chat_realtime_547d524b._.js:592
[     416ms] [WARNING] [chat-realtime] noop transport: auth/profile user is not ready @ http://localhost:3001/_next/static/chunks/apps_web_features_chat_realtime_547d524b._.js:592
[     416ms] [WARNING] [chat-realtime] noop transport: auth/profile user is not ready @ http://localhost:3001/_next/static/chunks/apps_web_features_chat_realtime_547d524b._.js:592
[     418ms] [WARNING] [chat-realtime] noop transport: auth/profile user is not ready @ http://localhost:3001/_next/static/chunks/apps_web_features_chat_realtime_547d524b._.js:592
[     418ms] [WARNING] [chat-realtime] noop transport: auth/profile user is not ready @ http://localhost:3001/_next/static/chunks/apps_web_features_chat_realtime_547d524b._.js:592
[     429ms] [WARNING] [chat-realtime] noop transport: auth/profile user is not ready @ http://localhost:3001/_next/static/chunks/apps_web_features_chat_realtime_547d524b._.js:592
[     429ms] [WARNING] [chat-realtime] noop transport: auth/profile user is not ready @ http://localhost:3001/_next/static/chunks/apps_web_features_chat_realtime_547d524b._.js:592
[     431ms] [WARNING] [chat-realtime] noop transport: auth/profile user is not ready @ http://localhost:3001/_next/static/chunks/apps_web_features_chat_realtime_547d524b._.js:592
[     431ms] [WARNING] [chat-realtime] noop transport: auth/profile user is not ready @ http://localhost:3001/_next/static/chunks/apps_web_features_chat_realtime_547d524b._.js:592
[     433ms] [WARNING] [chat-realtime] noop transport: auth/profile user is not ready @ http://localhost:3001/_next/static/chunks/apps_web_features_chat_realtime_547d524b._.js:592
[     433ms] [WARNING] [chat-realtime] noop transport: auth/profile user is not ready @ http://localhost:3001/_next/static/chunks/apps_web_features_chat_realtime_547d524b._.js:592
[     436ms] [WARNING] [chat-realtime] noop transport: auth/profile user is not ready @ http://localhost:3001/_next/static/chunks/apps_web_features_chat_realtime_547d524b._.js:592
[     436ms] [WARNING] [chat-realtime] noop transport: auth/profile user is not ready @ http://localhost:3001/_next/static/chunks/apps_web_features_chat_realtime_547d524b._.js:592
[     438ms] [WARNING] [chat-realtime] noop transport: auth/profile user is not ready @ http://localhost:3001/_next/static/chunks/apps_web_features_chat_realtime_547d524b._.js:592
[     438ms] [WARNING] [chat-realtime] noop transport: auth/profile user is not ready @ http://localhost:3001/_next/static/chunks/apps_web_features_chat_realtime_547d524b._.js:592
[     440ms] [WARNING] [chat-realtime] noop transport: auth/profile user is not ready @ http://localhost:3001/_next/static/chunks/apps_web_features_chat_realtime_547d524b._.js:592
[     440ms] [WARNING] [chat-realtime] noop transport: auth/profile user is not ready @ http://localhost:3001/_next/static/chunks/apps_web_features_chat_realtime_547d524b._.js:592
[     444ms] [WARNING] [chat-realtime] noop transport: auth/profile user is not ready @ http://localhost:3001/_next/static/chunks/apps_web_features_chat_realtime_547d524b._.js:592
[     445ms] [WARNING] [chat-realtime] noop transport: auth/profile user is not ready @ http://localhost:3001/_next/static/chunks/apps_web_features_chat_realtime_547d524b._.js:592
[     447ms] [WARNING] [chat-realtime] noop transport: auth/profile user is not ready @ http://localhost:3001/_next/static/chunks/apps_web_features_chat_realtime_547d524b._.js:592
[     447ms] [WARNING] [chat-realtime] noop transport: auth/profile user is not ready @ http://localhost:3001/_next/static/chunks/apps_web_features_chat_realtime_547d524b._.js:592
[     449ms] [WARNING] [chat-realtime] noop transport: auth/profile user is not ready @ http://localhost:3001/_next/static/chunks/apps_web_features_chat_realtime_547d524b._.js:592
[     449ms] [WARNING] [chat-realtime] noop transport: auth/profile user is not ready @ http://localhost:3001/_next/static/chunks/apps_web_features_chat_realtime_547d524b._.js:592
[     451ms] [WARNING] [chat-realtime] noop transport: auth/profile user is not ready @ http://localhost:3001/_next/static/chunks/apps_web_features_chat_realtime_547d524b._.js:592
[     451ms] [WARNING] [chat-realtime] noop transport: auth/profile user is not ready @ http://localhost:3001/_next/static/chunks/apps_web_features_chat_realtime_547d524b._.js:592
[     453ms] [WARNING] [chat-realtime] noop transport: auth/profile user is not ready @ http://localhost:3001/_next/static/chunks/apps_web_features_chat_realtime_547d524b._.js:592
[     453ms] [WARNING] [chat-realtime] noop transport: auth/profile user is not ready @ http://localhost:3001/_next/static/chunks/apps_web_features_chat_realtime_547d524b._.js:592
[     456ms] [WARNING] [chat-realtime] noop transport: auth/profile user is not ready @ http://localhost:3001/_next/static/chunks/apps_web_features_chat_realtime_547d524b._.js:592
[     456ms] [WARNING] [chat-realtime] noop transport: auth/profile user is not ready @ http://localhost:3001/_next/static/chunks/apps_web_features_chat_realtime_547d524b._.js:592
[     458ms] [WARNING] [chat-realtime] noop transport: auth/profile user is not ready @ http://localhost:3001/_next/static/chunks/apps_web_features_chat_realtime_547d524b._.js:592
[     458ms] [WARNING] [chat-realtime] noop transport: auth/profile user is not ready @ http://localhost:3001/_next/static/chunks/apps_web_features_chat_realtime_547d524b._.js:592
[     460ms] [WARNING] [chat-realtime] noop transport: auth/profile user is not ready @ http://localhost:3001/_next/static/chunks/apps_web_features_chat_realtime_547d524b._.js:592
[     460ms] [WARNING] [chat-realtime] noop transport: auth/profile user is not ready @ http://localhost:3001/_next/static/chunks/apps_web_features_chat_realtime_547d524b._.js:592
[     462ms] [WARNING] [chat-realtime] noop transport: auth/profile user is not ready @ http://localhost:3001/_next/static/chunks/apps_web_features_chat_realtime_547d524b._.js:592
[     462ms] [WARNING] [chat-realtime] noop transport: auth/profile user is not ready @ http://localhost:3001/_next/static/chunks/apps_web_features_chat_realtime_547d524b._.js:592
[     464ms] [WARNING] [chat-realtime] noop transport: auth/profile user is not ready @ http://localhost:3001/_next/static/chunks/apps_web_features_chat_realtime_547d524b._.js:592
[     464ms] [WARNING] [chat-realtime] noop transport: auth/profile user is not ready @ http://localhost:3001/_next/static/chunks/apps_web_features_chat_realtime_547d524b._.js:592
[     466ms] [WARNING] [chat-realtime] noop transport: auth/profile user is not ready @ http://localhost:3001/_next/static/chunks/apps_web_features_chat_realtime_547d524b._.js:592
[     466ms] [WARNING] [chat-realtime] noop transport: auth/profile user is not ready @ http://localhost:3001/_next/static/chunks/apps_web_features_chat_realtime_547d524b._.js:592
[     468ms] [WARNING] [chat-realtime] noop transport: auth/profile user is not ready @ http://localhost:3001/_next/static/chunks/apps_web_features_chat_realtime_547d524b._.js:592
[     468ms] [WARNING] [chat-realtime] noop transport: auth/profile user is not ready @ http://localhost:3001/_next/static/chunks/apps_web_features_chat_realtime_547d524b._.js:592
[     471ms] [WARNING] [chat-realtime] noop transport: auth/profile user is not ready @ http://localhost:3001/_next/static/chunks/apps_web_features_chat_realtime_547d524b._.js:592
[     471ms] [WARNING] [chat-realtime] noop transport: auth/profile user is not ready @ http://localhost:3001/_next/static/chunks/apps_web_features_chat_realtime_547d524b._.js:592
[     473ms] [WARNING] [chat-realtime] noop transport: auth/profile user is not ready @ http://localhost:3001/_next/static/chunks/apps_web_features_chat_realtime_547d524b._.js:592
[     473ms] [WARNING] [chat-realtime] noop transport: auth/profile user is not ready @ http://localhost:3001/_next/static/chunks/apps_web_features_chat_realtime_547d524b._.js:592
[     475ms] [WARNING] [chat-realtime] noop transport: auth/profile user is not ready @ http://localhost:3001/_next/static/chunks/apps_web_features_chat_realtime_547d524b._.js:592
[     475ms] [WARNING] [chat-realtime] noop transport: auth/profile user is not ready @ http://localhost:3001/_next/static/chunks/apps_web_features_chat_realtime_547d524b._.js:592
[     477ms] [WARNING] [chat-realtime] noop transport: auth/profile user is not ready @ http://localhost:3001/_next/static/chunks/apps_web_features_chat_realtime_547d524b._.js:592
[     477ms] [WARNING] [chat-realtime] noop transport: auth/profile user is not ready @ http://localhost:3001/_next/static/chunks/apps_web_features_chat_realtime_547d524b._.js:592
[     479ms] [WARNING] [chat-realtime] noop transport: auth/profile user is not ready @ http://localhost:3001/_next/static/chunks/apps_web_features_chat_realtime_547d524b._.js:592
[     479ms] [WARNING] [chat-realtime] noop transport: auth/profile user is not ready @ http://localhost:3001/_next/static/chunks/apps_web_features_chat_realtime_547d524b._.js:592
[     481ms] [WARNING] [chat-realtime] noop transport: auth/profile user is not ready @ http://localhost:3001/_next/static/chunks/apps_web_features_chat_realtime_547d524b._.js:592
[     481ms] [WARNING] [chat-realtime] noop transport: auth/profile user is not ready @ http://localhost:3001/_next/static/chunks/apps_web_features_chat_realtime_547d524b._.js:592
[     483ms] [WARNING] [chat-realtime] noop transport: auth/profile user is not ready @ http://localhost:3001/_next/static/chunks/apps_web_features_chat_realtime_547d524b._.js:592
[     483ms] [WARNING] [chat-realtime] noop transport: auth/profile user is not ready @ http://localhost:3001/_next/static/chunks/apps_web_features_chat_realtime_547d524b._.js:592
[     485ms] [WARNING] [chat-realtime] noop transport: auth/profile user is not ready @ http://localhost:3001/_next/static/chunks/apps_web_features_chat_realtime_547d524b._.js:592
[     485ms] [WARNING] [chat-realtime] noop transport: auth/profile user is not ready @ http://localhost:3001/_next/static/chunks/apps_web_features_chat_realtime_547d524b._.js:592
[     487ms] [WARNING] [chat-realtime] noop transport: auth/profile user is not ready @ http://localhost:3001/_next/static/chunks/apps_web_features_chat_realtime_547d524b._.js:592
[     487ms] [WARNING] [chat-realtime] noop transport: auth/profile user is not ready @ http://localhost:3001/_next/static/chunks/apps_web_features_chat_realtime_547d524b._.js:592
[     489ms] [WARNING] [chat-realtime] noop transport: auth/profile user is not ready @ http://localhost:3001/_next/static/chunks/apps_web_features_chat_realtime_547d524b._.js:592
[     489ms] [WARNING] [chat-realtime] noop transport: auth/profile user is not ready @ http://localhost:3001/_next/static/chunks/apps_web_features_chat_realtime_547d524b._.js:592
[     491ms] [WARNING] [chat-realtime] noop transport: auth/profile user is not ready @ http://localhost:3001/_next/static/chunks/apps_web_features_chat_realtime_547d524b._.js:592
[     491ms] [WARNING] [chat-realtime] noop transport: auth/profile user is not ready @ http://localhost:3001/_next/static/chunks/apps_web_features_chat_realtime_547d524b._.js:592
[     493ms] [WARNING] [chat-realtime] noop transport: auth/profile user is not ready @ http://localhost:3001/_next/static/chunks/apps_web_features_chat_realtime_547d524b._.js:592
[     493ms] [WARNING] [chat-realtime] noop transport: auth/profile user is not ready @ http://localhost:3001/_next/static/chunks/apps_web_features_chat_realtime_547d524b._.js:592
[     495ms] [WARNING] [chat-realtime] noop transport: auth/profile user is not ready @ http://localhost:3001/_next/static/chunks/apps_web_features_chat_realtime_547d524b._.js:592
[     495ms] [WARNING] [chat-realtime] noop transport: auth/profile user is not ready @ http://localhost:3001/_next/static/chunks/apps_web_features_chat_realtime_547d524b._.js:592
[     498ms] [WARNING] [chat-realtime] noop transport: auth/profile user is not ready @ http://localhost:3001/_next/static/chunks/apps_web_features_chat_realtime_547d524b._.js:592
[     498ms] [WARNING] [chat-realtime] noop transport: auth/profile user is not ready @ http://localhost:3001/_next/static/chunks/apps_web_features_chat_realtime_547d524b._.js:592
[     499ms] [WARNING] [chat-realtime] noop transport: auth/profile user is not ready @ http://localhost:3001/_next/static/chunks/apps_web_features_chat_realtime_547d524b._.js:592
[     499ms] [WARNING] [chat-realtime] noop transport: auth/profile user is not ready @ http://localhost:3001/_next/static/chunks/apps_web_features_chat_realtime_547d524b._.js:592
[     501ms] [WARNING] [chat-realtime] noop transport: auth/profile user is not ready @ http://localhost:3001/_next/static/chunks/apps_web_features_chat_realtime_547d524b._.js:592
[     502ms] [WARNING] [chat-realtime] noop transport: auth/profile user is not ready @ http://localhost:3001/_next/static/chunks/apps_web_features_chat_realtime_547d524b._.js:592
[     726ms] [LOG] %c[Vercel Web Analytics]%c Debug mode is enabled by default in development. No requests will be sent to the server. color: rgb(120, 120, 120) color: inherit @ https://va.vercel-scripts.com/v1/script.debug.js:0
[     726ms] [LOG] %c[Vercel Web Analytics]%c Running queued event color: rgb(120, 120, 120) color: inherit pageview {route: /waitlist, path: /waitlist} @ https://va.vercel-scripts.com/v1/script.debug.js:0
[     726ms] [LOG] %c[Vercel Web Analytics]%c Running queued event color: rgb(120, 120, 120) color: inherit pageview {route: /waitlist, path: /waitlist} @ https://va.vercel-scripts.com/v1/script.debug.js:0
[     726ms] [LOG] %c[Vercel Web Analytics]%c [view] http://localhost:3001/waitlist color: rgb(120, 120, 120) color: inherit {o: http://localhost:3001/waitlist, sv: 0.1.3, sdkn: @vercel/analytics/next, sdkv: 1.6.1, ts: 1785117745414} /_vercel/insights/view @ https://va.vercel-scripts.com/v1/script.debug.js:0
[     726ms] [LOG] %c[Vercel Web Analytics]%c [view] http://localhost:3001/waitlist color: rgb(120, 120, 120) color: inherit {o: http://localhost:3001/waitlist, sv: 0.1.3, sdkn: @vercel/analytics/next, sdkv: 1.6.1, ts: 1785117745414} /_vercel/insights/view @ https://va.vercel-scripts.com/v1/script.debug.js:0
[     727ms] [LOG] %c[Vercel Speed Insights]%c Debug mode is enabled by default in development. No requests will be sent to the server. color: rgb(120, 120, 120) color: inherit @ https://va.vercel-scripts.com/v1/speed-insights/script.debug.js:0
[    3220ms] [LOG] [Fast Refresh] rebuilding @ http://localhost:3001/_next/static/chunks/b4b53_next_dist_client_03dc7489._.js:5956
[    3312ms] [LOG] [Fast Refresh] done in 192ms @ http://localhost:3001/_next/static/chunks/b4b53_next_dist_client_03dc7489._.js:5816
