[     126ms] [INFO] %cDownload the React DevTools for a better development experience: https://react.dev/link/react-devtools font-weight:bold @ http://localhost:3000/_next/static/chunks/b4b53_next_dist_compiled_react-dom_118a5282._.js:14537
[     211ms] [WARNING] [chat-realtime] noop transport: auth/profile user is not ready @ http://localhost:3000/_next/static/chunks/apps_web_features_chat_realtime_547d524b._.js:592
[     211ms] [WARNING] [chat-realtime] noop transport: auth/profile user is not ready @ http://localhost:3000/_next/static/chunks/apps_web_features_chat_realtime_547d524b._.js:592
[     219ms] [WARNING] [chat-realtime] noop transport: auth/profile user is not ready @ http://localhost:3000/_next/static/chunks/apps_web_features_chat_realtime_547d524b._.js:592
[     219ms] [WARNING] [chat-realtime] noop transport: auth/profile user is not ready @ http://localhost:3000/_next/static/chunks/apps_web_features_chat_realtime_547d524b._.js:592
[     221ms] [WARNING] [chat-realtime] noop transport: auth/profile user is not ready @ http://localhost:3000/_next/static/chunks/apps_web_features_chat_realtime_547d524b._.js:592
[     221ms] [WARNING] [chat-realtime] noop transport: auth/profile user is not ready @ http://localhost:3000/_next/static/chunks/apps_web_features_chat_realtime_547d524b._.js:592
[     230ms] [WARNING] [chat-realtime] noop transport: auth/profile user is not ready @ http://localhost:3000/_next/static/chunks/apps_web_features_chat_realtime_547d524b._.js:592
[     230ms] [WARNING] [chat-realtime] noop transport: auth/profile user is not ready @ http://localhost:3000/_next/static/chunks/apps_web_features_chat_realtime_547d524b._.js:592
[     242ms] [WARNING] [chat-realtime] noop transport: auth/profile user is not ready @ http://localhost:3000/_next/static/chunks/apps_web_features_chat_realtime_547d524b._.js:592
[     242ms] [WARNING] [chat-realtime] noop transport: auth/profile user is not ready @ http://localhost:3000/_next/static/chunks/apps_web_features_chat_realtime_547d524b._.js:592
[     245ms] [WARNING] [chat-realtime] noop transport: auth/profile user is not ready @ http://localhost:3000/_next/static/chunks/apps_web_features_chat_realtime_547d524b._.js:592
[     245ms] [WARNING] [chat-realtime] noop transport: auth/profile user is not ready @ http://localhost:3000/_next/static/chunks/apps_web_features_chat_realtime_547d524b._.js:592
[     250ms] [WARNING] [chat-realtime] noop transport: auth/profile user is not ready @ http://localhost:3000/_next/static/chunks/apps_web_features_chat_realtime_547d524b._.js:592
[     250ms] [WARNING] [chat-realtime] noop transport: auth/profile user is not ready @ http://localhost:3000/_next/static/chunks/apps_web_features_chat_realtime_547d524b._.js:592
[     252ms] [WARNING] [chat-realtime] noop transport: auth/profile user is not ready @ http://localhost:3000/_next/static/chunks/apps_web_features_chat_realtime_547d524b._.js:592
[     252ms] [WARNING] [chat-realtime] noop transport: auth/profile user is not ready @ http://localhost:3000/_next/static/chunks/apps_web_features_chat_realtime_547d524b._.js:592
[     254ms] [WARNING] [chat-realtime] noop transport: auth/profile user is not ready @ http://localhost:3000/_next/static/chunks/apps_web_features_chat_realtime_547d524b._.js:592
[     254ms] [WARNING] [chat-realtime] noop transport: auth/profile user is not ready @ http://localhost:3000/_next/static/chunks/apps_web_features_chat_realtime_547d524b._.js:592
[     257ms] [WARNING] [chat-realtime] noop transport: auth/profile user is not ready @ http://localhost:3000/_next/static/chunks/apps_web_features_chat_realtime_547d524b._.js:592
[     257ms] [WARNING] [chat-realtime] noop transport: auth/profile user is not ready @ http://localhost:3000/_next/static/chunks/apps_web_features_chat_realtime_547d524b._.js:592
[     259ms] [WARNING] [chat-realtime] noop transport: auth/profile user is not ready @ http://localhost:3000/_next/static/chunks/apps_web_features_chat_realtime_547d524b._.js:592
[     259ms] [WARNING] [chat-realtime] noop transport: auth/profile user is not ready @ http://localhost:3000/_next/static/chunks/apps_web_features_chat_realtime_547d524b._.js:592
[     260ms] [WARNING] [chat-realtime] noop transport: auth/profile user is not ready @ http://localhost:3000/_next/static/chunks/apps_web_features_chat_realtime_547d524b._.js:592
[     260ms] [WARNING] [chat-realtime] noop transport: auth/profile user is not ready @ http://localhost:3000/_next/static/chunks/apps_web_features_chat_realtime_547d524b._.js:592
[     262ms] [WARNING] [chat-realtime] noop transport: auth/profile user is not ready @ http://localhost:3000/_next/static/chunks/apps_web_features_chat_realtime_547d524b._.js:592
[     262ms] [WARNING] [chat-realtime] noop transport: auth/profile user is not ready @ http://localhost:3000/_next/static/chunks/apps_web_features_chat_realtime_547d524b._.js:592
[     264ms] [WARNING] [chat-realtime] noop transport: auth/profile user is not ready @ http://localhost:3000/_next/static/chunks/apps_web_features_chat_realtime_547d524b._.js:592
[     264ms] [WARNING] [chat-realtime] noop transport: auth/profile user is not ready @ http://localhost:3000/_next/static/chunks/apps_web_features_chat_realtime_547d524b._.js:592
[     266ms] [WARNING] [chat-realtime] noop transport: auth/profile user is not ready @ http://localhost:3000/_next/static/chunks/apps_web_features_chat_realtime_547d524b._.js:592
[     266ms] [WARNING] [chat-realtime] noop transport: auth/profile user is not ready @ http://localhost:3000/_next/static/chunks/apps_web_features_chat_realtime_547d524b._.js:592
[     268ms] [WARNING] [chat-realtime] noop transport: auth/profile user is not ready @ http://localhost:3000/_next/static/chunks/apps_web_features_chat_realtime_547d524b._.js:592
[     268ms] [WARNING] [chat-realtime] noop transport: auth/profile user is not ready @ http://localhost:3000/_next/static/chunks/apps_web_features_chat_realtime_547d524b._.js:592
[     270ms] [WARNING] [chat-realtime] noop transport: auth/profile user is not ready @ http://localhost:3000/_next/static/chunks/apps_web_features_chat_realtime_547d524b._.js:592
[     270ms] [WARNING] [chat-realtime] noop transport: auth/profile user is not ready @ http://localhost:3000/_next/static/chunks/apps_web_features_chat_realtime_547d524b._.js:592
[     272ms] [WARNING] [chat-realtime] noop transport: auth/profile user is not ready @ http://localhost:3000/_next/static/chunks/apps_web_features_chat_realtime_547d524b._.js:592
[     272ms] [WARNING] [chat-realtime] noop transport: auth/profile user is not ready @ http://localhost:3000/_next/static/chunks/apps_web_features_chat_realtime_547d524b._.js:592
[     274ms] [WARNING] [chat-realtime] noop transport: auth/profile user is not ready @ http://localhost:3000/_next/static/chunks/apps_web_features_chat_realtime_547d524b._.js:592
[     274ms] [WARNING] [chat-realtime] noop transport: auth/profile user is not ready @ http://localhost:3000/_next/static/chunks/apps_web_features_chat_realtime_547d524b._.js:592
[     275ms] [WARNING] [chat-realtime] noop transport: auth/profile user is not ready @ http://localhost:3000/_next/static/chunks/apps_web_features_chat_realtime_547d524b._.js:592
[     276ms] [WARNING] [chat-realtime] noop transport: auth/profile user is not ready @ http://localhost:3000/_next/static/chunks/apps_web_features_chat_realtime_547d524b._.js:592
[     277ms] [WARNING] [chat-realtime] noop transport: auth/profile user is not ready @ http://localhost:3000/_next/static/chunks/apps_web_features_chat_realtime_547d524b._.js:592
[     277ms] [WARNING] [chat-realtime] noop transport: auth/profile user is not ready @ http://localhost:3000/_next/static/chunks/apps_web_features_chat_realtime_547d524b._.js:592
[     283ms] [WARNING] [chat-realtime] noop transport: auth/profile user is not ready @ http://localhost:3000/_next/static/chunks/apps_web_features_chat_realtime_547d524b._.js:592
[     283ms] [WARNING] [chat-realtime] noop transport: auth/profile user is not ready @ http://localhost:3000/_next/static/chunks/apps_web_features_chat_realtime_547d524b._.js:592
[     285ms] [WARNING] [chat-realtime] noop transport: auth/profile user is not ready @ http://localhost:3000/_next/static/chunks/apps_web_features_chat_realtime_547d524b._.js:592
[     285ms] [WARNING] [chat-realtime] noop transport: auth/profile user is not ready @ http://localhost:3000/_next/static/chunks/apps_web_features_chat_realtime_547d524b._.js:592
[     286ms] [WARNING] [chat-realtime] noop transport: auth/profile user is not ready @ http://localhost:3000/_next/static/chunks/apps_web_features_chat_realtime_547d524b._.js:592
[     286ms] [WARNING] [chat-realtime] noop transport: auth/profile user is not ready @ http://localhost:3000/_next/static/chunks/apps_web_features_chat_realtime_547d524b._.js:592
[     288ms] [WARNING] [chat-realtime] noop transport: auth/profile user is not ready @ http://localhost:3000/_next/static/chunks/apps_web_features_chat_realtime_547d524b._.js:592
[     288ms] [WARNING] [chat-realtime] noop transport: auth/profile user is not ready @ http://localhost:3000/_next/static/chunks/apps_web_features_chat_realtime_547d524b._.js:592
[     289ms] [WARNING] [chat-realtime] noop transport: auth/profile user is not ready @ http://localhost:3000/_next/static/chunks/apps_web_features_chat_realtime_547d524b._.js:592
[     289ms] [WARNING] [chat-realtime] noop transport: auth/profile user is not ready @ http://localhost:3000/_next/static/chunks/apps_web_features_chat_realtime_547d524b._.js:592
[     291ms] [WARNING] [chat-realtime] noop transport: auth/profile user is not ready @ http://localhost:3000/_next/static/chunks/apps_web_features_chat_realtime_547d524b._.js:592
[     291ms] [WARNING] [chat-realtime] noop transport: auth/profile user is not ready @ http://localhost:3000/_next/static/chunks/apps_web_features_chat_realtime_547d524b._.js:592
[     292ms] [WARNING] [chat-realtime] noop transport: auth/profile user is not ready @ http://localhost:3000/_next/static/chunks/apps_web_features_chat_realtime_547d524b._.js:592
[     292ms] [WARNING] [chat-realtime] noop transport: auth/profile user is not ready @ http://localhost:3000/_next/static/chunks/apps_web_features_chat_realtime_547d524b._.js:592
[     294ms] [WARNING] [chat-realtime] noop transport: auth/profile user is not ready @ http://localhost:3000/_next/static/chunks/apps_web_features_chat_realtime_547d524b._.js:592
[     295ms] [WARNING] [chat-realtime] noop transport: auth/profile user is not ready @ http://localhost:3000/_next/static/chunks/apps_web_features_chat_realtime_547d524b._.js:592
[     297ms] [WARNING] [chat-realtime] noop transport: auth/profile user is not ready @ http://localhost:3000/_next/static/chunks/apps_web_features_chat_realtime_547d524b._.js:592
[     297ms] [WARNING] [chat-realtime] noop transport: auth/profile user is not ready @ http://localhost:3000/_next/static/chunks/apps_web_features_chat_realtime_547d524b._.js:592
[     321ms] [WARNING] [chat-realtime] noop transport: auth/profile user is not ready @ http://localhost:3000/_next/static/chunks/apps_web_features_chat_realtime_547d524b._.js:592
[     321ms] [WARNING] [chat-realtime] noop transport: auth/profile user is not ready @ http://localhost:3000/_next/static/chunks/apps_web_features_chat_realtime_547d524b._.js:592
[     345ms] [WARNING] Clerk: Clerk has been loaded with development keys. Development instances have strict usage limits and should not be used when deploying your application to production. Learn more: https://clerk.com/docs/deployments/overview @ https://polite-werewolf-55.clerk.accounts.dev/npm/@clerk/clerk-js@6/dist/clerk.browser.js:11
[     465ms] [WARNING] [chat-realtime] noop transport: auth/profile user is not ready @ http://localhost:3000/_next/static/chunks/apps_web_features_chat_realtime_547d524b._.js:592
[     465ms] [WARNING] [chat-realtime] noop transport: auth/profile user is not ready @ http://localhost:3000/_next/static/chunks/apps_web_features_chat_realtime_547d524b._.js:592
[     467ms] [WARNING] [chat-realtime] noop transport: auth/profile user is not ready @ http://localhost:3000/_next/static/chunks/apps_web_features_chat_realtime_547d524b._.js:592
[     467ms] [WARNING] [chat-realtime] noop transport: auth/profile user is not ready @ http://localhost:3000/_next/static/chunks/apps_web_features_chat_realtime_547d524b._.js:592
[     691ms] [LOG] %c[Vercel Web Analytics]%c Debug mode is enabled by default in development. No requests will be sent to the server. color: rgb(120, 120, 120) color: inherit @ https://va.vercel-scripts.com/v1/script.debug.js:0
[     691ms] [LOG] %c[Vercel Web Analytics]%c Running queued event color: rgb(120, 120, 120) color: inherit pageview {route: /waitlist, path: /waitlist} @ https://va.vercel-scripts.com/v1/script.debug.js:0
[     691ms] [LOG] %c[Vercel Web Analytics]%c Running queued event color: rgb(120, 120, 120) color: inherit pageview {route: /waitlist, path: /waitlist} @ https://va.vercel-scripts.com/v1/script.debug.js:0
[     691ms] [LOG] %c[Vercel Web Analytics]%c [view] http://localhost:3000/waitlist color: rgb(120, 120, 120) color: inherit {o: http://localhost:3000/waitlist, sv: 0.1.3, sdkn: @vercel/analytics/next, sdkv: 1.6.1, ts: 1785116751550} /_vercel/insights/view @ https://va.vercel-scripts.com/v1/script.debug.js:0
[     691ms] [LOG] %c[Vercel Web Analytics]%c [view] http://localhost:3000/waitlist color: rgb(120, 120, 120) color: inherit {o: http://localhost:3000/waitlist, sv: 0.1.3, sdkn: @vercel/analytics/next, sdkv: 1.6.1, ts: 1785116751550} /_vercel/insights/view @ https://va.vercel-scripts.com/v1/script.debug.js:0
[     692ms] [LOG] %c[Vercel Speed Insights]%c Debug mode is enabled by default in development. No requests will be sent to the server. color: rgb(120, 120, 120) color: inherit @ https://va.vercel-scripts.com/v1/speed-insights/script.debug.js:0
