[    5248ms] [INFO] %cDownload the React DevTools for a better development experience: https://react.dev/link/react-devtools font-weight:bold @ http://localhost:3001/_next/static/chunks/b4b53_next_dist_compiled_react-dom_118a5282._.js:14537
[    5374ms] [WARNING] [chat-realtime] noop transport: auth/profile user is not ready @ http://localhost:3001/_next/static/chunks/apps_web_features_chat_realtime_547d524b._.js:592
[    5374ms] [WARNING] [chat-realtime] noop transport: auth/profile user is not ready @ http://localhost:3001/_next/static/chunks/apps_web_features_chat_realtime_547d524b._.js:592
[    5473ms] [LOG] [Fast Refresh] rebuilding @ http://localhost:3001/_next/static/chunks/b4b53_next_dist_client_03dc7489._.js:5956
[    5476ms] [WARNING] [chat-realtime] noop transport: auth/profile user is not ready @ http://localhost:3001/_next/static/chunks/apps_web_features_chat_realtime_547d524b._.js:592
[    5476ms] [WARNING] [chat-realtime] noop transport: auth/profile user is not ready @ http://localhost:3001/_next/static/chunks/apps_web_features_chat_realtime_547d524b._.js:592
[    5483ms] [WARNING] [chat-realtime] noop transport: auth/profile user is not ready @ http://localhost:3001/_next/static/chunks/apps_web_features_chat_realtime_547d524b._.js:592
[    5483ms] [WARNING] [chat-realtime] noop transport: auth/profile user is not ready @ http://localhost:3001/_next/static/chunks/apps_web_features_chat_realtime_547d524b._.js:592
[    5490ms] [WARNING] [chat-realtime] noop transport: auth/profile user is not ready @ http://localhost:3001/_next/static/chunks/apps_web_features_chat_realtime_547d524b._.js:592
[    5490ms] [WARNING] [chat-realtime] noop transport: auth/profile user is not ready @ http://localhost:3001/_next/static/chunks/apps_web_features_chat_realtime_547d524b._.js:592
[    5501ms] [WARNING] [chat-realtime] noop transport: auth/profile user is not ready @ http://localhost:3001/_next/static/chunks/apps_web_features_chat_realtime_547d524b._.js:592
[    5501ms] [WARNING] [chat-realtime] noop transport: auth/profile user is not ready @ http://localhost:3001/_next/static/chunks/apps_web_features_chat_realtime_547d524b._.js:592
[    5510ms] [WARNING] [chat-realtime] noop transport: auth/profile user is not ready @ http://localhost:3001/_next/static/chunks/apps_web_features_chat_realtime_547d524b._.js:592
[    5510ms] [WARNING] [chat-realtime] noop transport: auth/profile user is not ready @ http://localhost:3001/_next/static/chunks/apps_web_features_chat_realtime_547d524b._.js:592
[    5515ms] [WARNING] [chat-realtime] noop transport: auth/profile user is not ready @ http://localhost:3001/_next/static/chunks/apps_web_features_chat_realtime_547d524b._.js:592
[    5515ms] [WARNING] [chat-realtime] noop transport: auth/profile user is not ready @ http://localhost:3001/_next/static/chunks/apps_web_features_chat_realtime_547d524b._.js:592
[    5521ms] [WARNING] [chat-realtime] noop transport: auth/profile user is not ready @ http://localhost:3001/_next/static/chunks/apps_web_features_chat_realtime_547d524b._.js:592
[    5521ms] [WARNING] [chat-realtime] noop transport: auth/profile user is not ready @ http://localhost:3001/_next/static/chunks/apps_web_features_chat_realtime_547d524b._.js:592
[    5526ms] [WARNING] [chat-realtime] noop transport: auth/profile user is not ready @ http://localhost:3001/_next/static/chunks/apps_web_features_chat_realtime_547d524b._.js:592
[    5526ms] [WARNING] [chat-realtime] noop transport: auth/profile user is not ready @ http://localhost:3001/_next/static/chunks/apps_web_features_chat_realtime_547d524b._.js:592
[    5531ms] [WARNING] [chat-realtime] noop transport: auth/profile user is not ready @ http://localhost:3001/_next/static/chunks/apps_web_features_chat_realtime_547d524b._.js:592
[    5531ms] [WARNING] [chat-realtime] noop transport: auth/profile user is not ready @ http://localhost:3001/_next/static/chunks/apps_web_features_chat_realtime_547d524b._.js:592
[    5537ms] [WARNING] [chat-realtime] noop transport: auth/profile user is not ready @ http://localhost:3001/_next/static/chunks/apps_web_features_chat_realtime_547d524b._.js:592
[    5537ms] [WARNING] [chat-realtime] noop transport: auth/profile user is not ready @ http://localhost:3001/_next/static/chunks/apps_web_features_chat_realtime_547d524b._.js:592
[    5542ms] [WARNING] [chat-realtime] noop transport: auth/profile user is not ready @ http://localhost:3001/_next/static/chunks/apps_web_features_chat_realtime_547d524b._.js:592
[    5542ms] [WARNING] [chat-realtime] noop transport: auth/profile user is not ready @ http://localhost:3001/_next/static/chunks/apps_web_features_chat_realtime_547d524b._.js:592
[    5546ms] [WARNING] [chat-realtime] noop transport: auth/profile user is not ready @ http://localhost:3001/_next/static/chunks/apps_web_features_chat_realtime_547d524b._.js:592
[    5546ms] [WARNING] [chat-realtime] noop transport: auth/profile user is not ready @ http://localhost:3001/_next/static/chunks/apps_web_features_chat_realtime_547d524b._.js:592
[    5551ms] [WARNING] [chat-realtime] noop transport: auth/profile user is not ready @ http://localhost:3001/_next/static/chunks/apps_web_features_chat_realtime_547d524b._.js:592
[    5551ms] [WARNING] [chat-realtime] noop transport: auth/profile user is not ready @ http://localhost:3001/_next/static/chunks/apps_web_features_chat_realtime_547d524b._.js:592
[    5556ms] [WARNING] [chat-realtime] noop transport: auth/profile user is not ready @ http://localhost:3001/_next/static/chunks/apps_web_features_chat_realtime_547d524b._.js:592
[    5556ms] [WARNING] [chat-realtime] noop transport: auth/profile user is not ready @ http://localhost:3001/_next/static/chunks/apps_web_features_chat_realtime_547d524b._.js:592
[    5562ms] [WARNING] [chat-realtime] noop transport: auth/profile user is not ready @ http://localhost:3001/_next/static/chunks/apps_web_features_chat_realtime_547d524b._.js:592
[    5562ms] [WARNING] [chat-realtime] noop transport: auth/profile user is not ready @ http://localhost:3001/_next/static/chunks/apps_web_features_chat_realtime_547d524b._.js:592
[    5572ms] [WARNING] [chat-realtime] noop transport: auth/profile user is not ready @ http://localhost:3001/_next/static/chunks/apps_web_features_chat_realtime_547d524b._.js:592
[    5572ms] [WARNING] [chat-realtime] noop transport: auth/profile user is not ready @ http://localhost:3001/_next/static/chunks/apps_web_features_chat_realtime_547d524b._.js:592
[    5576ms] [WARNING] [chat-realtime] noop transport: auth/profile user is not ready @ http://localhost:3001/_next/static/chunks/apps_web_features_chat_realtime_547d524b._.js:592
[    5576ms] [WARNING] [chat-realtime] noop transport: auth/profile user is not ready @ http://localhost:3001/_next/static/chunks/apps_web_features_chat_realtime_547d524b._.js:592
[    5580ms] [WARNING] [chat-realtime] noop transport: auth/profile user is not ready @ http://localhost:3001/_next/static/chunks/apps_web_features_chat_realtime_547d524b._.js:592
[    5581ms] [WARNING] [chat-realtime] noop transport: auth/profile user is not ready @ http://localhost:3001/_next/static/chunks/apps_web_features_chat_realtime_547d524b._.js:592
[    5585ms] [WARNING] [chat-realtime] noop transport: auth/profile user is not ready @ http://localhost:3001/_next/static/chunks/apps_web_features_chat_realtime_547d524b._.js:592
[    5585ms] [WARNING] [chat-realtime] noop transport: auth/profile user is not ready @ http://localhost:3001/_next/static/chunks/apps_web_features_chat_realtime_547d524b._.js:592
[    5589ms] [WARNING] [chat-realtime] noop transport: auth/profile user is not ready @ http://localhost:3001/_next/static/chunks/apps_web_features_chat_realtime_547d524b._.js:592
[    5589ms] [WARNING] [chat-realtime] noop transport: auth/profile user is not ready @ http://localhost:3001/_next/static/chunks/apps_web_features_chat_realtime_547d524b._.js:592
[    5593ms] [WARNING] [chat-realtime] noop transport: auth/profile user is not ready @ http://localhost:3001/_next/static/chunks/apps_web_features_chat_realtime_547d524b._.js:592
[    5593ms] [WARNING] [chat-realtime] noop transport: auth/profile user is not ready @ http://localhost:3001/_next/static/chunks/apps_web_features_chat_realtime_547d524b._.js:592
[    5598ms] [WARNING] [chat-realtime] noop transport: auth/profile user is not ready @ http://localhost:3001/_next/static/chunks/apps_web_features_chat_realtime_547d524b._.js:592
[    5598ms] [WARNING] [chat-realtime] noop transport: auth/profile user is not ready @ http://localhost:3001/_next/static/chunks/apps_web_features_chat_realtime_547d524b._.js:592
[    5603ms] [WARNING] [chat-realtime] noop transport: auth/profile user is not ready @ http://localhost:3001/_next/static/chunks/apps_web_features_chat_realtime_547d524b._.js:592
[    5603ms] [WARNING] [chat-realtime] noop transport: auth/profile user is not ready @ http://localhost:3001/_next/static/chunks/apps_web_features_chat_realtime_547d524b._.js:592
[    5607ms] [WARNING] [chat-realtime] noop transport: auth/profile user is not ready @ http://localhost:3001/_next/static/chunks/apps_web_features_chat_realtime_547d524b._.js:592
[    5607ms] [WARNING] [chat-realtime] noop transport: auth/profile user is not ready @ http://localhost:3001/_next/static/chunks/apps_web_features_chat_realtime_547d524b._.js:592
[    5612ms] [WARNING] [chat-realtime] noop transport: auth/profile user is not ready @ http://localhost:3001/_next/static/chunks/apps_web_features_chat_realtime_547d524b._.js:592
[    5612ms] [WARNING] [chat-realtime] noop transport: auth/profile user is not ready @ http://localhost:3001/_next/static/chunks/apps_web_features_chat_realtime_547d524b._.js:592
[    5616ms] [WARNING] [chat-realtime] noop transport: auth/profile user is not ready @ http://localhost:3001/_next/static/chunks/apps_web_features_chat_realtime_547d524b._.js:592
[    5616ms] [WARNING] [chat-realtime] noop transport: auth/profile user is not ready @ http://localhost:3001/_next/static/chunks/apps_web_features_chat_realtime_547d524b._.js:592
[    5620ms] [WARNING] [chat-realtime] noop transport: auth/profile user is not ready @ http://localhost:3001/_next/static/chunks/apps_web_features_chat_realtime_547d524b._.js:592
[    5620ms] [WARNING] [chat-realtime] noop transport: auth/profile user is not ready @ http://localhost:3001/_next/static/chunks/apps_web_features_chat_realtime_547d524b._.js:592
[    5624ms] [WARNING] [chat-realtime] noop transport: auth/profile user is not ready @ http://localhost:3001/_next/static/chunks/apps_web_features_chat_realtime_547d524b._.js:592
[    5624ms] [WARNING] [chat-realtime] noop transport: auth/profile user is not ready @ http://localhost:3001/_next/static/chunks/apps_web_features_chat_realtime_547d524b._.js:592
[    5626ms] [WARNING] [chat-realtime] noop transport: auth/profile user is not ready @ http://localhost:3001/_next/static/chunks/apps_web_features_chat_realtime_547d524b._.js:592
[    5627ms] [WARNING] [chat-realtime] noop transport: auth/profile user is not ready @ http://localhost:3001/_next/static/chunks/apps_web_features_chat_realtime_547d524b._.js:592
[    5628ms] [WARNING] [chat-realtime] noop transport: auth/profile user is not ready @ http://localhost:3001/_next/static/chunks/apps_web_features_chat_realtime_547d524b._.js:592
[    5628ms] [WARNING] [chat-realtime] noop transport: auth/profile user is not ready @ http://localhost:3001/_next/static/chunks/apps_web_features_chat_realtime_547d524b._.js:592
[    5629ms] [WARNING] [chat-realtime] noop transport: auth/profile user is not ready @ http://localhost:3001/_next/static/chunks/apps_web_features_chat_realtime_547d524b._.js:592
[    5630ms] [WARNING] [chat-realtime] noop transport: auth/profile user is not ready @ http://localhost:3001/_next/static/chunks/apps_web_features_chat_realtime_547d524b._.js:592
[    5631ms] [WARNING] [chat-realtime] noop transport: auth/profile user is not ready @ http://localhost:3001/_next/static/chunks/apps_web_features_chat_realtime_547d524b._.js:592
[    5631ms] [WARNING] [chat-realtime] noop transport: auth/profile user is not ready @ http://localhost:3001/_next/static/chunks/apps_web_features_chat_realtime_547d524b._.js:592
[    5633ms] [WARNING] [chat-realtime] noop transport: auth/profile user is not ready @ http://localhost:3001/_next/static/chunks/apps_web_features_chat_realtime_547d524b._.js:592
[    5633ms] [WARNING] [chat-realtime] noop transport: auth/profile user is not ready @ http://localhost:3001/_next/static/chunks/apps_web_features_chat_realtime_547d524b._.js:592
[    5634ms] [WARNING] [chat-realtime] noop transport: auth/profile user is not ready @ http://localhost:3001/_next/static/chunks/apps_web_features_chat_realtime_547d524b._.js:592
[    5634ms] [WARNING] [chat-realtime] noop transport: auth/profile user is not ready @ http://localhost:3001/_next/static/chunks/apps_web_features_chat_realtime_547d524b._.js:592
[    5636ms] [WARNING] [chat-realtime] noop transport: auth/profile user is not ready @ http://localhost:3001/_next/static/chunks/apps_web_features_chat_realtime_547d524b._.js:592
[    5636ms] [WARNING] [chat-realtime] noop transport: auth/profile user is not ready @ http://localhost:3001/_next/static/chunks/apps_web_features_chat_realtime_547d524b._.js:592
[    5638ms] [WARNING] [chat-realtime] noop transport: auth/profile user is not ready @ http://localhost:3001/_next/static/chunks/apps_web_features_chat_realtime_547d524b._.js:592
[    5638ms] [WARNING] [chat-realtime] noop transport: auth/profile user is not ready @ http://localhost:3001/_next/static/chunks/apps_web_features_chat_realtime_547d524b._.js:592
[    5639ms] [WARNING] [chat-realtime] noop transport: auth/profile user is not ready @ http://localhost:3001/_next/static/chunks/apps_web_features_chat_realtime_547d524b._.js:592
[    5639ms] [WARNING] [chat-realtime] noop transport: auth/profile user is not ready @ http://localhost:3001/_next/static/chunks/apps_web_features_chat_realtime_547d524b._.js:592
[    5641ms] [WARNING] [chat-realtime] noop transport: auth/profile user is not ready @ http://localhost:3001/_next/static/chunks/apps_web_features_chat_realtime_547d524b._.js:592
[    5641ms] [WARNING] [chat-realtime] noop transport: auth/profile user is not ready @ http://localhost:3001/_next/static/chunks/apps_web_features_chat_realtime_547d524b._.js:592
[    5643ms] [WARNING] [chat-realtime] noop transport: auth/profile user is not ready @ http://localhost:3001/_next/static/chunks/apps_web_features_chat_realtime_547d524b._.js:592
[    5643ms] [WARNING] [chat-realtime] noop transport: auth/profile user is not ready @ http://localhost:3001/_next/static/chunks/apps_web_features_chat_realtime_547d524b._.js:592
[    5646ms] [WARNING] [chat-realtime] noop transport: auth/profile user is not ready @ http://localhost:3001/_next/static/chunks/apps_web_features_chat_realtime_547d524b._.js:592
[    5646ms] [WARNING] [chat-realtime] noop transport: auth/profile user is not ready @ http://localhost:3001/_next/static/chunks/apps_web_features_chat_realtime_547d524b._.js:592
[    5648ms] [WARNING] [chat-realtime] noop transport: auth/profile user is not ready @ http://localhost:3001/_next/static/chunks/apps_web_features_chat_realtime_547d524b._.js:592
[    5648ms] [WARNING] [chat-realtime] noop transport: auth/profile user is not ready @ http://localhost:3001/_next/static/chunks/apps_web_features_chat_realtime_547d524b._.js:592
[    5649ms] [WARNING] [chat-realtime] noop transport: auth/profile user is not ready @ http://localhost:3001/_next/static/chunks/apps_web_features_chat_realtime_547d524b._.js:592
[    5649ms] [WARNING] [chat-realtime] noop transport: auth/profile user is not ready @ http://localhost:3001/_next/static/chunks/apps_web_features_chat_realtime_547d524b._.js:592
[    5651ms] [WARNING] [chat-realtime] noop transport: auth/profile user is not ready @ http://localhost:3001/_next/static/chunks/apps_web_features_chat_realtime_547d524b._.js:592
[    5651ms] [WARNING] [chat-realtime] noop transport: auth/profile user is not ready @ http://localhost:3001/_next/static/chunks/apps_web_features_chat_realtime_547d524b._.js:592
[    5652ms] [WARNING] [chat-realtime] noop transport: auth/profile user is not ready @ http://localhost:3001/_next/static/chunks/apps_web_features_chat_realtime_547d524b._.js:592
[    5652ms] [WARNING] [chat-realtime] noop transport: auth/profile user is not ready @ http://localhost:3001/_next/static/chunks/apps_web_features_chat_realtime_547d524b._.js:592
[    5654ms] [WARNING] [chat-realtime] noop transport: auth/profile user is not ready @ http://localhost:3001/_next/static/chunks/apps_web_features_chat_realtime_547d524b._.js:592
[    5654ms] [WARNING] [chat-realtime] noop transport: auth/profile user is not ready @ http://localhost:3001/_next/static/chunks/apps_web_features_chat_realtime_547d524b._.js:592
[    5655ms] [WARNING] [chat-realtime] noop transport: auth/profile user is not ready @ http://localhost:3001/_next/static/chunks/apps_web_features_chat_realtime_547d524b._.js:592
[    5655ms] [WARNING] [chat-realtime] noop transport: auth/profile user is not ready @ http://localhost:3001/_next/static/chunks/apps_web_features_chat_realtime_547d524b._.js:592
[    5656ms] [WARNING] [chat-realtime] noop transport: auth/profile user is not ready @ http://localhost:3001/_next/static/chunks/apps_web_features_chat_realtime_547d524b._.js:592
[    5656ms] [WARNING] [chat-realtime] noop transport: auth/profile user is not ready @ http://localhost:3001/_next/static/chunks/apps_web_features_chat_realtime_547d524b._.js:592
[    5658ms] [WARNING] [chat-realtime] noop transport: auth/profile user is not ready @ http://localhost:3001/_next/static/chunks/apps_web_features_chat_realtime_547d524b._.js:592
[    5658ms] [WARNING] [chat-realtime] noop transport: auth/profile user is not ready @ http://localhost:3001/_next/static/chunks/apps_web_features_chat_realtime_547d524b._.js:592
[    5881ms] [LOG] %c[Vercel Web Analytics]%c Debug mode is enabled by default in development. No requests will be sent to the server. color: rgb(120, 120, 120) color: inherit @ https://va.vercel-scripts.com/v1/script.debug.js:0
[    5881ms] [LOG] %c[Vercel Web Analytics]%c Running queued event color: rgb(120, 120, 120) color: inherit pageview {route: /, path: /} @ https://va.vercel-scripts.com/v1/script.debug.js:0
[    5882ms] [LOG] %c[Vercel Web Analytics]%c Running queued event color: rgb(120, 120, 120) color: inherit pageview {route: /, path: /} @ https://va.vercel-scripts.com/v1/script.debug.js:0
[    5882ms] [LOG] %c[Vercel Web Analytics]%c [view] http://localhost:3001/ color: rgb(120, 120, 120) color: inherit {o: http://localhost:3001/, sv: 0.1.3, sdkn: @vercel/analytics/next, sdkv: 1.6.1, ts: 1788458827665} /_vercel/insights/view @ https://va.vercel-scripts.com/v1/script.debug.js:0
[    5882ms] [LOG] %c[Vercel Web Analytics]%c [view] http://localhost:3001/ color: rgb(120, 120, 120) color: inherit {o: http://localhost:3001/, sv: 0.1.3, sdkn: @vercel/analytics/next, sdkv: 1.6.1, ts: 1788458827665} /_vercel/insights/view @ https://va.vercel-scripts.com/v1/script.debug.js:0
[    5888ms] [LOG] %c[Vercel Speed Insights]%c Debug mode is enabled by default in development. No requests will be sent to the server. color: rgb(120, 120, 120) color: inherit @ https://va.vercel-scripts.com/v1/speed-insights/script.debug.js:0
[    5911ms] [WARNING] Clerk: Clerk has been loaded with development keys. Development instances have strict usage limits and should not be used when deploying your application to production. Learn more: https://clerk.com/docs/deployments/overview @ https://polite-werewolf-55.clerk.accounts.dev/npm/@clerk/clerk-js@6/dist/clerk.browser.js:11
[    6761ms] [LOG] [Fast Refresh] done in 1428ms @ http://localhost:3001/_next/static/chunks/b4b53_next_dist_client_03dc7489._.js:5816
[    6863ms] [LOG] [Fast Refresh] rebuilding @ http://localhost:3001/_next/static/chunks/b4b53_next_dist_client_03dc7489._.js:5956
[    6950ms] [LOG] [Fast Refresh] done in 188ms @ http://localhost:3001/_next/static/chunks/b4b53_next_dist_client_03dc7489._.js:5816
[   18171ms] [VERBOSE] [DOM] Password forms should have (optionally hidden) username fields for accessibility: (More info: https://goo.gl/9p2vKq) %o @ http://localhost:3001/:0
[   25502ms] [VERBOSE] [DOM] Password forms should have (optionally hidden) username fields for accessibility: (More info: https://goo.gl/9p2vKq) %o @ http://localhost:3001/:0
[   78649ms] [LOG] [Fast Refresh] rebuilding @ http://localhost:3001/_next/static/chunks/b4b53_next_dist_client_03dc7489._.js:5956
[   78765ms] [LOG] [Fast Refresh] done in 211ms @ http://localhost:3001/_next/static/chunks/b4b53_next_dist_client_03dc7489._.js:5816
[   88805ms] [LOG] [Fast Refresh] rebuilding @ http://localhost:3001/_next/static/chunks/b4b53_next_dist_client_03dc7489._.js:5956
[   88837ms] [LOG] [Fast Refresh] done in 133ms @ http://localhost:3001/_next/static/chunks/b4b53_next_dist_client_03dc7489._.js:5816
[   89091ms] [INFO] %cDownload the React DevTools for a better development experience: https://react.dev/link/react-devtools font-weight:bold @ http://localhost:3001/_next/static/chunks/b4b53_next_dist_compiled_react-dom_118a5282._.js:14537
[   89201ms] [WARNING] [chat-realtime] noop transport: auth/profile user is not ready @ http://localhost:3001/_next/static/chunks/apps_web_features_chat_realtime_547d524b._.js:592
[   89201ms] [WARNING] [chat-realtime] noop transport: auth/profile user is not ready @ http://localhost:3001/_next/static/chunks/apps_web_features_chat_realtime_547d524b._.js:592
[   89214ms] [WARNING] [chat-realtime] noop transport: auth/profile user is not ready @ http://localhost:3001/_next/static/chunks/apps_web_features_chat_realtime_547d524b._.js:592
[   89214ms] [WARNING] [chat-realtime] noop transport: auth/profile user is not ready @ http://localhost:3001/_next/static/chunks/apps_web_features_chat_realtime_547d524b._.js:592
[   89221ms] [WARNING] [chat-realtime] noop transport: auth/profile user is not ready @ http://localhost:3001/_next/static/chunks/apps_web_features_chat_realtime_547d524b._.js:592
[   89221ms] [WARNING] [chat-realtime] noop transport: auth/profile user is not ready @ http://localhost:3001/_next/static/chunks/apps_web_features_chat_realtime_547d524b._.js:592
[   89227ms] [WARNING] [chat-realtime] noop transport: auth/profile user is not ready @ http://localhost:3001/_next/static/chunks/apps_web_features_chat_realtime_547d524b._.js:592
[   89227ms] [WARNING] [chat-realtime] noop transport: auth/profile user is not ready @ http://localhost:3001/_next/static/chunks/apps_web_features_chat_realtime_547d524b._.js:592
[   89231ms] [WARNING] [chat-realtime] noop transport: auth/profile user is not ready @ http://localhost:3001/_next/static/chunks/apps_web_features_chat_realtime_547d524b._.js:592
[   89231ms] [WARNING] [chat-realtime] noop transport: auth/profile user is not ready @ http://localhost:3001/_next/static/chunks/apps_web_features_chat_realtime_547d524b._.js:592
[   89237ms] [WARNING] [chat-realtime] noop transport: auth/profile user is not ready @ http://localhost:3001/_next/static/chunks/apps_web_features_chat_realtime_547d524b._.js:592
[   89237ms] [WARNING] [chat-realtime] noop transport: auth/profile user is not ready @ http://localhost:3001/_next/static/chunks/apps_web_features_chat_realtime_547d524b._.js:592
[   89243ms] [WARNING] [chat-realtime] noop transport: auth/profile user is not ready @ http://localhost:3001/_next/static/chunks/apps_web_features_chat_realtime_547d524b._.js:592
[   89243ms] [WARNING] [chat-realtime] noop transport: auth/profile user is not ready @ http://localhost:3001/_next/static/chunks/apps_web_features_chat_realtime_547d524b._.js:592
[   89250ms] [WARNING] [chat-realtime] noop transport: auth/profile user is not ready @ http://localhost:3001/_next/static/chunks/apps_web_features_chat_realtime_547d524b._.js:592
[   89250ms] [WARNING] [chat-realtime] noop transport: auth/profile user is not ready @ http://localhost:3001/_next/static/chunks/apps_web_features_chat_realtime_547d524b._.js:592
[   89256ms] [WARNING] [chat-realtime] noop transport: auth/profile user is not ready @ http://localhost:3001/_next/static/chunks/apps_web_features_chat_realtime_547d524b._.js:592
[   89256ms] [WARNING] [chat-realtime] noop transport: auth/profile user is not ready @ http://localhost:3001/_next/static/chunks/apps_web_features_chat_realtime_547d524b._.js:592
[   89265ms] [WARNING] [chat-realtime] noop transport: auth/profile user is not ready @ http://localhost:3001/_next/static/chunks/apps_web_features_chat_realtime_547d524b._.js:592
[   89265ms] [WARNING] [chat-realtime] noop transport: auth/profile user is not ready @ http://localhost:3001/_next/static/chunks/apps_web_features_chat_realtime_547d524b._.js:592
[   89270ms] [WARNING] [chat-realtime] noop transport: auth/profile user is not ready @ http://localhost:3001/_next/static/chunks/apps_web_features_chat_realtime_547d524b._.js:592
[   89270ms] [WARNING] [chat-realtime] noop transport: auth/profile user is not ready @ http://localhost:3001/_next/static/chunks/apps_web_features_chat_realtime_547d524b._.js:592
[   89281ms] [WARNING] [chat-realtime] noop transport: auth/profile user is not ready @ http://localhost:3001/_next/static/chunks/apps_web_features_chat_realtime_547d524b._.js:592
[   89281ms] [WARNING] [chat-realtime] noop transport: auth/profile user is not ready @ http://localhost:3001/_next/static/chunks/apps_web_features_chat_realtime_547d524b._.js:592
[   89285ms] [WARNING] [chat-realtime] noop transport: auth/profile user is not ready @ http://localhost:3001/_next/static/chunks/apps_web_features_chat_realtime_547d524b._.js:592
[   89285ms] [WARNING] [chat-realtime] noop transport: auth/profile user is not ready @ http://localhost:3001/_next/static/chunks/apps_web_features_chat_realtime_547d524b._.js:592
[   89290ms] [WARNING] [chat-realtime] noop transport: auth/profile user is not ready @ http://localhost:3001/_next/static/chunks/apps_web_features_chat_realtime_547d524b._.js:592
[   89291ms] [WARNING] [chat-realtime] noop transport: auth/profile user is not ready @ http://localhost:3001/_next/static/chunks/apps_web_features_chat_realtime_547d524b._.js:592
[   89295ms] [WARNING] [chat-realtime] noop transport: auth/profile user is not ready @ http://localhost:3001/_next/static/chunks/apps_web_features_chat_realtime_547d524b._.js:592
[   89295ms] [WARNING] [chat-realtime] noop transport: auth/profile user is not ready @ http://localhost:3001/_next/static/chunks/apps_web_features_chat_realtime_547d524b._.js:592
[   89299ms] [WARNING] [chat-realtime] noop transport: auth/profile user is not ready @ http://localhost:3001/_next/static/chunks/apps_web_features_chat_realtime_547d524b._.js:592
[   89299ms] [WARNING] [chat-realtime] noop transport: auth/profile user is not ready @ http://localhost:3001/_next/static/chunks/apps_web_features_chat_realtime_547d524b._.js:592
[   89303ms] [WARNING] [chat-realtime] noop transport: auth/profile user is not ready @ http://localhost:3001/_next/static/chunks/apps_web_features_chat_realtime_547d524b._.js:592
[   89303ms] [WARNING] [chat-realtime] noop transport: auth/profile user is not ready @ http://localhost:3001/_next/static/chunks/apps_web_features_chat_realtime_547d524b._.js:592
[   89307ms] [WARNING] [chat-realtime] noop transport: auth/profile user is not ready @ http://localhost:3001/_next/static/chunks/apps_web_features_chat_realtime_547d524b._.js:592
[   89307ms] [WARNING] [chat-realtime] noop transport: auth/profile user is not ready @ http://localhost:3001/_next/static/chunks/apps_web_features_chat_realtime_547d524b._.js:592
[   89311ms] [LOG] [Fast Refresh] rebuilding @ http://localhost:3001/_next/static/chunks/b4b53_next_dist_client_03dc7489._.js:5956
[   89311ms] [WARNING] [chat-realtime] noop transport: auth/profile user is not ready @ http://localhost:3001/_next/static/chunks/apps_web_features_chat_realtime_547d524b._.js:592
[   89311ms] [WARNING] [chat-realtime] noop transport: auth/profile user is not ready @ http://localhost:3001/_next/static/chunks/apps_web_features_chat_realtime_547d524b._.js:592
[   89316ms] [LOG] [Fast Refresh] done in 111ms @ http://localhost:3001/_next/static/chunks/b4b53_next_dist_client_03dc7489._.js:5816
[   89316ms] [WARNING] Clerk: Clerk has been loaded with development keys. Development instances have strict usage limits and should not be used when deploying your application to production. Learn more: https://clerk.com/docs/deployments/overview @ https://polite-werewolf-55.clerk.accounts.dev/npm/@clerk/clerk-js@6/dist/clerk.browser.js:11
[   89318ms] [WARNING] [chat-realtime] noop transport: auth/profile user is not ready @ http://localhost:3001/_next/static/chunks/apps_web_features_chat_realtime_547d524b._.js:592
[   89318ms] [WARNING] [chat-realtime] noop transport: auth/profile user is not ready @ http://localhost:3001/_next/static/chunks/apps_web_features_chat_realtime_547d524b._.js:592
[   89323ms] [WARNING] [chat-realtime] noop transport: auth/profile user is not ready @ http://localhost:3001/_next/static/chunks/apps_web_features_chat_realtime_547d524b._.js:592
[   89323ms] [WARNING] [chat-realtime] noop transport: auth/profile user is not ready @ http://localhost:3001/_next/static/chunks/apps_web_features_chat_realtime_547d524b._.js:592
[   89327ms] [WARNING] [chat-realtime] noop transport: auth/profile user is not ready @ http://localhost:3001/_next/static/chunks/apps_web_features_chat_realtime_547d524b._.js:592
[   89327ms] [WARNING] [chat-realtime] noop transport: auth/profile user is not ready @ http://localhost:3001/_next/static/chunks/apps_web_features_chat_realtime_547d524b._.js:592
[   89332ms] [WARNING] [chat-realtime] noop transport: auth/profile user is not ready @ http://localhost:3001/_next/static/chunks/apps_web_features_chat_realtime_547d524b._.js:592
[   89332ms] [WARNING] [chat-realtime] noop transport: auth/profile user is not ready @ http://localhost:3001/_next/static/chunks/apps_web_features_chat_realtime_547d524b._.js:592
[   89337ms] [WARNING] [chat-realtime] noop transport: auth/profile user is not ready @ http://localhost:3001/_next/static/chunks/apps_web_features_chat_realtime_547d524b._.js:592
[   89337ms] [WARNING] [chat-realtime] noop transport: auth/profile user is not ready @ http://localhost:3001/_next/static/chunks/apps_web_features_chat_realtime_547d524b._.js:592
[   89341ms] [WARNING] [chat-realtime] noop transport: auth/profile user is not ready @ http://localhost:3001/_next/static/chunks/apps_web_features_chat_realtime_547d524b._.js:592
[   89341ms] [WARNING] [chat-realtime] noop transport: auth/profile user is not ready @ http://localhost:3001/_next/static/chunks/apps_web_features_chat_realtime_547d524b._.js:592
[   89346ms] [WARNING] [chat-realtime] noop transport: auth/profile user is not ready @ http://localhost:3001/_next/static/chunks/apps_web_features_chat_realtime_547d524b._.js:592
[   89346ms] [WARNING] [chat-realtime] noop transport: auth/profile user is not ready @ http://localhost:3001/_next/static/chunks/apps_web_features_chat_realtime_547d524b._.js:592
[   89349ms] [WARNING] [chat-realtime] noop transport: auth/profile user is not ready @ http://localhost:3001/_next/static/chunks/apps_web_features_chat_realtime_547d524b._.js:592
[   89349ms] [WARNING] [chat-realtime] noop transport: auth/profile user is not ready @ http://localhost:3001/_next/static/chunks/apps_web_features_chat_realtime_547d524b._.js:592
[   89354ms] [WARNING] [chat-realtime] noop transport: auth/profile user is not ready @ http://localhost:3001/_next/static/chunks/apps_web_features_chat_realtime_547d524b._.js:592
[   89354ms] [WARNING] [chat-realtime] noop transport: auth/profile user is not ready @ http://localhost:3001/_next/static/chunks/apps_web_features_chat_realtime_547d524b._.js:592
[   89359ms] [WARNING] [chat-realtime] noop transport: auth/profile user is not ready @ http://localhost:3001/_next/static/chunks/apps_web_features_chat_realtime_547d524b._.js:592
[   89359ms] [WARNING] [chat-realtime] noop transport: auth/profile user is not ready @ http://localhost:3001/_next/static/chunks/apps_web_features_chat_realtime_547d524b._.js:592
[   89361ms] [WARNING] [chat-realtime] noop transport: auth/profile user is not ready @ http://localhost:3001/_next/static/chunks/apps_web_features_chat_realtime_547d524b._.js:592
[   89361ms] [WARNING] [chat-realtime] noop transport: auth/profile user is not ready @ http://localhost:3001/_next/static/chunks/apps_web_features_chat_realtime_547d524b._.js:592
[   89362ms] [WARNING] [chat-realtime] noop transport: auth/profile user is not ready @ http://localhost:3001/_next/static/chunks/apps_web_features_chat_realtime_547d524b._.js:592
[   89362ms] [WARNING] [chat-realtime] noop transport: auth/profile user is not ready @ http://localhost:3001/_next/static/chunks/apps_web_features_chat_realtime_547d524b._.js:592
[   89363ms] [WARNING] [chat-realtime] noop transport: auth/profile user is not ready @ http://localhost:3001/_next/static/chunks/apps_web_features_chat_realtime_547d524b._.js:592
[   89364ms] [WARNING] [chat-realtime] noop transport: auth/profile user is not ready @ http://localhost:3001/_next/static/chunks/apps_web_features_chat_realtime_547d524b._.js:592
[   89367ms] [WARNING] [chat-realtime] noop transport: auth/profile user is not ready @ http://localhost:3001/_next/static/chunks/apps_web_features_chat_realtime_547d524b._.js:592
[   89367ms] [WARNING] [chat-realtime] noop transport: auth/profile user is not ready @ http://localhost:3001/_next/static/chunks/apps_web_features_chat_realtime_547d524b._.js:592
[   89368ms] [WARNING] [chat-realtime] noop transport: auth/profile user is not ready @ http://localhost:3001/_next/static/chunks/apps_web_features_chat_realtime_547d524b._.js:592
[   89368ms] [WARNING] [chat-realtime] noop transport: auth/profile user is not ready @ http://localhost:3001/_next/static/chunks/apps_web_features_chat_realtime_547d524b._.js:592
[   89370ms] [WARNING] [chat-realtime] noop transport: auth/profile user is not ready @ http://localhost:3001/_next/static/chunks/apps_web_features_chat_realtime_547d524b._.js:592
[   89370ms] [WARNING] [chat-realtime] noop transport: auth/profile user is not ready @ http://localhost:3001/_next/static/chunks/apps_web_features_chat_realtime_547d524b._.js:592
[   89371ms] [WARNING] [chat-realtime] noop transport: auth/profile user is not ready @ http://localhost:3001/_next/static/chunks/apps_web_features_chat_realtime_547d524b._.js:592
[   89371ms] [WARNING] [chat-realtime] noop transport: auth/profile user is not ready @ http://localhost:3001/_next/static/chunks/apps_web_features_chat_realtime_547d524b._.js:592
[   89372ms] [WARNING] [chat-realtime] noop transport: auth/profile user is not ready @ http://localhost:3001/_next/static/chunks/apps_web_features_chat_realtime_547d524b._.js:592
[   89372ms] [WARNING] [chat-realtime] noop transport: auth/profile user is not ready @ http://localhost:3001/_next/static/chunks/apps_web_features_chat_realtime_547d524b._.js:592
[   89374ms] [WARNING] [chat-realtime] noop transport: auth/profile user is not ready @ http://localhost:3001/_next/static/chunks/apps_web_features_chat_realtime_547d524b._.js:592
[   89374ms] [WARNING] [chat-realtime] noop transport: auth/profile user is not ready @ http://localhost:3001/_next/static/chunks/apps_web_features_chat_realtime_547d524b._.js:592
[   89375ms] [WARNING] [chat-realtime] noop transport: auth/profile user is not ready @ http://localhost:3001/_next/static/chunks/apps_web_features_chat_realtime_547d524b._.js:592
[   89375ms] [WARNING] [chat-realtime] noop transport: auth/profile user is not ready @ http://localhost:3001/_next/static/chunks/apps_web_features_chat_realtime_547d524b._.js:592
[   89377ms] [WARNING] [chat-realtime] noop transport: auth/profile user is not ready @ http://localhost:3001/_next/static/chunks/apps_web_features_chat_realtime_547d524b._.js:592
[   89377ms] [WARNING] [chat-realtime] noop transport: auth/profile user is not ready @ http://localhost:3001/_next/static/chunks/apps_web_features_chat_realtime_547d524b._.js:592
[   89378ms] [WARNING] [chat-realtime] noop transport: auth/profile user is not ready @ http://localhost:3001/_next/static/chunks/apps_web_features_chat_realtime_547d524b._.js:592
[   89378ms] [WARNING] [chat-realtime] noop transport: auth/profile user is not ready @ http://localhost:3001/_next/static/chunks/apps_web_features_chat_realtime_547d524b._.js:592
[   89379ms] [WARNING] [chat-realtime] noop transport: auth/profile user is not ready @ http://localhost:3001/_next/static/chunks/apps_web_features_chat_realtime_547d524b._.js:592
[   89379ms] [WARNING] [chat-realtime] noop transport: auth/profile user is not ready @ http://localhost:3001/_next/static/chunks/apps_web_features_chat_realtime_547d524b._.js:592
[   89381ms] [WARNING] [chat-realtime] noop transport: auth/profile user is not ready @ http://localhost:3001/_next/static/chunks/apps_web_features_chat_realtime_547d524b._.js:592
[   89381ms] [WARNING] [chat-realtime] noop transport: auth/profile user is not ready @ http://localhost:3001/_next/static/chunks/apps_web_features_chat_realtime_547d524b._.js:592
[   89382ms] [WARNING] [chat-realtime] noop transport: auth/profile user is not ready @ http://localhost:3001/_next/static/chunks/apps_web_features_chat_realtime_547d524b._.js:592
[   89382ms] [WARNING] [chat-realtime] noop transport: auth/profile user is not ready @ http://localhost:3001/_next/static/chunks/apps_web_features_chat_realtime_547d524b._.js:592
[   89384ms] [WARNING] [chat-realtime] noop transport: auth/profile user is not ready @ http://localhost:3001/_next/static/chunks/apps_web_features_chat_realtime_547d524b._.js:592
[   89384ms] [WARNING] [chat-realtime] noop transport: auth/profile user is not ready @ http://localhost:3001/_next/static/chunks/apps_web_features_chat_realtime_547d524b._.js:592
[   89385ms] [WARNING] [chat-realtime] noop transport: auth/profile user is not ready @ http://localhost:3001/_next/static/chunks/apps_web_features_chat_realtime_547d524b._.js:592
[   89385ms] [WARNING] [chat-realtime] noop transport: auth/profile user is not ready @ http://localhost:3001/_next/static/chunks/apps_web_features_chat_realtime_547d524b._.js:592
[   89387ms] [WARNING] [chat-realtime] noop transport: auth/profile user is not ready @ http://localhost:3001/_next/static/chunks/apps_web_features_chat_realtime_547d524b._.js:592
[   89387ms] [WARNING] [chat-realtime] noop transport: auth/profile user is not ready @ http://localhost:3001/_next/static/chunks/apps_web_features_chat_realtime_547d524b._.js:592
[   89388ms] [WARNING] [chat-realtime] noop transport: auth/profile user is not ready @ http://localhost:3001/_next/static/chunks/apps_web_features_chat_realtime_547d524b._.js:592
[   89388ms] [WARNING] [chat-realtime] noop transport: auth/profile user is not ready @ http://localhost:3001/_next/static/chunks/apps_web_features_chat_realtime_547d524b._.js:592
[   89390ms] [WARNING] [chat-realtime] noop transport: auth/profile user is not ready @ http://localhost:3001/_next/static/chunks/apps_web_features_chat_realtime_547d524b._.js:592
[   89390ms] [WARNING] [chat-realtime] noop transport: auth/profile user is not ready @ http://localhost:3001/_next/static/chunks/apps_web_features_chat_realtime_547d524b._.js:592
[   89391ms] [WARNING] [chat-realtime] noop transport: auth/profile user is not ready @ http://localhost:3001/_next/static/chunks/apps_web_features_chat_realtime_547d524b._.js:592
[   89391ms] [WARNING] [chat-realtime] noop transport: auth/profile user is not ready @ http://localhost:3001/_next/static/chunks/apps_web_features_chat_realtime_547d524b._.js:592
[   89393ms] [WARNING] [chat-realtime] noop transport: auth/profile user is not ready @ http://localhost:3001/_next/static/chunks/apps_web_features_chat_realtime_547d524b._.js:592
[   89393ms] [WARNING] [chat-realtime] noop transport: auth/profile user is not ready @ http://localhost:3001/_next/static/chunks/apps_web_features_chat_realtime_547d524b._.js:592
[   89394ms] [WARNING] [chat-realtime] noop transport: auth/profile user is not ready @ http://localhost:3001/_next/static/chunks/apps_web_features_chat_realtime_547d524b._.js:592
[   89394ms] [WARNING] [chat-realtime] noop transport: auth/profile user is not ready @ http://localhost:3001/_next/static/chunks/apps_web_features_chat_realtime_547d524b._.js:592
[   89396ms] [WARNING] [chat-realtime] noop transport: auth/profile user is not ready @ http://localhost:3001/_next/static/chunks/apps_web_features_chat_realtime_547d524b._.js:592
[   89396ms] [WARNING] [chat-realtime] noop transport: auth/profile user is not ready @ http://localhost:3001/_next/static/chunks/apps_web_features_chat_realtime_547d524b._.js:592
[   89397ms] [WARNING] [chat-realtime] noop transport: auth/profile user is not ready @ http://localhost:3001/_next/static/chunks/apps_web_features_chat_realtime_547d524b._.js:592
[   89397ms] [WARNING] [chat-realtime] noop transport: auth/profile user is not ready @ http://localhost:3001/_next/static/chunks/apps_web_features_chat_realtime_547d524b._.js:592
[   89401ms] [WARNING] [chat-realtime] noop transport: auth/profile user is not ready @ http://localhost:3001/_next/static/chunks/apps_web_features_chat_realtime_547d524b._.js:592
[   89401ms] [WARNING] [chat-realtime] noop transport: auth/profile user is not ready @ http://localhost:3001/_next/static/chunks/apps_web_features_chat_realtime_547d524b._.js:592
[   89402ms] [WARNING] [chat-realtime] noop transport: auth/profile user is not ready @ http://localhost:3001/_next/static/chunks/apps_web_features_chat_realtime_547d524b._.js:592
[   89402ms] [WARNING] [chat-realtime] noop transport: auth/profile user is not ready @ http://localhost:3001/_next/static/chunks/apps_web_features_chat_realtime_547d524b._.js:592
[   89404ms] [WARNING] [chat-realtime] noop transport: auth/profile user is not ready @ http://localhost:3001/_next/static/chunks/apps_web_features_chat_realtime_547d524b._.js:592
[   89404ms] [WARNING] [chat-realtime] noop transport: auth/profile user is not ready @ http://localhost:3001/_next/static/chunks/apps_web_features_chat_realtime_547d524b._.js:592
[   89405ms] [WARNING] [chat-realtime] noop transport: auth/profile user is not ready @ http://localhost:3001/_next/static/chunks/apps_web_features_chat_realtime_547d524b._.js:592
[   89405ms] [WARNING] [chat-realtime] noop transport: auth/profile user is not ready @ http://localhost:3001/_next/static/chunks/apps_web_features_chat_realtime_547d524b._.js:592
[   89407ms] [WARNING] [chat-realtime] noop transport: auth/profile user is not ready @ http://localhost:3001/_next/static/chunks/apps_web_features_chat_realtime_547d524b._.js:592
[   89407ms] [WARNING] [chat-realtime] noop transport: auth/profile user is not ready @ http://localhost:3001/_next/static/chunks/apps_web_features_chat_realtime_547d524b._.js:592
[   89408ms] [WARNING] [chat-realtime] noop transport: auth/profile user is not ready @ http://localhost:3001/_next/static/chunks/apps_web_features_chat_realtime_547d524b._.js:592
[   89408ms] [WARNING] [chat-realtime] noop transport: auth/profile user is not ready @ http://localhost:3001/_next/static/chunks/apps_web_features_chat_realtime_547d524b._.js:592
[   89410ms] [WARNING] [chat-realtime] noop transport: auth/profile user is not ready @ http://localhost:3001/_next/static/chunks/apps_web_features_chat_realtime_547d524b._.js:592
[   89410ms] [WARNING] [chat-realtime] noop transport: auth/profile user is not ready @ http://localhost:3001/_next/static/chunks/apps_web_features_chat_realtime_547d524b._.js:592
[   89411ms] [WARNING] [chat-realtime] noop transport: auth/profile user is not ready @ http://localhost:3001/_next/static/chunks/apps_web_features_chat_realtime_547d524b._.js:592
[   89411ms] [WARNING] [chat-realtime] noop transport: auth/profile user is not ready @ http://localhost:3001/_next/static/chunks/apps_web_features_chat_realtime_547d524b._.js:592
[   89412ms] [WARNING] [chat-realtime] noop transport: auth/profile user is not ready @ http://localhost:3001/_next/static/chunks/apps_web_features_chat_realtime_547d524b._.js:592
[   89412ms] [WARNING] [chat-realtime] noop transport: auth/profile user is not ready @ http://localhost:3001/_next/static/chunks/apps_web_features_chat_realtime_547d524b._.js:592
[   89414ms] [WARNING] [chat-realtime] noop transport: auth/profile user is not ready @ http://localhost:3001/_next/static/chunks/apps_web_features_chat_realtime_547d524b._.js:592
[   89414ms] [WARNING] [chat-realtime] noop transport: auth/profile user is not ready @ http://localhost:3001/_next/static/chunks/apps_web_features_chat_realtime_547d524b._.js:592
[   89415ms] [WARNING] [chat-realtime] noop transport: auth/profile user is not ready @ http://localhost:3001/_next/static/chunks/apps_web_features_chat_realtime_547d524b._.js:592
[   89415ms] [WARNING] [chat-realtime] noop transport: auth/profile user is not ready @ http://localhost:3001/_next/static/chunks/apps_web_features_chat_realtime_547d524b._.js:592
[   89417ms] [WARNING] [chat-realtime] noop transport: auth/profile user is not ready @ http://localhost:3001/_next/static/chunks/apps_web_features_chat_realtime_547d524b._.js:592
[   89417ms] [WARNING] [chat-realtime] noop transport: auth/profile user is not ready @ http://localhost:3001/_next/static/chunks/apps_web_features_chat_realtime_547d524b._.js:592
[   89418ms] [WARNING] [chat-realtime] noop transport: auth/profile user is not ready @ http://localhost:3001/_next/static/chunks/apps_web_features_chat_realtime_547d524b._.js:592
[   89418ms] [WARNING] [chat-realtime] noop transport: auth/profile user is not ready @ http://localhost:3001/_next/static/chunks/apps_web_features_chat_realtime_547d524b._.js:592
[   89420ms] [WARNING] [chat-realtime] noop transport: auth/profile user is not ready @ http://localhost:3001/_next/static/chunks/apps_web_features_chat_realtime_547d524b._.js:592
[   89420ms] [WARNING] [chat-realtime] noop transport: auth/profile user is not ready @ http://localhost:3001/_next/static/chunks/apps_web_features_chat_realtime_547d524b._.js:592
[   89421ms] [WARNING] [chat-realtime] noop transport: auth/profile user is not ready @ http://localhost:3001/_next/static/chunks/apps_web_features_chat_realtime_547d524b._.js:592
[   89421ms] [WARNING] [chat-realtime] noop transport: auth/profile user is not ready @ http://localhost:3001/_next/static/chunks/apps_web_features_chat_realtime_547d524b._.js:592
[   89422ms] [WARNING] [chat-realtime] noop transport: auth/profile user is not ready @ http://localhost:3001/_next/static/chunks/apps_web_features_chat_realtime_547d524b._.js:592
[   89422ms] [WARNING] [chat-realtime] noop transport: auth/profile user is not ready @ http://localhost:3001/_next/static/chunks/apps_web_features_chat_realtime_547d524b._.js:592
[   89424ms] [WARNING] [chat-realtime] noop transport: auth/profile user is not ready @ http://localhost:3001/_next/static/chunks/apps_web_features_chat_realtime_547d524b._.js:592
[   89424ms] [WARNING] [chat-realtime] noop transport: auth/profile user is not ready @ http://localhost:3001/_next/static/chunks/apps_web_features_chat_realtime_547d524b._.js:592
[   89425ms] [WARNING] [chat-realtime] noop transport: auth/profile user is not ready @ http://localhost:3001/_next/static/chunks/apps_web_features_chat_realtime_547d524b._.js:592
[   89425ms] [WARNING] [chat-realtime] noop transport: auth/profile user is not ready @ http://localhost:3001/_next/static/chunks/apps_web_features_chat_realtime_547d524b._.js:592
[   89426ms] [WARNING] [chat-realtime] noop transport: auth/profile user is not ready @ http://localhost:3001/_next/static/chunks/apps_web_features_chat_realtime_547d524b._.js:592
[   89426ms] [WARNING] [chat-realtime] noop transport: auth/profile user is not ready @ http://localhost:3001/_next/static/chunks/apps_web_features_chat_realtime_547d524b._.js:592
[   89428ms] [WARNING] [chat-realtime] noop transport: auth/profile user is not ready @ http://localhost:3001/_next/static/chunks/apps_web_features_chat_realtime_547d524b._.js:592
[   89428ms] [WARNING] [chat-realtime] noop transport: auth/profile user is not ready @ http://localhost:3001/_next/static/chunks/apps_web_features_chat_realtime_547d524b._.js:592
[   89429ms] [WARNING] [chat-realtime] noop transport: auth/profile user is not ready @ http://localhost:3001/_next/static/chunks/apps_web_features_chat_realtime_547d524b._.js:592
[   89429ms] [WARNING] [chat-realtime] noop transport: auth/profile user is not ready @ http://localhost:3001/_next/static/chunks/apps_web_features_chat_realtime_547d524b._.js:592
[   89430ms] [WARNING] [chat-realtime] noop transport: auth/profile user is not ready @ http://localhost:3001/_next/static/chunks/apps_web_features_chat_realtime_547d524b._.js:592
[   89430ms] [WARNING] [chat-realtime] noop transport: auth/profile user is not ready @ http://localhost:3001/_next/static/chunks/apps_web_features_chat_realtime_547d524b._.js:592
[   89432ms] [WARNING] [chat-realtime] noop transport: auth/profile user is not ready @ http://localhost:3001/_next/static/chunks/apps_web_features_chat_realtime_547d524b._.js:592
[   89432ms] [WARNING] [chat-realtime] noop transport: auth/profile user is not ready @ http://localhost:3001/_next/static/chunks/apps_web_features_chat_realtime_547d524b._.js:592
[   89436ms] [WARNING] [chat-realtime] noop transport: auth/profile user is not ready @ http://localhost:3001/_next/static/chunks/apps_web_features_chat_realtime_547d524b._.js:592
[   89436ms] [WARNING] [chat-realtime] noop transport: auth/profile user is not ready @ http://localhost:3001/_next/static/chunks/apps_web_features_chat_realtime_547d524b._.js:592
[   89437ms] [WARNING] [chat-realtime] noop transport: auth/profile user is not ready @ http://localhost:3001/_next/static/chunks/apps_web_features_chat_realtime_547d524b._.js:592
[   89437ms] [WARNING] [chat-realtime] noop transport: auth/profile user is not ready @ http://localhost:3001/_next/static/chunks/apps_web_features_chat_realtime_547d524b._.js:592
[   89439ms] [WARNING] [chat-realtime] noop transport: auth/profile user is not ready @ http://localhost:3001/_next/static/chunks/apps_web_features_chat_realtime_547d524b._.js:592
[   89439ms] [WARNING] [chat-realtime] noop transport: auth/profile user is not ready @ http://localhost:3001/_next/static/chunks/apps_web_features_chat_realtime_547d524b._.js:592
[   89440ms] [WARNING] [chat-realtime] noop transport: auth/profile user is not ready @ http://localhost:3001/_next/static/chunks/apps_web_features_chat_realtime_547d524b._.js:592
[   89440ms] [WARNING] [chat-realtime] noop transport: auth/profile user is not ready @ http://localhost:3001/_next/static/chunks/apps_web_features_chat_realtime_547d524b._.js:592
[   89441ms] [WARNING] [chat-realtime] noop transport: auth/profile user is not ready @ http://localhost:3001/_next/static/chunks/apps_web_features_chat_realtime_547d524b._.js:592
[   89441ms] [WARNING] [chat-realtime] noop transport: auth/profile user is not ready @ http://localhost:3001/_next/static/chunks/apps_web_features_chat_realtime_547d524b._.js:592
[   89443ms] [WARNING] [chat-realtime] noop transport: auth/profile user is not ready @ http://localhost:3001/_next/static/chunks/apps_web_features_chat_realtime_547d524b._.js:592
[   89443ms] [WARNING] [chat-realtime] noop transport: auth/profile user is not ready @ http://localhost:3001/_next/static/chunks/apps_web_features_chat_realtime_547d524b._.js:592
[   89444ms] [WARNING] [chat-realtime] noop transport: auth/profile user is not ready @ http://localhost:3001/_next/static/chunks/apps_web_features_chat_realtime_547d524b._.js:592
[   89444ms] [WARNING] [chat-realtime] noop transport: auth/profile user is not ready @ http://localhost:3001/_next/static/chunks/apps_web_features_chat_realtime_547d524b._.js:592
[   89446ms] [WARNING] [chat-realtime] noop transport: auth/profile user is not ready @ http://localhost:3001/_next/static/chunks/apps_web_features_chat_realtime_547d524b._.js:592
[   89446ms] [WARNING] [chat-realtime] noop transport: auth/profile user is not ready @ http://localhost:3001/_next/static/chunks/apps_web_features_chat_realtime_547d524b._.js:592
[   89447ms] [WARNING] [chat-realtime] noop transport: auth/profile user is not ready @ http://localhost:3001/_next/static/chunks/apps_web_features_chat_realtime_547d524b._.js:592
[   89447ms] [WARNING] [chat-realtime] noop transport: auth/profile user is not ready @ http://localhost:3001/_next/static/chunks/apps_web_features_chat_realtime_547d524b._.js:592
[   89448ms] [WARNING] [chat-realtime] noop transport: auth/profile user is not ready @ http://localhost:3001/_next/static/chunks/apps_web_features_chat_realtime_547d524b._.js:592
[   89448ms] [WARNING] [chat-realtime] noop transport: auth/profile user is not ready @ http://localhost:3001/_next/static/chunks/apps_web_features_chat_realtime_547d524b._.js:592
[   89450ms] [WARNING] [chat-realtime] noop transport: auth/profile user is not ready @ http://localhost:3001/_next/static/chunks/apps_web_features_chat_realtime_547d524b._.js:592
[   89450ms] [WARNING] [chat-realtime] noop transport: auth/profile user is not ready @ http://localhost:3001/_next/static/chunks/apps_web_features_chat_realtime_547d524b._.js:592
[   89451ms] [WARNING] [chat-realtime] noop transport: auth/profile user is not ready @ http://localhost:3001/_next/static/chunks/apps_web_features_chat_realtime_547d524b._.js:592
[   89451ms] [WARNING] [chat-realtime] noop transport: auth/profile user is not ready @ http://localhost:3001/_next/static/chunks/apps_web_features_chat_realtime_547d524b._.js:592
[   89453ms] [WARNING] [chat-realtime] noop transport: auth/profile user is not ready @ http://localhost:3001/_next/static/chunks/apps_web_features_chat_realtime_547d524b._.js:592
[   89453ms] [WARNING] [chat-realtime] noop transport: auth/profile user is not ready @ http://localhost:3001/_next/static/chunks/apps_web_features_chat_realtime_547d524b._.js:592
[   89454ms] [WARNING] [chat-realtime] noop transport: auth/profile user is not ready @ http://localhost:3001/_next/static/chunks/apps_web_features_chat_realtime_547d524b._.js:592
[   89454ms] [WARNING] [chat-realtime] noop transport: auth/profile user is not ready @ http://localhost:3001/_next/static/chunks/apps_web_features_chat_realtime_547d524b._.js:592
[   89455ms] [WARNING] [chat-realtime] noop transport: auth/profile user is not ready @ http://localhost:3001/_next/static/chunks/apps_web_features_chat_realtime_547d524b._.js:592
[   89455ms] [WARNING] [chat-realtime] noop transport: auth/profile user is not ready @ http://localhost:3001/_next/static/chunks/apps_web_features_chat_realtime_547d524b._.js:592
[   89456ms] [WARNING] [chat-realtime] noop transport: auth/profile user is not ready @ http://localhost:3001/_next/static/chunks/apps_web_features_chat_realtime_547d524b._.js:592
[   89457ms] [WARNING] [chat-realtime] noop transport: auth/profile user is not ready @ http://localhost:3001/_next/static/chunks/apps_web_features_chat_realtime_547d524b._.js:592
[   89458ms] [WARNING] [chat-realtime] noop transport: auth/profile user is not ready @ http://localhost:3001/_next/static/chunks/apps_web_features_chat_realtime_547d524b._.js:592
[   89458ms] [WARNING] [chat-realtime] noop transport: auth/profile user is not ready @ http://localhost:3001/_next/static/chunks/apps_web_features_chat_realtime_547d524b._.js:592
[   89460ms] [WARNING] [chat-realtime] noop transport: auth/profile user is not ready @ http://localhost:3001/_next/static/chunks/apps_web_features_chat_realtime_547d524b._.js:592
[   89460ms] [WARNING] [chat-realtime] noop transport: auth/profile user is not ready @ http://localhost:3001/_next/static/chunks/apps_web_features_chat_realtime_547d524b._.js:592
[   89461ms] [WARNING] [chat-realtime] noop transport: auth/profile user is not ready @ http://localhost:3001/_next/static/chunks/apps_web_features_chat_realtime_547d524b._.js:592
[   89461ms] [WARNING] [chat-realtime] noop transport: auth/profile user is not ready @ http://localhost:3001/_next/static/chunks/apps_web_features_chat_realtime_547d524b._.js:592
[   89462ms] [WARNING] [chat-realtime] noop transport: auth/profile user is not ready @ http://localhost:3001/_next/static/chunks/apps_web_features_chat_realtime_547d524b._.js:592
[   89462ms] [WARNING] [chat-realtime] noop transport: auth/profile user is not ready @ http://localhost:3001/_next/static/chunks/apps_web_features_chat_realtime_547d524b._.js:592
[   89463ms] [WARNING] [chat-realtime] noop transport: auth/profile user is not ready @ http://localhost:3001/_next/static/chunks/apps_web_features_chat_realtime_547d524b._.js:592
[   89464ms] [WARNING] [chat-realtime] noop transport: auth/profile user is not ready @ http://localhost:3001/_next/static/chunks/apps_web_features_chat_realtime_547d524b._.js:592
[   89465ms] [WARNING] [chat-realtime] noop transport: auth/profile user is not ready @ http://localhost:3001/_next/static/chunks/apps_web_features_chat_realtime_547d524b._.js:592
[   89465ms] [WARNING] [chat-realtime] noop transport: auth/profile user is not ready @ http://localhost:3001/_next/static/chunks/apps_web_features_chat_realtime_547d524b._.js:592
[   89466ms] [WARNING] [chat-realtime] noop transport: auth/profile user is not ready @ http://localhost:3001/_next/static/chunks/apps_web_features_chat_realtime_547d524b._.js:592
[   89466ms] [WARNING] [chat-realtime] noop transport: auth/profile user is not ready @ http://localhost:3001/_next/static/chunks/apps_web_features_chat_realtime_547d524b._.js:592
[   89494ms] [LOG] %c[Vercel Web Analytics]%c Debug mode is enabled by default in development. No requests will be sent to the server. color: rgb(120, 120, 120) color: inherit @ https://va.vercel-scripts.com/v1/script.debug.js:0
[   89495ms] [LOG] %c[Vercel Web Analytics]%c Running queued event color: rgb(120, 120, 120) color: inherit pageview {route: /, path: /} @ https://va.vercel-scripts.com/v1/script.debug.js:0
[   89495ms] [LOG] %c[Vercel Web Analytics]%c Running queued event color: rgb(120, 120, 120) color: inherit pageview {route: /, path: /} @ https://va.vercel-scripts.com/v1/script.debug.js:0
[   89495ms] [LOG] %c[Vercel Web Analytics]%c [view] http://localhost:3001/ color: rgb(120, 120, 120) color: inherit {o: http://localhost:3001/, sv: 0.1.3, sdkn: @vercel/analytics/next, sdkv: 1.6.1, ts: 1788458911278} /_vercel/insights/view @ https://va.vercel-scripts.com/v1/script.debug.js:0
[   89495ms] [LOG] %c[Vercel Web Analytics]%c [view] http://localhost:3001/ color: rgb(120, 120, 120) color: inherit {o: http://localhost:3001/, sv: 0.1.3, sdkn: @vercel/analytics/next, sdkv: 1.6.1, ts: 1788458911278} /_vercel/insights/view @ https://va.vercel-scripts.com/v1/script.debug.js:0
[   89495ms] [LOG] %c[Vercel Speed Insights]%c Debug mode is enabled by default in development. No requests will be sent to the server. color: rgb(120, 120, 120) color: inherit @ https://va.vercel-scripts.com/v1/speed-insights/script.debug.js:0
