[     638ms] [INFO] %cDownload the React DevTools for a better development experience: https://react.dev/link/react-devtools font-weight:bold @ webpack-internal:///(app-pages-browser)/../../node_modules/.pnpm/next@15.5.18_babel-plugin-react-compiler@1.0.0_react-dom@18.3.1_react@18.3.1__react@18.3.1/node_modules/next/dist/compiled/react-dom/cjs/react-dom-client.development.js:25630
[    1018ms] [WARNING] [chat-realtime] noop transport: auth/profile user is not ready @ webpack-internal:///(app-pages-browser)/./features/chat/realtime/ChatRealtimeProvider.tsx:47
[    1018ms] [WARNING] [chat-realtime] noop transport: auth/profile user is not ready @ webpack-internal:///(app-pages-browser)/./features/chat/realtime/ChatRealtimeProvider.tsx:47
[    1035ms] [WARNING] [chat-realtime] noop transport: auth/profile user is not ready @ webpack-internal:///(app-pages-browser)/./features/chat/realtime/ChatRealtimeProvider.tsx:47
[    1035ms] [WARNING] [chat-realtime] noop transport: auth/profile user is not ready @ webpack-internal:///(app-pages-browser)/./features/chat/realtime/ChatRealtimeProvider.tsx:47
[    1047ms] [WARNING] [chat-realtime] noop transport: auth/profile user is not ready @ webpack-internal:///(app-pages-browser)/./features/chat/realtime/ChatRealtimeProvider.tsx:47
[    1047ms] [WARNING] [chat-realtime] noop transport: auth/profile user is not ready @ webpack-internal:///(app-pages-browser)/./features/chat/realtime/ChatRealtimeProvider.tsx:47
[    1058ms] [WARNING] [chat-realtime] noop transport: auth/profile user is not ready @ webpack-internal:///(app-pages-browser)/./features/chat/realtime/ChatRealtimeProvider.tsx:47
[    1058ms] [WARNING] [chat-realtime] noop transport: auth/profile user is not ready @ webpack-internal:///(app-pages-browser)/./features/chat/realtime/ChatRealtimeProvider.tsx:47
[    1069ms] [WARNING] [chat-realtime] noop transport: auth/profile user is not ready @ webpack-internal:///(app-pages-browser)/./features/chat/realtime/ChatRealtimeProvider.tsx:47
[    1069ms] [WARNING] [chat-realtime] noop transport: auth/profile user is not ready @ webpack-internal:///(app-pages-browser)/./features/chat/realtime/ChatRealtimeProvider.tsx:47
[    1078ms] [WARNING] [chat-realtime] noop transport: auth/profile user is not ready @ webpack-internal:///(app-pages-browser)/./features/chat/realtime/ChatRealtimeProvider.tsx:47
[    1078ms] [WARNING] [chat-realtime] noop transport: auth/profile user is not ready @ webpack-internal:///(app-pages-browser)/./features/chat/realtime/ChatRealtimeProvider.tsx:47
[    1086ms] [WARNING] [chat-realtime] noop transport: auth/profile user is not ready @ webpack-internal:///(app-pages-browser)/./features/chat/realtime/ChatRealtimeProvider.tsx:47
[    1086ms] [WARNING] [chat-realtime] noop transport: auth/profile user is not ready @ webpack-internal:///(app-pages-browser)/./features/chat/realtime/ChatRealtimeProvider.tsx:47
[    1096ms] [WARNING] [chat-realtime] noop transport: auth/profile user is not ready @ webpack-internal:///(app-pages-browser)/./features/chat/realtime/ChatRealtimeProvider.tsx:47
[    1096ms] [WARNING] [chat-realtime] noop transport: auth/profile user is not ready @ webpack-internal:///(app-pages-browser)/./features/chat/realtime/ChatRealtimeProvider.tsx:47
[    1105ms] [WARNING] [chat-realtime] noop transport: auth/profile user is not ready @ webpack-internal:///(app-pages-browser)/./features/chat/realtime/ChatRealtimeProvider.tsx:47
[    1105ms] [WARNING] [chat-realtime] noop transport: auth/profile user is not ready @ webpack-internal:///(app-pages-browser)/./features/chat/realtime/ChatRealtimeProvider.tsx:47
[    1114ms] [WARNING] Clerk: Clerk has been loaded with development keys. Development instances have strict usage limits and should not be used when deploying your application to production. Learn more: https://clerk.com/docs/deployments/overview @ https://polite-werewolf-55.clerk.accounts.dev/npm/@clerk/clerk-js@6/dist/clerk.browser.js:11
[    1117ms] [WARNING] [chat-realtime] noop transport: auth/profile user is not ready @ webpack-internal:///(app-pages-browser)/./features/chat/realtime/ChatRealtimeProvider.tsx:47
[    1118ms] [WARNING] [chat-realtime] noop transport: auth/profile user is not ready @ webpack-internal:///(app-pages-browser)/./features/chat/realtime/ChatRealtimeProvider.tsx:47
[    1127ms] [WARNING] [chat-realtime] noop transport: auth/profile user is not ready @ webpack-internal:///(app-pages-browser)/./features/chat/realtime/ChatRealtimeProvider.tsx:47
[    1127ms] [WARNING] [chat-realtime] noop transport: auth/profile user is not ready @ webpack-internal:///(app-pages-browser)/./features/chat/realtime/ChatRealtimeProvider.tsx:47
[    1135ms] [WARNING] [chat-realtime] noop transport: auth/profile user is not ready @ webpack-internal:///(app-pages-browser)/./features/chat/realtime/ChatRealtimeProvider.tsx:47
[    1135ms] [WARNING] [chat-realtime] noop transport: auth/profile user is not ready @ webpack-internal:///(app-pages-browser)/./features/chat/realtime/ChatRealtimeProvider.tsx:47
[    1145ms] [WARNING] [chat-realtime] noop transport: auth/profile user is not ready @ webpack-internal:///(app-pages-browser)/./features/chat/realtime/ChatRealtimeProvider.tsx:47
[    1145ms] [WARNING] [chat-realtime] noop transport: auth/profile user is not ready @ webpack-internal:///(app-pages-browser)/./features/chat/realtime/ChatRealtimeProvider.tsx:47
[    1152ms] [WARNING] [chat-realtime] noop transport: auth/profile user is not ready @ webpack-internal:///(app-pages-browser)/./features/chat/realtime/ChatRealtimeProvider.tsx:47
[    1152ms] [WARNING] [chat-realtime] noop transport: auth/profile user is not ready @ webpack-internal:///(app-pages-browser)/./features/chat/realtime/ChatRealtimeProvider.tsx:47
[    1154ms] [WARNING] [chat-realtime] noop transport: auth/profile user is not ready @ webpack-internal:///(app-pages-browser)/./features/chat/realtime/ChatRealtimeProvider.tsx:47
[    1154ms] [WARNING] [chat-realtime] noop transport: auth/profile user is not ready @ webpack-internal:///(app-pages-browser)/./features/chat/realtime/ChatRealtimeProvider.tsx:47
[    1157ms] [WARNING] [chat-realtime] noop transport: auth/profile user is not ready @ webpack-internal:///(app-pages-browser)/./features/chat/realtime/ChatRealtimeProvider.tsx:47
[    1157ms] [WARNING] [chat-realtime] noop transport: auth/profile user is not ready @ webpack-internal:///(app-pages-browser)/./features/chat/realtime/ChatRealtimeProvider.tsx:47
[    1159ms] [WARNING] [chat-realtime] noop transport: auth/profile user is not ready @ webpack-internal:///(app-pages-browser)/./features/chat/realtime/ChatRealtimeProvider.tsx:47
[    1159ms] [WARNING] [chat-realtime] noop transport: auth/profile user is not ready @ webpack-internal:///(app-pages-browser)/./features/chat/realtime/ChatRealtimeProvider.tsx:47
[    1161ms] [WARNING] [chat-realtime] noop transport: auth/profile user is not ready @ webpack-internal:///(app-pages-browser)/./features/chat/realtime/ChatRealtimeProvider.tsx:47
[    1161ms] [WARNING] [chat-realtime] noop transport: auth/profile user is not ready @ webpack-internal:///(app-pages-browser)/./features/chat/realtime/ChatRealtimeProvider.tsx:47
[    1163ms] [WARNING] [chat-realtime] noop transport: auth/profile user is not ready @ webpack-internal:///(app-pages-browser)/./features/chat/realtime/ChatRealtimeProvider.tsx:47
[    1163ms] [WARNING] [chat-realtime] noop transport: auth/profile user is not ready @ webpack-internal:///(app-pages-browser)/./features/chat/realtime/ChatRealtimeProvider.tsx:47
[    1165ms] [WARNING] [chat-realtime] noop transport: auth/profile user is not ready @ webpack-internal:///(app-pages-browser)/./features/chat/realtime/ChatRealtimeProvider.tsx:47
[    1165ms] [WARNING] [chat-realtime] noop transport: auth/profile user is not ready @ webpack-internal:///(app-pages-browser)/./features/chat/realtime/ChatRealtimeProvider.tsx:47
[    1167ms] [WARNING] [chat-realtime] noop transport: auth/profile user is not ready @ webpack-internal:///(app-pages-browser)/./features/chat/realtime/ChatRealtimeProvider.tsx:47
[    1167ms] [WARNING] [chat-realtime] noop transport: auth/profile user is not ready @ webpack-internal:///(app-pages-browser)/./features/chat/realtime/ChatRealtimeProvider.tsx:47
[    1170ms] [WARNING] [chat-realtime] noop transport: auth/profile user is not ready @ webpack-internal:///(app-pages-browser)/./features/chat/realtime/ChatRealtimeProvider.tsx:47
[    1170ms] [WARNING] [chat-realtime] noop transport: auth/profile user is not ready @ webpack-internal:///(app-pages-browser)/./features/chat/realtime/ChatRealtimeProvider.tsx:47
[    1172ms] [WARNING] [chat-realtime] noop transport: auth/profile user is not ready @ webpack-internal:///(app-pages-browser)/./features/chat/realtime/ChatRealtimeProvider.tsx:47
[    1172ms] [WARNING] [chat-realtime] noop transport: auth/profile user is not ready @ webpack-internal:///(app-pages-browser)/./features/chat/realtime/ChatRealtimeProvider.tsx:47
[    1173ms] [WARNING] [chat-realtime] noop transport: auth/profile user is not ready @ webpack-internal:///(app-pages-browser)/./features/chat/realtime/ChatRealtimeProvider.tsx:47
[    1173ms] [WARNING] [chat-realtime] noop transport: auth/profile user is not ready @ webpack-internal:///(app-pages-browser)/./features/chat/realtime/ChatRealtimeProvider.tsx:47
[    1177ms] [WARNING] [chat-realtime] noop transport: auth/profile user is not ready @ webpack-internal:///(app-pages-browser)/./features/chat/realtime/ChatRealtimeProvider.tsx:47
[    1177ms] [WARNING] [chat-realtime] noop transport: auth/profile user is not ready @ webpack-internal:///(app-pages-browser)/./features/chat/realtime/ChatRealtimeProvider.tsx:47
[    1179ms] [WARNING] [chat-realtime] noop transport: auth/profile user is not ready @ webpack-internal:///(app-pages-browser)/./features/chat/realtime/ChatRealtimeProvider.tsx:47
[    1179ms] [WARNING] [chat-realtime] noop transport: auth/profile user is not ready @ webpack-internal:///(app-pages-browser)/./features/chat/realtime/ChatRealtimeProvider.tsx:47
[    1181ms] [WARNING] [chat-realtime] noop transport: auth/profile user is not ready @ webpack-internal:///(app-pages-browser)/./features/chat/realtime/ChatRealtimeProvider.tsx:47
[    1181ms] [WARNING] [chat-realtime] noop transport: auth/profile user is not ready @ webpack-internal:///(app-pages-browser)/./features/chat/realtime/ChatRealtimeProvider.tsx:47
[    1183ms] [WARNING] [chat-realtime] noop transport: auth/profile user is not ready @ webpack-internal:///(app-pages-browser)/./features/chat/realtime/ChatRealtimeProvider.tsx:47
[    1183ms] [WARNING] [chat-realtime] noop transport: auth/profile user is not ready @ webpack-internal:///(app-pages-browser)/./features/chat/realtime/ChatRealtimeProvider.tsx:47
[    1185ms] [WARNING] [chat-realtime] noop transport: auth/profile user is not ready @ webpack-internal:///(app-pages-browser)/./features/chat/realtime/ChatRealtimeProvider.tsx:47
[    1185ms] [WARNING] [chat-realtime] noop transport: auth/profile user is not ready @ webpack-internal:///(app-pages-browser)/./features/chat/realtime/ChatRealtimeProvider.tsx:47
[    1187ms] [WARNING] [chat-realtime] noop transport: auth/profile user is not ready @ webpack-internal:///(app-pages-browser)/./features/chat/realtime/ChatRealtimeProvider.tsx:47
[    1187ms] [WARNING] [chat-realtime] noop transport: auth/profile user is not ready @ webpack-internal:///(app-pages-browser)/./features/chat/realtime/ChatRealtimeProvider.tsx:47
[    1189ms] [WARNING] [chat-realtime] noop transport: auth/profile user is not ready @ webpack-internal:///(app-pages-browser)/./features/chat/realtime/ChatRealtimeProvider.tsx:47
[    1189ms] [WARNING] [chat-realtime] noop transport: auth/profile user is not ready @ webpack-internal:///(app-pages-browser)/./features/chat/realtime/ChatRealtimeProvider.tsx:47
[    1191ms] [WARNING] [chat-realtime] noop transport: auth/profile user is not ready @ webpack-internal:///(app-pages-browser)/./features/chat/realtime/ChatRealtimeProvider.tsx:47
[    1191ms] [WARNING] [chat-realtime] noop transport: auth/profile user is not ready @ webpack-internal:///(app-pages-browser)/./features/chat/realtime/ChatRealtimeProvider.tsx:47
[    1193ms] [WARNING] [chat-realtime] noop transport: auth/profile user is not ready @ webpack-internal:///(app-pages-browser)/./features/chat/realtime/ChatRealtimeProvider.tsx:47
[    1193ms] [WARNING] [chat-realtime] noop transport: auth/profile user is not ready @ webpack-internal:///(app-pages-browser)/./features/chat/realtime/ChatRealtimeProvider.tsx:47
[    1195ms] [WARNING] [chat-realtime] noop transport: auth/profile user is not ready @ webpack-internal:///(app-pages-browser)/./features/chat/realtime/ChatRealtimeProvider.tsx:47
[    1195ms] [WARNING] [chat-realtime] noop transport: auth/profile user is not ready @ webpack-internal:///(app-pages-browser)/./features/chat/realtime/ChatRealtimeProvider.tsx:47
[    1196ms] [WARNING] [chat-realtime] noop transport: auth/profile user is not ready @ webpack-internal:///(app-pages-browser)/./features/chat/realtime/ChatRealtimeProvider.tsx:47
[    1196ms] [WARNING] [chat-realtime] noop transport: auth/profile user is not ready @ webpack-internal:///(app-pages-browser)/./features/chat/realtime/ChatRealtimeProvider.tsx:47
[    1198ms] [WARNING] [chat-realtime] noop transport: auth/profile user is not ready @ webpack-internal:///(app-pages-browser)/./features/chat/realtime/ChatRealtimeProvider.tsx:47
[    1198ms] [WARNING] [chat-realtime] noop transport: auth/profile user is not ready @ webpack-internal:///(app-pages-browser)/./features/chat/realtime/ChatRealtimeProvider.tsx:47
[    1200ms] [WARNING] [chat-realtime] noop transport: auth/profile user is not ready @ webpack-internal:///(app-pages-browser)/./features/chat/realtime/ChatRealtimeProvider.tsx:47
[    1200ms] [WARNING] [chat-realtime] noop transport: auth/profile user is not ready @ webpack-internal:///(app-pages-browser)/./features/chat/realtime/ChatRealtimeProvider.tsx:47
[    1202ms] [WARNING] [chat-realtime] noop transport: auth/profile user is not ready @ webpack-internal:///(app-pages-browser)/./features/chat/realtime/ChatRealtimeProvider.tsx:47
[    1202ms] [WARNING] [chat-realtime] noop transport: auth/profile user is not ready @ webpack-internal:///(app-pages-browser)/./features/chat/realtime/ChatRealtimeProvider.tsx:47
[    1204ms] [WARNING] [chat-realtime] noop transport: auth/profile user is not ready @ webpack-internal:///(app-pages-browser)/./features/chat/realtime/ChatRealtimeProvider.tsx:47
[    1204ms] [WARNING] [chat-realtime] noop transport: auth/profile user is not ready @ webpack-internal:///(app-pages-browser)/./features/chat/realtime/ChatRealtimeProvider.tsx:47
[    1206ms] [WARNING] [chat-realtime] noop transport: auth/profile user is not ready @ webpack-internal:///(app-pages-browser)/./features/chat/realtime/ChatRealtimeProvider.tsx:47
[    1206ms] [WARNING] [chat-realtime] noop transport: auth/profile user is not ready @ webpack-internal:///(app-pages-browser)/./features/chat/realtime/ChatRealtimeProvider.tsx:47
[    1208ms] [WARNING] [chat-realtime] noop transport: auth/profile user is not ready @ webpack-internal:///(app-pages-browser)/./features/chat/realtime/ChatRealtimeProvider.tsx:47
[    1208ms] [WARNING] [chat-realtime] noop transport: auth/profile user is not ready @ webpack-internal:///(app-pages-browser)/./features/chat/realtime/ChatRealtimeProvider.tsx:47
[    1210ms] [WARNING] [chat-realtime] noop transport: auth/profile user is not ready @ webpack-internal:///(app-pages-browser)/./features/chat/realtime/ChatRealtimeProvider.tsx:47
[    1210ms] [WARNING] [chat-realtime] noop transport: auth/profile user is not ready @ webpack-internal:///(app-pages-browser)/./features/chat/realtime/ChatRealtimeProvider.tsx:47
[    1212ms] [WARNING] [chat-realtime] noop transport: auth/profile user is not ready @ webpack-internal:///(app-pages-browser)/./features/chat/realtime/ChatRealtimeProvider.tsx:47
[    1212ms] [WARNING] [chat-realtime] noop transport: auth/profile user is not ready @ webpack-internal:///(app-pages-browser)/./features/chat/realtime/ChatRealtimeProvider.tsx:47
[    1214ms] [WARNING] [chat-realtime] noop transport: auth/profile user is not ready @ webpack-internal:///(app-pages-browser)/./features/chat/realtime/ChatRealtimeProvider.tsx:47
[    1214ms] [WARNING] [chat-realtime] noop transport: auth/profile user is not ready @ webpack-internal:///(app-pages-browser)/./features/chat/realtime/ChatRealtimeProvider.tsx:47
[    1217ms] [WARNING] [chat-realtime] noop transport: auth/profile user is not ready @ webpack-internal:///(app-pages-browser)/./features/chat/realtime/ChatRealtimeProvider.tsx:47
[    1217ms] [WARNING] [chat-realtime] noop transport: auth/profile user is not ready @ webpack-internal:///(app-pages-browser)/./features/chat/realtime/ChatRealtimeProvider.tsx:47
[    1218ms] [WARNING] [chat-realtime] noop transport: auth/profile user is not ready @ webpack-internal:///(app-pages-browser)/./features/chat/realtime/ChatRealtimeProvider.tsx:47
[    1218ms] [WARNING] [chat-realtime] noop transport: auth/profile user is not ready @ webpack-internal:///(app-pages-browser)/./features/chat/realtime/ChatRealtimeProvider.tsx:47
[    1334ms] [WARNING] [chat-realtime] noop transport: auth/profile user is not ready @ webpack-internal:///(app-pages-browser)/./features/chat/realtime/ChatRealtimeProvider.tsx:47
[    1334ms] [WARNING] [chat-realtime] noop transport: auth/profile user is not ready @ webpack-internal:///(app-pages-browser)/./features/chat/realtime/ChatRealtimeProvider.tsx:47
[    1336ms] [WARNING] [chat-realtime] noop transport: auth/profile user is not ready @ webpack-internal:///(app-pages-browser)/./features/chat/realtime/ChatRealtimeProvider.tsx:47
[    1336ms] [WARNING] [chat-realtime] noop transport: auth/profile user is not ready @ webpack-internal:///(app-pages-browser)/./features/chat/realtime/ChatRealtimeProvider.tsx:47
[    1611ms] [WARNING] [chat-realtime] noop transport: auth/profile user is not ready @ webpack-internal:///(app-pages-browser)/./features/chat/realtime/ChatRealtimeProvider.tsx:47
[    1611ms] [WARNING] [chat-realtime] noop transport: auth/profile user is not ready @ webpack-internal:///(app-pages-browser)/./features/chat/realtime/ChatRealtimeProvider.tsx:47
[    1619ms] [WARNING] [chat-realtime] noop transport: auth/profile user is not ready @ webpack-internal:///(app-pages-browser)/./features/chat/realtime/ChatRealtimeProvider.tsx:47
[    1619ms] [WARNING] [chat-realtime] noop transport: auth/profile user is not ready @ webpack-internal:///(app-pages-browser)/./features/chat/realtime/ChatRealtimeProvider.tsx:47
[    1627ms] [WARNING] [chat-realtime] noop transport: auth/profile user is not ready @ webpack-internal:///(app-pages-browser)/./features/chat/realtime/ChatRealtimeProvider.tsx:47
[    1627ms] [WARNING] [chat-realtime] noop transport: auth/profile user is not ready @ webpack-internal:///(app-pages-browser)/./features/chat/realtime/ChatRealtimeProvider.tsx:47
[    1977ms] [LOG] %c[Vercel Speed Insights]%c Debug mode is enabled by default in development. No requests will be sent to the server. color: rgb(120, 120, 120) color: inherit @ https://va.vercel-scripts.com/v1/speed-insights/script.debug.js:0
[    1978ms] [LOG] %c[Vercel Web Analytics]%c Debug mode is enabled by default in development. No requests will be sent to the server. color: rgb(120, 120, 120) color: inherit @ https://va.vercel-scripts.com/v1/script.debug.js:0
[    1978ms] [LOG] %c[Vercel Web Analytics]%c Running queued event color: rgb(120, 120, 120) color: inherit pageview {route: /actor/[slug], path: /actor/tom-holland} @ https://va.vercel-scripts.com/v1/script.debug.js:0
[    1978ms] [LOG] %c[Vercel Web Analytics]%c Running queued event color: rgb(120, 120, 120) color: inherit pageview {route: /actor/[slug], path: /actor/tom-holland} @ https://va.vercel-scripts.com/v1/script.debug.js:0
[    1978ms] [LOG] %c[Vercel Web Analytics]%c [view] http://localhost:3000/actor/tom-holland color: rgb(120, 120, 120) color: inherit {o: http://localhost:3000/actor/tom-holland, sv: 0.1.3, sdkn: @vercel/analytics/next, sdkv: 1.6.1, ts: 1789350217934} /_vercel/insights/view @ https://va.vercel-scripts.com/v1/script.debug.js:0
[    1978ms] [LOG] %c[Vercel Web Analytics]%c [view] http://localhost:3000/actor/tom-holland color: rgb(120, 120, 120) color: inherit {o: http://localhost:3000/actor/tom-holland, sv: 0.1.3, sdkn: @vercel/analytics/next, sdkv: 1.6.1, ts: 1789350217934} /_vercel/insights/view @ https://va.vercel-scripts.com/v1/script.debug.js:0
