[     712ms] [INFO] %cDownload the React DevTools for a better development experience: https://react.dev/link/react-devtools font-weight:bold @ http://localhost:3000/_next/static/chunks/b4b53_next_dist_compiled_react-dom_118a5282._.js:14537
[     862ms] [WARNING] [chat-realtime] noop transport: auth/profile user is not ready @ http://localhost:3000/_next/static/chunks/apps_web_features_chat_realtime_547d524b._.js:592
[     862ms] [WARNING] [chat-realtime] noop transport: auth/profile user is not ready @ http://localhost:3000/_next/static/chunks/apps_web_features_chat_realtime_547d524b._.js:592
[     963ms] [WARNING] [chat-realtime] noop transport: auth/profile user is not ready @ http://localhost:3000/_next/static/chunks/apps_web_features_chat_realtime_547d524b._.js:592
[     963ms] [WARNING] [chat-realtime] noop transport: auth/profile user is not ready @ http://localhost:3000/_next/static/chunks/apps_web_features_chat_realtime_547d524b._.js:592
[     973ms] [WARNING] [chat-realtime] noop transport: auth/profile user is not ready @ http://localhost:3000/_next/static/chunks/apps_web_features_chat_realtime_547d524b._.js:592
[     973ms] [WARNING] [chat-realtime] noop transport: auth/profile user is not ready @ http://localhost:3000/_next/static/chunks/apps_web_features_chat_realtime_547d524b._.js:592
[     982ms] [WARNING] [chat-realtime] noop transport: auth/profile user is not ready @ http://localhost:3000/_next/static/chunks/apps_web_features_chat_realtime_547d524b._.js:592
[     982ms] [WARNING] [chat-realtime] noop transport: auth/profile user is not ready @ http://localhost:3000/_next/static/chunks/apps_web_features_chat_realtime_547d524b._.js:592
[     992ms] [WARNING] [chat-realtime] noop transport: auth/profile user is not ready @ http://localhost:3000/_next/static/chunks/apps_web_features_chat_realtime_547d524b._.js:592
[     992ms] [WARNING] [chat-realtime] noop transport: auth/profile user is not ready @ http://localhost:3000/_next/static/chunks/apps_web_features_chat_realtime_547d524b._.js:592
[     999ms] [WARNING] [chat-realtime] noop transport: auth/profile user is not ready @ http://localhost:3000/_next/static/chunks/apps_web_features_chat_realtime_547d524b._.js:592
[     999ms] [WARNING] [chat-realtime] noop transport: auth/profile user is not ready @ http://localhost:3000/_next/static/chunks/apps_web_features_chat_realtime_547d524b._.js:592
[    1008ms] [WARNING] [chat-realtime] noop transport: auth/profile user is not ready @ http://localhost:3000/_next/static/chunks/apps_web_features_chat_realtime_547d524b._.js:592
[    1008ms] [WARNING] [chat-realtime] noop transport: auth/profile user is not ready @ http://localhost:3000/_next/static/chunks/apps_web_features_chat_realtime_547d524b._.js:592
[    1026ms] [WARNING] [chat-realtime] noop transport: auth/profile user is not ready @ http://localhost:3000/_next/static/chunks/apps_web_features_chat_realtime_547d524b._.js:592
[    1027ms] [WARNING] [chat-realtime] noop transport: auth/profile user is not ready @ http://localhost:3000/_next/static/chunks/apps_web_features_chat_realtime_547d524b._.js:592
[    1034ms] [WARNING] [chat-realtime] noop transport: auth/profile user is not ready @ http://localhost:3000/_next/static/chunks/apps_web_features_chat_realtime_547d524b._.js:592
[    1034ms] [WARNING] [chat-realtime] noop transport: auth/profile user is not ready @ http://localhost:3000/_next/static/chunks/apps_web_features_chat_realtime_547d524b._.js:592
[    1042ms] [WARNING] [chat-realtime] noop transport: auth/profile user is not ready @ http://localhost:3000/_next/static/chunks/apps_web_features_chat_realtime_547d524b._.js:592
[    1042ms] [WARNING] [chat-realtime] noop transport: auth/profile user is not ready @ http://localhost:3000/_next/static/chunks/apps_web_features_chat_realtime_547d524b._.js:592
[    1049ms] [WARNING] [chat-realtime] noop transport: auth/profile user is not ready @ http://localhost:3000/_next/static/chunks/apps_web_features_chat_realtime_547d524b._.js:592
[    1049ms] [WARNING] [chat-realtime] noop transport: auth/profile user is not ready @ http://localhost:3000/_next/static/chunks/apps_web_features_chat_realtime_547d524b._.js:592
[    1056ms] [WARNING] [chat-realtime] noop transport: auth/profile user is not ready @ http://localhost:3000/_next/static/chunks/apps_web_features_chat_realtime_547d524b._.js:592
[    1057ms] [WARNING] [chat-realtime] noop transport: auth/profile user is not ready @ http://localhost:3000/_next/static/chunks/apps_web_features_chat_realtime_547d524b._.js:592
[    1063ms] [WARNING] [chat-realtime] noop transport: auth/profile user is not ready @ http://localhost:3000/_next/static/chunks/apps_web_features_chat_realtime_547d524b._.js:592
[    1063ms] [WARNING] [chat-realtime] noop transport: auth/profile user is not ready @ http://localhost:3000/_next/static/chunks/apps_web_features_chat_realtime_547d524b._.js:592
[    1070ms] [LOG] [Fast Refresh] rebuilding @ http://localhost:3000/_next/static/chunks/b4b53_next_dist_client_03dc7489._.js:5956
[    1070ms] [WARNING] [chat-realtime] noop transport: auth/profile user is not ready @ http://localhost:3000/_next/static/chunks/apps_web_features_chat_realtime_547d524b._.js:592
[    1070ms] [WARNING] [chat-realtime] noop transport: auth/profile user is not ready @ http://localhost:3000/_next/static/chunks/apps_web_features_chat_realtime_547d524b._.js:592
[    1077ms] [WARNING] [chat-realtime] noop transport: auth/profile user is not ready @ http://localhost:3000/_next/static/chunks/apps_web_features_chat_realtime_547d524b._.js:592
[    1077ms] [WARNING] [chat-realtime] noop transport: auth/profile user is not ready @ http://localhost:3000/_next/static/chunks/apps_web_features_chat_realtime_547d524b._.js:592
[    1085ms] [WARNING] [chat-realtime] noop transport: auth/profile user is not ready @ http://localhost:3000/_next/static/chunks/apps_web_features_chat_realtime_547d524b._.js:592
[    1086ms] [WARNING] [chat-realtime] noop transport: auth/profile user is not ready @ http://localhost:3000/_next/static/chunks/apps_web_features_chat_realtime_547d524b._.js:592
[    1092ms] [WARNING] [chat-realtime] noop transport: auth/profile user is not ready @ http://localhost:3000/_next/static/chunks/apps_web_features_chat_realtime_547d524b._.js:592
[    1092ms] [WARNING] [chat-realtime] noop transport: auth/profile user is not ready @ http://localhost:3000/_next/static/chunks/apps_web_features_chat_realtime_547d524b._.js:592
[    1099ms] [WARNING] [chat-realtime] noop transport: auth/profile user is not ready @ http://localhost:3000/_next/static/chunks/apps_web_features_chat_realtime_547d524b._.js:592
[    1099ms] [WARNING] [chat-realtime] noop transport: auth/profile user is not ready @ http://localhost:3000/_next/static/chunks/apps_web_features_chat_realtime_547d524b._.js:592
[    1108ms] [WARNING] [chat-realtime] noop transport: auth/profile user is not ready @ http://localhost:3000/_next/static/chunks/apps_web_features_chat_realtime_547d524b._.js:592
[    1108ms] [WARNING] [chat-realtime] noop transport: auth/profile user is not ready @ http://localhost:3000/_next/static/chunks/apps_web_features_chat_realtime_547d524b._.js:592
[    1115ms] [WARNING] [chat-realtime] noop transport: auth/profile user is not ready @ http://localhost:3000/_next/static/chunks/apps_web_features_chat_realtime_547d524b._.js:592
[    1115ms] [WARNING] [chat-realtime] noop transport: auth/profile user is not ready @ http://localhost:3000/_next/static/chunks/apps_web_features_chat_realtime_547d524b._.js:592
[    1122ms] [WARNING] [chat-realtime] noop transport: auth/profile user is not ready @ http://localhost:3000/_next/static/chunks/apps_web_features_chat_realtime_547d524b._.js:592
[    1122ms] [WARNING] [chat-realtime] noop transport: auth/profile user is not ready @ http://localhost:3000/_next/static/chunks/apps_web_features_chat_realtime_547d524b._.js:592
[    1130ms] [WARNING] [chat-realtime] noop transport: auth/profile user is not ready @ http://localhost:3000/_next/static/chunks/apps_web_features_chat_realtime_547d524b._.js:592
[    1130ms] [WARNING] [chat-realtime] noop transport: auth/profile user is not ready @ http://localhost:3000/_next/static/chunks/apps_web_features_chat_realtime_547d524b._.js:592
[    1370ms] [WARNING] Clerk: Clerk has been loaded with development keys. Development instances have strict usage limits and should not be used when deploying your application to production. Learn more: https://clerk.com/docs/deployments/overview @ https://polite-werewolf-55.clerk.accounts.dev/npm/@clerk/clerk-js@6/dist/clerk.browser.js:11
[    1486ms] [LOG] %c[Vercel Web Analytics]%c Debug mode is enabled by default in development. No requests will be sent to the server. color: rgb(120, 120, 120) color: inherit @ https://va.vercel-scripts.com/v1/script.debug.js:0
[    1486ms] [LOG] %c[Vercel Web Analytics]%c Running queued event color: rgb(120, 120, 120) color: inherit pageview {route: /, path: /} @ https://va.vercel-scripts.com/v1/script.debug.js:0
[    1487ms] [LOG] %c[Vercel Web Analytics]%c Running queued event color: rgb(120, 120, 120) color: inherit pageview {route: /, path: /} @ https://va.vercel-scripts.com/v1/script.debug.js:0
[    1487ms] [LOG] %c[Vercel Web Analytics]%c [view] http://localhost:3000/ color: rgb(120, 120, 120) color: inherit {o: http://localhost:3000/, sv: 0.1.3, sdkn: @vercel/analytics/next, sdkv: 1.6.1, ts: 1785108430877} /_vercel/insights/view @ https://va.vercel-scripts.com/v1/script.debug.js:0
[    1487ms] [LOG] %c[Vercel Web Analytics]%c [view] http://localhost:3000/ color: rgb(120, 120, 120) color: inherit {o: http://localhost:3000/, sv: 0.1.3, sdkn: @vercel/analytics/next, sdkv: 1.6.1, ts: 1785108430877} /_vercel/insights/view @ https://va.vercel-scripts.com/v1/script.debug.js:0
[    1488ms] [LOG] %c[Vercel Speed Insights]%c Debug mode is enabled by default in development. No requests will be sent to the server. color: rgb(120, 120, 120) color: inherit @ https://va.vercel-scripts.com/v1/speed-insights/script.debug.js:0
[    2097ms] [LOG] [Fast Refresh] done in 1129ms @ http://localhost:3000/_next/static/chunks/b4b53_next_dist_client_03dc7489._.js:5816
[    2198ms] [LOG] [Fast Refresh] rebuilding @ http://localhost:3000/_next/static/chunks/b4b53_next_dist_client_03dc7489._.js:5956
[    2284ms] [LOG] [Fast Refresh] done in 186ms @ http://localhost:3000/_next/static/chunks/b4b53_next_dist_client_03dc7489._.js:5816
[   39042ms] [LOG] [Fast Refresh] rebuilding @ http://localhost:3000/_next/static/chunks/b4b53_next_dist_client_03dc7489._.js:5956
[   39780ms] [LOG] [Fast Refresh] done in 840ms @ http://localhost:3000/_next/static/chunks/b4b53_next_dist_client_03dc7489._.js:5816
[   39882ms] [LOG] [Fast Refresh] rebuilding @ http://localhost:3000/_next/static/chunks/b4b53_next_dist_client_03dc7489._.js:5956
[   39968ms] [LOG] [Fast Refresh] done in 186ms @ http://localhost:3000/_next/static/chunks/b4b53_next_dist_client_03dc7489._.js:5816
[   83537ms] [LOG] [Fast Refresh] rebuilding @ http://localhost:3000/_next/static/chunks/b4b53_next_dist_client_03dc7489._.js:5956
[   84291ms] [LOG] [Fast Refresh] done in 856ms @ http://localhost:3000/_next/static/chunks/b4b53_next_dist_client_03dc7489._.js:5816
[   84393ms] [LOG] [Fast Refresh] rebuilding @ http://localhost:3000/_next/static/chunks/b4b53_next_dist_client_03dc7489._.js:5956
[   84507ms] [LOG] [Fast Refresh] done in 215ms @ http://localhost:3000/_next/static/chunks/b4b53_next_dist_client_03dc7489._.js:5816
[   84773ms] [LOG] [Fast Refresh] rebuilding @ http://localhost:3000/_next/static/chunks/b4b53_next_dist_client_03dc7489._.js:5956
[   85386ms] [LOG] [Fast Refresh] done in 714ms @ http://localhost:3000/_next/static/chunks/b4b53_next_dist_client_03dc7489._.js:5816
[   85487ms] [LOG] [Fast Refresh] rebuilding @ http://localhost:3000/_next/static/chunks/b4b53_next_dist_client_03dc7489._.js:5956
[   85587ms] [LOG] [Fast Refresh] done in 201ms @ http://localhost:3000/_next/static/chunks/b4b53_next_dist_client_03dc7489._.js:5816
[   89458ms] [LOG] [Fast Refresh] rebuilding @ http://localhost:3000/_next/static/chunks/b4b53_next_dist_client_03dc7489._.js:5956
[   90124ms] [LOG] [Fast Refresh] done in 768ms @ http://localhost:3000/_next/static/chunks/b4b53_next_dist_client_03dc7489._.js:5816
[   90226ms] [LOG] [Fast Refresh] rebuilding @ http://localhost:3000/_next/static/chunks/b4b53_next_dist_client_03dc7489._.js:5956
[   90315ms] [LOG] [Fast Refresh] done in 190ms @ http://localhost:3000/_next/static/chunks/b4b53_next_dist_client_03dc7489._.js:5816
[   91254ms] [LOG] [Fast Refresh] rebuilding @ http://localhost:3000/_next/static/chunks/b4b53_next_dist_client_03dc7489._.js:5956
[   91855ms] [LOG] [Fast Refresh] done in 703ms @ http://localhost:3000/_next/static/chunks/b4b53_next_dist_client_03dc7489._.js:5816
[   91956ms] [LOG] [Fast Refresh] rebuilding @ http://localhost:3000/_next/static/chunks/b4b53_next_dist_client_03dc7489._.js:5956
[   92063ms] [LOG] [Fast Refresh] done in 207ms @ http://localhost:3000/_next/static/chunks/b4b53_next_dist_client_03dc7489._.js:5816
[   93758ms] [LOG] [Fast Refresh] rebuilding @ http://localhost:3000/_next/static/chunks/b4b53_next_dist_client_03dc7489._.js:5956
[   93950ms] [LOG] [Fast Refresh] done in 293ms @ http://localhost:3000/_next/static/chunks/b4b53_next_dist_client_03dc7489._.js:5816
[  155389ms] [LOG] [Fast Refresh] rebuilding @ http://localhost:3000/_next/static/chunks/b4b53_next_dist_client_03dc7489._.js:5956
[  155575ms] [LOG] [Fast Refresh] done in 282ms @ http://localhost:3000/_next/static/chunks/b4b53_next_dist_client_03dc7489._.js:5816
